[2026-08-29T08:27:31.338+0000] {local_task_job_runner.py:120} INFO - ::group::Pre task execution logs
[2026-08-29T08:27:31.394+0000] {taskinstance.py:2076} INFO - Dependencies all met for dep_context=non-requeueable deps ti=<TaskInstance: lakehouse_pipeline.silver_purchases manual__2026-08-29T08:18:38.734104+00:00 [queued]>
[2026-08-29T08:27:31.411+0000] {taskinstance.py:2076} INFO - Dependencies all met for dep_context=requeueable deps ti=<TaskInstance: lakehouse_pipeline.silver_purchases manual__2026-08-29T08:18:38.734104+00:00 [queued]>
[2026-08-29T08:27:31.414+0000] {taskinstance.py:2306} INFO - Starting attempt 1 of 3
[2026-08-29T08:27:31.438+0000] {taskinstance.py:2330} INFO - Executing <Task(SparkSubmitOperator): silver_purchases> on 2026-08-29 08:18:38.734104+00:00
[2026-08-29T08:27:31.447+0000] {standard_task_runner.py:64} INFO - Started process 5742 to run task
[2026-08-29T08:27:31.453+0000] {standard_task_runner.py:90} INFO - Running: ['airflow', 'tasks', 'run', 'lakehouse_pipeline', 'silver_purchases', 'manual__2026-08-29T08:18:38.734104+00:00', '--job-id', '29', '--raw', '--subdir', 'DAGS_FOLDER/lakehouse_pipeline.py', '--cfg-path', '/tmp/tmprcetem_j']
[2026-08-29T08:27:31.457+0000] {standard_task_runner.py:91} INFO - Job 29: Subtask silver_purchases
[2026-08-29T08:27:31.589+0000] {task_command.py:426} INFO - Running <TaskInstance: lakehouse_pipeline.silver_purchases manual__2026-08-29T08:18:38.734104+00:00 [running]> on host c6b777e57b46
[2026-08-29T08:27:31.761+0000] {taskinstance.py:2648} INFO - Exporting env vars: AIRFLOW_CTX_DAG_OWNER='data_team' AIRFLOW_CTX_DAG_ID='lakehouse_pipeline' AIRFLOW_CTX_TASK_ID='silver_purchases' AIRFLOW_CTX_EXECUTION_DATE='2026-08-29T08:18:38.734104+00:00' AIRFLOW_CTX_TRY_NUMBER='1' AIRFLOW_CTX_DAG_RUN_ID='manual__2026-08-29T08:18:38.734104+00:00'
[2026-08-29T08:27:31.762+0000] {taskinstance.py:430} INFO - ::endgroup::
[2026-08-29T08:27:31.811+0000] {base.py:84} INFO - Using connection ID 'spark_default' for task execution.
[2026-08-29T08:27:31.815+0000] {spark_submit.py:401} INFO - Spark-Submit cmd: spark-submit --master spark://spark-master:7077 --conf spark.cores.max=1 --conf spark.executor.memory=1g --conf spark.driver.host=airflow-scheduler --conf spark.driver.bindAddress=0.0.0.0 --py-files /opt/spark/utils/job_control.py,/opt/spark/utils/validation.py --name arrow-spark --deploy-mode client /opt/spark/jobs/transform_silver.py --table purchases
[2026-08-29T08:27:31.848+0000] {spark_submit.py:571} INFO - /opt/spark/bin/load-spark-env.sh: line 68: ps: command not found
[2026-08-29T08:27:40.254+0000] {spark_submit.py:571} INFO - --- BẮT ĐẦU TRANSFORM SILVER ---
[2026-08-29T08:27:40.257+0000] {spark_submit.py:571} INFO - 
[2026-08-29T08:27:40.259+0000] {spark_submit.py:571} INFO - ========== SILVER: purchases ==========
[2026-08-29T08:28:04.484+0000] {spark_submit.py:571} INFO - 26/08/29 08:28:04 WARN SparkStringUtils: Truncated the string representation of a plan since it was too large. This behavior can be adjusted by setting 'spark.sql.debug.maxToStringFields'.
[2026-08-29T08:28:21.056+0000] {spark_submit.py:571} INFO - [Silver] purchases: FIRST RUN
[2026-08-29T08:28:21.057+0000] {spark_submit.py:571} INFO - [Watermark] Previous: None
[2026-08-29T08:28:37.926+0000] {spark_submit.py:571} INFO - [VALIDATION] silver_purchases: 1737 -> 1737 rows (0.00% loss)
[2026-08-29T08:28:41.800+0000] {spark_submit.py:571} INFO - [VALIDATION] silver_purchases.amount_positive: 0 vi phạm (0.00%)
[2026-08-29T08:28:45.052+0000] {spark_submit.py:571} INFO - [VALIDATION] silver_purchases.quantity_positive: 0 vi phạm (0.00%)
[2026-08-29T08:28:51.276+0000] {spark_submit.py:571} INFO - 26/08/29 08:28:51 WARN HiveExternalCatalog: Couldn't find corresponding Hive SerDe for data source provider delta. Persisting data source table `spark_catalog`.`silver`.`silver_purchases` into Hive metastore in Spark SQL specific format, which is NOT compatible with Hive.
[2026-08-29T08:28:51.604+0000] {spark_submit.py:571} INFO - [Silver] Created silver.silver_purchases
[2026-08-29T08:28:53.395+0000] {spark_submit.py:571} INFO - [Watermark] New: 2026-08-29 08:26:35.152516
[2026-08-29T08:28:56.036+0000] {spark_submit.py:571} INFO - [JOB_CONTROL] Insert log success
[2026-08-29T08:28:57.933+0000] {spark_submit.py:571} INFO - [Silver] purchases: 1737 rows -> silver.silver_purchases
[2026-08-29T08:28:59.082+0000] {taskinstance.py:441} INFO - ::group::Post task execution logs
[2026-08-29T08:28:59.111+0000] {taskinstance.py:1206} INFO - Marking task as SUCCESS. dag_id=lakehouse_pipeline, task_id=silver_purchases, run_id=manual__2026-08-29T08:18:38.734104+00:00, execution_date=20260829T081838, start_date=20260829T082731, end_date=20260829T082859
[2026-08-29T08:28:59.185+0000] {local_task_job_runner.py:243} INFO - Task exited with return code 0
[2026-08-29T08:28:59.218+0000] {taskinstance.py:3503} INFO - 0 downstream tasks scheduled from follow-on schedule check
[2026-08-29T08:28:59.225+0000] {local_task_job_runner.py:222} INFO - ::endgroup::
