[2026-08-28T16:24:09.117+0000] {local_task_job_runner.py:120} INFO - ::group::Pre task execution logs
[2026-08-28T16:24:09.280+0000] {taskinstance.py:2076} INFO - Dependencies all met for dep_context=non-requeueable deps ti=<TaskInstance: lakehouse_pipeline.bronze_interactions manual__2026-08-28T16:23:06.152795+00:00 [queued]>
[2026-08-28T16:24:09.303+0000] {taskinstance.py:2076} INFO - Dependencies all met for dep_context=requeueable deps ti=<TaskInstance: lakehouse_pipeline.bronze_interactions manual__2026-08-28T16:23:06.152795+00:00 [queued]>
[2026-08-28T16:24:09.304+0000] {taskinstance.py:2306} INFO - Starting attempt 1 of 3
[2026-08-28T16:24:09.334+0000] {taskinstance.py:2330} INFO - Executing <Task(SparkSubmitOperator): bronze_interactions> on 2026-08-28 16:23:06.152795+00:00
[2026-08-28T16:24:09.349+0000] {standard_task_runner.py:64} INFO - Started process 894 to run task
[2026-08-28T16:24:09.355+0000] {standard_task_runner.py:90} INFO - Running: ['airflow', 'tasks', 'run', 'lakehouse_pipeline', 'bronze_interactions', 'manual__2026-08-28T16:23:06.152795+00:00', '--job-id', '69', '--raw', '--subdir', 'DAGS_FOLDER/lakehouse_pipeline.py', '--cfg-path', '/tmp/tmpj5ay_oeg']
[2026-08-28T16:24:09.360+0000] {standard_task_runner.py:91} INFO - Job 69: Subtask bronze_interactions
[2026-08-28T16:24:09.496+0000] {task_command.py:426} INFO - Running <TaskInstance: lakehouse_pipeline.bronze_interactions manual__2026-08-28T16:23:06.152795+00:00 [running]> on host 4bc193de6f25
[2026-08-28T16:24:09.940+0000] {taskinstance.py:2648} INFO - Exporting env vars: AIRFLOW_CTX_DAG_OWNER='data_team' AIRFLOW_CTX_DAG_ID='lakehouse_pipeline' AIRFLOW_CTX_TASK_ID='bronze_interactions' AIRFLOW_CTX_EXECUTION_DATE='2026-08-28T16:23:06.152795+00:00' AIRFLOW_CTX_TRY_NUMBER='1' AIRFLOW_CTX_DAG_RUN_ID='manual__2026-08-28T16:23:06.152795+00:00'
[2026-08-28T16:24:09.943+0000] {taskinstance.py:430} INFO - ::endgroup::
[2026-08-28T16:24:10.052+0000] {base.py:84} INFO - Using connection ID 'spark_default' for task execution.
[2026-08-28T16:24:10.054+0000] {spark_submit.py:401} INFO - Spark-Submit cmd: spark-submit --master spark://spark-master:7077 --py-files /opt/spark/utils/job_control.py,/opt/spark/utils/validation.py --name arrow-spark --deploy-mode client /opt/spark/jobs/ingest_bronze.py --table interactions
[2026-08-28T16:24:10.079+0000] {spark_submit.py:571} INFO - /opt/spark/bin/load-spark-env.sh: line 68: ps: command not found
[2026-08-28T16:24:18.562+0000] {spark_submit.py:571} INFO - 26/08/28 16:24:18 WARN Utils: Service 'SparkUI' could not bind on port 4040. Attempting port 4041.
[2026-08-28T16:24:18.565+0000] {spark_submit.py:571} INFO - 26/08/28 16:24:18 WARN Utils: Service 'SparkUI' could not bind on port 4041. Attempting port 4042.
[2026-08-28T16:24:19.684+0000] {spark_submit.py:571} INFO - --- BẮT ĐẦU LOAD TỪ DATABASE: interactions ---
[2026-08-28T16:24:51.194+0000] {spark_submit.py:571} INFO - 26/08/28 16:24:51 WARN TaskSchedulerImpl: Initial job has not accepted any resources; check your cluster UI to ensure that workers are registered and have sufficient resources
[2026-08-28T16:25:06.179+0000] {spark_submit.py:571} INFO - 26/08/28 16:25:06 WARN TaskSchedulerImpl: Initial job has not accepted any resources; check your cluster UI to ensure that workers are registered and have sufficient resources
[2026-08-28T16:25:21.183+0000] {spark_submit.py:571} INFO - 26/08/28 16:25:21 WARN TaskSchedulerImpl: Initial job has not accepted any resources; check your cluster UI to ensure that workers are registered and have sufficient resources
[2026-08-28T16:25:36.178+0000] {spark_submit.py:571} INFO - 26/08/28 16:25:36 WARN TaskSchedulerImpl: Initial job has not accepted any resources; check your cluster UI to ensure that workers are registered and have sufficient resources
[2026-08-28T16:25:51.178+0000] {spark_submit.py:571} INFO - 26/08/28 16:25:51 WARN TaskSchedulerImpl: Initial job has not accepted any resources; check your cluster UI to ensure that workers are registered and have sufficient resources
[2026-08-28T16:26:01.302+0000] {spark_submit.py:571} INFO - 26/08/28 16:26:01 WARN SparkStringUtils: Truncated the string representation of a plan since it was too large. This behavior can be adjusted by setting 'spark.sql.debug.maxToStringFields'.
[2026-08-28T16:26:16.590+0000] {spark_submit.py:571} INFO - [Watermark] Previous: 2026-05-31 22:38:27.298661
[2026-08-28T16:26:16.592+0000] {spark_submit.py:571} INFO - [Load] Incremental load
[2026-08-28T16:26:16.928+0000] {spark_submit.py:571} INFO - [VALIDATION] bronze.bronze_interactions: schema OK (7 cột)
[2026-08-28T16:26:17.572+0000] {spark_submit.py:571} INFO - [VALIDATION] bronze.bronze_interactions: 0 rows (ngưỡng tối thiểu: 1)
[2026-08-28T16:26:18.192+0000] {spark_submit.py:571} INFO - Traceback (most recent call last):
[2026-08-28T16:26:18.193+0000] {spark_submit.py:571} INFO - File "/opt/spark/jobs/ingest_bronze.py", line 186, in <module>
[2026-08-28T16:26:18.195+0000] {spark_submit.py:571} INFO - main()
[2026-08-28T16:26:18.195+0000] {spark_submit.py:571} INFO - File "/opt/spark/jobs/ingest_bronze.py", line 181, in main
[2026-08-28T16:26:18.200+0000] {spark_submit.py:571} INFO - ingest_table(spark, table_name)
[2026-08-28T16:26:18.201+0000] {spark_submit.py:571} INFO - File "/opt/spark/jobs/ingest_bronze.py", line 125, in ingest_table
[2026-08-28T16:26:18.203+0000] {spark_submit.py:571} INFO - validate_minimum_row_count(df, table["min_rows"], bronze_table)
[2026-08-28T16:26:18.203+0000] {spark_submit.py:571} INFO - File "/tmp/localPyFiles-67aaad8a-78c6-4177-be66-15b82ed08bf6/validation.py", line 22, in validate_minimum_row_count
[2026-08-28T16:26:18.208+0000] {spark_submit.py:571} INFO - raise ValueError(
[2026-08-28T16:26:18.209+0000] {spark_submit.py:571} INFO - ValueError: [VALIDATION FAILED] bronze.bronze_interactions: chỉ có 0 dòng, thấp hơn ngưỡng tối thiểu 1 — nghi ngờ ingest bị thiếu
[2026-08-28T16:26:18.436+0000] {taskinstance.py:441} INFO - ::group::Post task execution logs
[2026-08-28T16:26:18.453+0000] {taskinstance.py:2905} ERROR - Task failed with exception
Traceback (most recent call last):
  File "/home/airflow/.local/lib/python3.10/site-packages/airflow/models/taskinstance.py", line 465, in _execute_task
    result = _execute_callable(context=context, **execute_callable_kwargs)
  File "/home/airflow/.local/lib/python3.10/site-packages/airflow/models/taskinstance.py", line 432, in _execute_callable
    return execute_callable(context=context, **execute_callable_kwargs)
  File "/home/airflow/.local/lib/python3.10/site-packages/airflow/models/baseoperator.py", line 401, in wrapper
    return func(self, *args, **kwargs)
  File "/home/airflow/.local/lib/python3.10/site-packages/airflow/providers/apache/spark/operators/spark_submit.py", line 174, in execute
    self._hook.submit(self.application)
  File "/home/airflow/.local/lib/python3.10/site-packages/airflow/providers/apache/spark/hooks/spark_submit.py", line 502, in submit
    raise AirflowException(
airflow.exceptions.AirflowException: Cannot execute: spark-submit --master spark://spark-master:7077 --py-files /opt/spark/utils/job_control.py,/opt/spark/utils/validation.py --name arrow-spark --deploy-mode client /opt/spark/jobs/ingest_bronze.py --table interactions. Error code is: 1.
[2026-08-28T16:26:18.463+0000] {taskinstance.py:1206} INFO - Marking task as UP_FOR_RETRY. dag_id=lakehouse_pipeline, task_id=bronze_interactions, run_id=manual__2026-08-28T16:23:06.152795+00:00, execution_date=20260828T162306, start_date=20260828T162409, end_date=20260828T162618
[2026-08-28T16:26:18.481+0000] {standard_task_runner.py:110} ERROR - Failed to execute job 69 for task bronze_interactions (Cannot execute: spark-submit --master spark://spark-master:7077 --py-files /opt/spark/utils/job_control.py,/opt/spark/utils/validation.py --name arrow-spark --deploy-mode client /opt/spark/jobs/ingest_bronze.py --table interactions. Error code is: 1.; 894)
[2026-08-28T16:26:18.527+0000] {local_task_job_runner.py:243} INFO - Task exited with return code 1
[2026-08-28T16:26:18.564+0000] {taskinstance.py:3503} INFO - 0 downstream tasks scheduled from follow-on schedule check
[2026-08-28T16:26:18.569+0000] {local_task_job_runner.py:222} INFO - ::endgroup::
