[2026-08-29T08:25:48.656+0000] {local_task_job_runner.py:120} INFO - ::group::Pre task execution logs
[2026-08-29T08:25:48.745+0000] {taskinstance.py:2076} INFO - Dependencies all met for dep_context=non-requeueable deps ti=<TaskInstance: lakehouse_pipeline.bronze_purchases manual__2026-08-29T08:18:38.734104+00:00 [queued]>
[2026-08-29T08:25:48.764+0000] {taskinstance.py:2076} INFO - Dependencies all met for dep_context=requeueable deps ti=<TaskInstance: lakehouse_pipeline.bronze_purchases manual__2026-08-29T08:18:38.734104+00:00 [queued]>
[2026-08-29T08:25:48.766+0000] {taskinstance.py:2306} INFO - Starting attempt 1 of 3
[2026-08-29T08:25:48.794+0000] {taskinstance.py:2330} INFO - Executing <Task(SparkSubmitOperator): bronze_purchases> on 2026-08-29 08:18:38.734104+00:00
[2026-08-29T08:25:48.803+0000] {standard_task_runner.py:64} INFO - Started process 4485 to run task
[2026-08-29T08:25:48.812+0000] {standard_task_runner.py:90} INFO - Running: ['airflow', 'tasks', 'run', 'lakehouse_pipeline', 'bronze_purchases', 'manual__2026-08-29T08:18:38.734104+00:00', '--job-id', '26', '--raw', '--subdir', 'DAGS_FOLDER/lakehouse_pipeline.py', '--cfg-path', '/tmp/tmp99g7oi67']
[2026-08-29T08:25:48.816+0000] {standard_task_runner.py:91} INFO - Job 26: Subtask bronze_purchases
[2026-08-29T08:25:48.917+0000] {task_command.py:426} INFO - Running <TaskInstance: lakehouse_pipeline.bronze_purchases manual__2026-08-29T08:18:38.734104+00:00 [running]> on host c6b777e57b46
[2026-08-29T08:25:49.073+0000] {taskinstance.py:2648} INFO - Exporting env vars: AIRFLOW_CTX_DAG_OWNER='data_team' AIRFLOW_CTX_DAG_ID='lakehouse_pipeline' AIRFLOW_CTX_TASK_ID='bronze_purchases' AIRFLOW_CTX_EXECUTION_DATE='2026-08-29T08:18:38.734104+00:00' AIRFLOW_CTX_TRY_NUMBER='1' AIRFLOW_CTX_DAG_RUN_ID='manual__2026-08-29T08:18:38.734104+00:00'
[2026-08-29T08:25:49.074+0000] {taskinstance.py:430} INFO - ::endgroup::
[2026-08-29T08:25:49.110+0000] {base.py:84} INFO - Using connection ID 'spark_default' for task execution.
[2026-08-29T08:25:49.112+0000] {spark_submit.py:401} INFO - Spark-Submit cmd: spark-submit --master spark://spark-master:7077 --conf spark.cores.max=1 --conf spark.executor.memory=1g --conf spark.driver.host=airflow-scheduler --conf spark.driver.bindAddress=0.0.0.0 --py-files /opt/spark/utils/job_control.py,/opt/spark/utils/validation.py --name arrow-spark --deploy-mode client /opt/spark/jobs/ingest_bronze.py --table purchases
[2026-08-29T08:25:49.140+0000] {spark_submit.py:571} INFO - /opt/spark/bin/load-spark-env.sh: line 68: ps: command not found
[2026-08-29T08:25:55.955+0000] {spark_submit.py:571} INFO - 26/08/29 08:25:55 WARN Utils: Service 'SparkUI' could not bind on port 4040. Attempting port 4041.
[2026-08-29T08:25:57.137+0000] {spark_submit.py:571} INFO - --- BẮT ĐẦU LOAD TỪ DATABASE: purchases ---
[2026-08-29T08:26:18.550+0000] {spark_submit.py:571} INFO - 26/08/29 08:26:18 WARN SparkStringUtils: Truncated the string representation of a plan since it was too large. This behavior can be adjusted by setting 'spark.sql.debug.maxToStringFields'.
[2026-08-29T08:26:34.629+0000] {spark_submit.py:571} INFO - [Watermark] Previous: None
[2026-08-29T08:26:34.630+0000] {spark_submit.py:571} INFO - [Load] First run -> FULL LOAD
[2026-08-29T08:26:35.054+0000] {spark_submit.py:571} INFO - [VALIDATION] bronze.bronze_purchases: schema OK (10 cột)
[2026-08-29T08:26:43.283+0000] {spark_submit.py:571} INFO - 26/08/29 08:26:43 WARN HiveExternalCatalog: Couldn't find corresponding Hive SerDe for data source provider delta. Persisting data source table `spark_catalog`.`bronze`.`bronze_purchases` into Hive metastore in Spark SQL specific format, which is NOT compatible with Hive.
[2026-08-29T08:26:43.655+0000] {spark_submit.py:571} INFO - [BRONZE] Created bronze.bronze_purchases
[2026-08-29T08:26:44.151+0000] {spark_submit.py:571} INFO - [Bronze] Ingested table purchases: 1737 rows -> bronze.bronze_purchases
[2026-08-29T08:26:44.468+0000] {spark_submit.py:571} INFO - [Watermark] New: 2026-05-31 17:56:49.755254
[2026-08-29T08:26:49.270+0000] {spark_submit.py:571} INFO - [JOB_CONTROL] Insert log success
[2026-08-29T08:26:50.611+0000] {taskinstance.py:441} INFO - ::group::Post task execution logs
[2026-08-29T08:26:50.643+0000] {taskinstance.py:1206} INFO - Marking task as SUCCESS. dag_id=lakehouse_pipeline, task_id=bronze_purchases, run_id=manual__2026-08-29T08:18:38.734104+00:00, execution_date=20260829T081838, start_date=20260829T082548, end_date=20260829T082650
[2026-08-29T08:26:50.712+0000] {local_task_job_runner.py:243} INFO - Task exited with return code 0
[2026-08-29T08:26:50.774+0000] {taskinstance.py:3503} INFO - 1 downstream tasks scheduled from follow-on schedule check
[2026-08-29T08:26:50.782+0000] {local_task_job_runner.py:222} INFO - ::endgroup::
