[2026-08-29T08:29:00.074+0000] {local_task_job_runner.py:120} INFO - ::group::Pre task execution logs
[2026-08-29T08:29:00.157+0000] {taskinstance.py:2076} INFO - Dependencies all met for dep_context=non-requeueable deps ti=<TaskInstance: lakehouse_pipeline.gold_fact_review manual__2026-08-29T08:18:38.734104+00:00 [queued]>
[2026-08-29T08:29:00.178+0000] {taskinstance.py:2076} INFO - Dependencies all met for dep_context=requeueable deps ti=<TaskInstance: lakehouse_pipeline.gold_fact_review manual__2026-08-29T08:18:38.734104+00:00 [queued]>
[2026-08-29T08:29:00.180+0000] {taskinstance.py:2306} INFO - Starting attempt 1 of 3
[2026-08-29T08:29:00.208+0000] {taskinstance.py:2330} INFO - Executing <Task(SparkSubmitOperator): gold_fact_review> on 2026-08-29 08:18:38.734104+00:00
[2026-08-29T08:29:00.216+0000] {standard_task_runner.py:64} INFO - Started process 6704 to run task
[2026-08-29T08:29:00.222+0000] {standard_task_runner.py:90} INFO - Running: ['airflow', 'tasks', 'run', 'lakehouse_pipeline', 'gold_fact_review', 'manual__2026-08-29T08:18:38.734104+00:00', '--job-id', '31', '--raw', '--subdir', 'DAGS_FOLDER/lakehouse_pipeline.py', '--cfg-path', '/tmp/tmpmedbbj5k']
[2026-08-29T08:29:00.225+0000] {standard_task_runner.py:91} INFO - Job 31: Subtask gold_fact_review
[2026-08-29T08:29:00.336+0000] {task_command.py:426} INFO - Running <TaskInstance: lakehouse_pipeline.gold_fact_review manual__2026-08-29T08:18:38.734104+00:00 [running]> on host c6b777e57b46
[2026-08-29T08:29:00.530+0000] {taskinstance.py:2648} INFO - Exporting env vars: AIRFLOW_CTX_DAG_OWNER='data_team' AIRFLOW_CTX_DAG_ID='lakehouse_pipeline' AIRFLOW_CTX_TASK_ID='gold_fact_review' AIRFLOW_CTX_EXECUTION_DATE='2026-08-29T08:18:38.734104+00:00' AIRFLOW_CTX_TRY_NUMBER='1' AIRFLOW_CTX_DAG_RUN_ID='manual__2026-08-29T08:18:38.734104+00:00'
[2026-08-29T08:29:00.533+0000] {taskinstance.py:430} INFO - ::endgroup::
[2026-08-29T08:29:00.576+0000] {base.py:84} INFO - Using connection ID 'spark_default' for task execution.
[2026-08-29T08:29:00.578+0000] {spark_submit.py:401} INFO - Spark-Submit cmd: spark-submit --master spark://spark-master:7077 --conf spark.cores.max=1 --conf spark.executor.memory=1g --conf spark.driver.host=airflow-scheduler --conf spark.driver.bindAddress=0.0.0.0 --py-files /opt/spark/utils/job_control.py,/opt/spark/utils/validation.py --name arrow-spark --deploy-mode client /opt/spark/jobs/build_gold.py --table fact_review
[2026-08-29T08:29:00.606+0000] {spark_submit.py:571} INFO - /opt/spark/bin/load-spark-env.sh: line 68: ps: command not found
[2026-08-29T08:29:08.588+0000] {spark_submit.py:571} INFO - --- BẮT ĐẦU BUILD GOLD: fact_review ---
[2026-08-29T08:29:08.590+0000] {spark_submit.py:571} INFO - 
[2026-08-29T08:29:08.592+0000] {spark_submit.py:571} INFO - ========== GOLD: fact_review ==========
[2026-08-29T08:29:32.439+0000] {spark_submit.py:571} INFO - 26/08/29 08:29:32 WARN SparkStringUtils: Truncated the string representation of a plan since it was too large. This behavior can be adjusted by setting 'spark.sql.debug.maxToStringFields'.
[2026-08-29T08:29:49.983+0000] {spark_submit.py:571} INFO - [GOLD] reviews: FIRST RUN
[2026-08-29T08:29:49.984+0000] {spark_submit.py:571} INFO - [Watermark] Previous: None
[2026-08-29T08:30:26.233+0000] {spark_submit.py:571} INFO - 26/08/29 08:30:26 WARN HiveExternalCatalog: Couldn't find corresponding Hive SerDe for data source provider delta. Persisting data source table `spark_catalog`.`gold`.`fact_review` into Hive metastore in Spark SQL specific format, which is NOT compatible with Hive.
[2026-08-29T08:30:33.698+0000] {spark_submit.py:571} INFO - [Gold] gold.fact_review: +1210 rows xử lý (append)
[2026-08-29T08:30:35.466+0000] {spark_submit.py:571} INFO - [Watermark] fact_review New: 2026-08-29 08:29:42.418293
[2026-08-29T08:30:38.859+0000] {spark_submit.py:571} INFO - [JOB_CONTROL] Insert log success
[2026-08-29T08:30:39.596+0000] {taskinstance.py:441} INFO - ::group::Post task execution logs
[2026-08-29T08:30:39.622+0000] {taskinstance.py:1206} INFO - Marking task as SUCCESS. dag_id=lakehouse_pipeline, task_id=gold_fact_review, run_id=manual__2026-08-29T08:18:38.734104+00:00, execution_date=20260829T081838, start_date=20260829T082900, end_date=20260829T083039
[2026-08-29T08:30:39.680+0000] {local_task_job_runner.py:243} INFO - Task exited with return code 0
[2026-08-29T08:30:39.719+0000] {taskinstance.py:3503} INFO - 0 downstream tasks scheduled from follow-on schedule check
[2026-08-29T08:30:39.727+0000] {local_task_job_runner.py:222} INFO - ::endgroup::
