[2026-08-28T16:24:50.430+0000] {local_task_job_runner.py:120} INFO - ::group::Pre task execution logs
[2026-08-28T16:24:50.510+0000] {taskinstance.py:2076} INFO - Dependencies all met for dep_context=non-requeueable deps ti=<TaskInstance: lakehouse_pipeline.bronze_purchases manual__2026-08-28T16:23:06.152795+00:00 [queued]>
[2026-08-28T16:24:50.523+0000] {taskinstance.py:2076} INFO - Dependencies all met for dep_context=requeueable deps ti=<TaskInstance: lakehouse_pipeline.bronze_purchases manual__2026-08-28T16:23:06.152795+00:00 [queued]>
[2026-08-28T16:24:50.524+0000] {taskinstance.py:2306} INFO - Starting attempt 1 of 3
[2026-08-28T16:24:50.546+0000] {taskinstance.py:2330} INFO - Executing <Task(SparkSubmitOperator): bronze_purchases> on 2026-08-28 16:23:06.152795+00:00
[2026-08-28T16:24:50.551+0000] {standard_task_runner.py:64} INFO - Started process 1209 to run task
[2026-08-28T16:24:50.556+0000] {standard_task_runner.py:90} INFO - Running: ['airflow', 'tasks', 'run', 'lakehouse_pipeline', 'bronze_purchases', 'manual__2026-08-28T16:23:06.152795+00:00', '--job-id', '70', '--raw', '--subdir', 'DAGS_FOLDER/lakehouse_pipeline.py', '--cfg-path', '/tmp/tmpo17_7yst']
[2026-08-28T16:24:50.558+0000] {standard_task_runner.py:91} INFO - Job 70: Subtask bronze_purchases
[2026-08-28T16:24:50.693+0000] {task_command.py:426} INFO - Running <TaskInstance: lakehouse_pipeline.bronze_purchases manual__2026-08-28T16:23:06.152795+00:00 [running]> on host 4bc193de6f25
[2026-08-28T16:24:50.929+0000] {taskinstance.py:2648} INFO - Exporting env vars: AIRFLOW_CTX_DAG_OWNER='data_team' AIRFLOW_CTX_DAG_ID='lakehouse_pipeline' AIRFLOW_CTX_TASK_ID='bronze_purchases' AIRFLOW_CTX_EXECUTION_DATE='2026-08-28T16:23:06.152795+00:00' AIRFLOW_CTX_TRY_NUMBER='1' AIRFLOW_CTX_DAG_RUN_ID='manual__2026-08-28T16:23:06.152795+00:00'
[2026-08-28T16:24:50.931+0000] {taskinstance.py:430} INFO - ::endgroup::
[2026-08-28T16:24:51.015+0000] {base.py:84} INFO - Using connection ID 'spark_default' for task execution.
[2026-08-28T16:24:51.016+0000] {spark_submit.py:401} INFO - Spark-Submit cmd: spark-submit --master spark://spark-master:7077 --py-files /opt/spark/utils/job_control.py,/opt/spark/utils/validation.py --name arrow-spark --deploy-mode client /opt/spark/jobs/ingest_bronze.py --table purchases
[2026-08-28T16:24:51.080+0000] {spark_submit.py:571} INFO - /opt/spark/bin/load-spark-env.sh: line 68: ps: command not found
[2026-08-28T16:25:02.189+0000] {spark_submit.py:571} INFO - --- BẮT ĐẦU LOAD TỪ DATABASE: purchases ---
[2026-08-28T16:25:33.857+0000] {spark_submit.py:571} INFO - 26/08/28 16:25:33 WARN TaskSchedulerImpl: Initial job has not accepted any resources; check your cluster UI to ensure that workers are registered and have sufficient resources
[2026-08-28T16:25:48.850+0000] {spark_submit.py:571} INFO - 26/08/28 16:25:48 WARN TaskSchedulerImpl: Initial job has not accepted any resources; check your cluster UI to ensure that workers are registered and have sufficient resources
[2026-08-28T16:26:03.849+0000] {spark_submit.py:571} INFO - 26/08/28 16:26:03 WARN TaskSchedulerImpl: Initial job has not accepted any resources; check your cluster UI to ensure that workers are registered and have sufficient resources
[2026-08-28T16:26:18.849+0000] {spark_submit.py:571} INFO - 26/08/28 16:26:18 WARN TaskSchedulerImpl: Initial job has not accepted any resources; check your cluster UI to ensure that workers are registered and have sufficient resources
[2026-08-28T16:26:29.220+0000] {spark_submit.py:571} INFO - 26/08/28 16:26:29 WARN SparkStringUtils: Truncated the string representation of a plan since it was too large. This behavior can be adjusted by setting 'spark.sql.debug.maxToStringFields'.
[2026-08-28T16:26:44.760+0000] {spark_submit.py:571} INFO - [Watermark] Previous: 2026-05-31 17:56:49.755254
[2026-08-28T16:26:44.761+0000] {spark_submit.py:571} INFO - [Load] Incremental load
[2026-08-28T16:26:45.032+0000] {spark_submit.py:571} INFO - [VALIDATION] bronze.bronze_purchases: schema OK (10 cột)
[2026-08-28T16:26:45.552+0000] {spark_submit.py:571} INFO - [VALIDATION] bronze.bronze_purchases: 0 rows (ngưỡng tối thiểu: 1)
[2026-08-28T16:26:46.158+0000] {spark_submit.py:571} INFO - Traceback (most recent call last):
[2026-08-28T16:26:46.158+0000] {spark_submit.py:571} INFO - File "/opt/spark/jobs/ingest_bronze.py", line 186, in <module>
[2026-08-28T16:26:46.160+0000] {spark_submit.py:571} INFO - main()
[2026-08-28T16:26:46.161+0000] {spark_submit.py:571} INFO - File "/opt/spark/jobs/ingest_bronze.py", line 181, in main
[2026-08-28T16:26:46.162+0000] {spark_submit.py:571} INFO - ingest_table(spark, table_name)
[2026-08-28T16:26:46.162+0000] {spark_submit.py:571} INFO - File "/opt/spark/jobs/ingest_bronze.py", line 125, in ingest_table
[2026-08-28T16:26:46.164+0000] {spark_submit.py:571} INFO - validate_minimum_row_count(df, table["min_rows"], bronze_table)
[2026-08-28T16:26:46.164+0000] {spark_submit.py:571} INFO - File "/tmp/localPyFiles-17b1ee88-f13e-47ce-ab72-4b2ea08eab3e/validation.py", line 22, in validate_minimum_row_count
[2026-08-28T16:26:46.165+0000] {spark_submit.py:571} INFO - raise ValueError(
[2026-08-28T16:26:46.165+0000] {spark_submit.py:571} INFO - ValueError: [VALIDATION FAILED] bronze.bronze_purchases: chỉ có 0 dòng, thấp hơn ngưỡng tối thiểu 1 — nghi ngờ ingest bị thiếu
[2026-08-28T16:26:46.354+0000] {taskinstance.py:441} INFO - ::group::Post task execution logs
[2026-08-28T16:26:46.366+0000] {taskinstance.py:2905} ERROR - Task failed with exception
Traceback (most recent call last):
  File "/home/airflow/.local/lib/python3.10/site-packages/airflow/models/taskinstance.py", line 465, in _execute_task
    result = _execute_callable(context=context, **execute_callable_kwargs)
  File "/home/airflow/.local/lib/python3.10/site-packages/airflow/models/taskinstance.py", line 432, in _execute_callable
    return execute_callable(context=context, **execute_callable_kwargs)
  File "/home/airflow/.local/lib/python3.10/site-packages/airflow/models/baseoperator.py", line 401, in wrapper
    return func(self, *args, **kwargs)
  File "/home/airflow/.local/lib/python3.10/site-packages/airflow/providers/apache/spark/operators/spark_submit.py", line 174, in execute
    self._hook.submit(self.application)
  File "/home/airflow/.local/lib/python3.10/site-packages/airflow/providers/apache/spark/hooks/spark_submit.py", line 502, in submit
    raise AirflowException(
airflow.exceptions.AirflowException: Cannot execute: spark-submit --master spark://spark-master:7077 --py-files /opt/spark/utils/job_control.py,/opt/spark/utils/validation.py --name arrow-spark --deploy-mode client /opt/spark/jobs/ingest_bronze.py --table purchases. Error code is: 1.
[2026-08-28T16:26:46.369+0000] {taskinstance.py:1206} INFO - Marking task as UP_FOR_RETRY. dag_id=lakehouse_pipeline, task_id=bronze_purchases, run_id=manual__2026-08-28T16:23:06.152795+00:00, execution_date=20260828T162306, start_date=20260828T162450, end_date=20260828T162646
[2026-08-28T16:26:46.383+0000] {standard_task_runner.py:110} ERROR - Failed to execute job 70 for task bronze_purchases (Cannot execute: spark-submit --master spark://spark-master:7077 --py-files /opt/spark/utils/job_control.py,/opt/spark/utils/validation.py --name arrow-spark --deploy-mode client /opt/spark/jobs/ingest_bronze.py --table purchases. Error code is: 1.; 1209)
[2026-08-28T16:26:46.421+0000] {local_task_job_runner.py:243} INFO - Task exited with return code 1
[2026-08-28T16:26:46.443+0000] {taskinstance.py:3503} INFO - 0 downstream tasks scheduled from follow-on schedule check
[2026-08-28T16:26:46.446+0000] {local_task_job_runner.py:222} INFO - ::endgroup::
