[2026-08-29T08:19:47.427+0000] {local_task_job_runner.py:120} INFO - ::group::Pre task execution logs
[2026-08-29T08:19:47.470+0000] {taskinstance.py:2076} INFO - Dependencies all met for dep_context=non-requeueable deps ti=<TaskInstance: lakehouse_pipeline.silver_users manual__2026-08-29T08:18:38.734104+00:00 [queued]>
[2026-08-29T08:19:47.480+0000] {taskinstance.py:2076} INFO - Dependencies all met for dep_context=requeueable deps ti=<TaskInstance: lakehouse_pipeline.silver_users manual__2026-08-29T08:18:38.734104+00:00 [queued]>
[2026-08-29T08:19:47.481+0000] {taskinstance.py:2306} INFO - Starting attempt 1 of 3
[2026-08-29T08:19:47.497+0000] {taskinstance.py:2330} INFO - Executing <Task(SparkSubmitOperator): silver_users> on 2026-08-29 08:18:38.734104+00:00
[2026-08-29T08:19:47.504+0000] {standard_task_runner.py:64} INFO - Started process 957 to run task
[2026-08-29T08:19:47.510+0000] {standard_task_runner.py:90} INFO - Running: ['airflow', 'tasks', 'run', 'lakehouse_pipeline', 'silver_users', 'manual__2026-08-29T08:18:38.734104+00:00', '--job-id', '18', '--raw', '--subdir', 'DAGS_FOLDER/lakehouse_pipeline.py', '--cfg-path', '/tmp/tmpttdztmfq']
[2026-08-29T08:19:47.514+0000] {standard_task_runner.py:91} INFO - Job 18: Subtask silver_users
[2026-08-29T08:19:47.588+0000] {task_command.py:426} INFO - Running <TaskInstance: lakehouse_pipeline.silver_users manual__2026-08-29T08:18:38.734104+00:00 [running]> on host c6b777e57b46
[2026-08-29T08:19:47.691+0000] {taskinstance.py:2648} INFO - Exporting env vars: AIRFLOW_CTX_DAG_OWNER='data_team' AIRFLOW_CTX_DAG_ID='lakehouse_pipeline' AIRFLOW_CTX_TASK_ID='silver_users' AIRFLOW_CTX_EXECUTION_DATE='2026-08-29T08:18:38.734104+00:00' AIRFLOW_CTX_TRY_NUMBER='1' AIRFLOW_CTX_DAG_RUN_ID='manual__2026-08-29T08:18:38.734104+00:00'
[2026-08-29T08:19:47.692+0000] {taskinstance.py:430} INFO - ::endgroup::
[2026-08-29T08:19:47.725+0000] {base.py:84} INFO - Using connection ID 'spark_default' for task execution.
[2026-08-29T08:19:47.728+0000] {spark_submit.py:401} INFO - Spark-Submit cmd: spark-submit --master spark://spark-master:7077 --conf spark.cores.max=1 --conf spark.executor.memory=1g --conf spark.driver.host=airflow-scheduler --conf spark.driver.bindAddress=0.0.0.0 --py-files /opt/spark/utils/job_control.py,/opt/spark/utils/validation.py --name arrow-spark --deploy-mode client /opt/spark/jobs/transform_silver.py --table users
[2026-08-29T08:19:47.753+0000] {spark_submit.py:571} INFO - /opt/spark/bin/load-spark-env.sh: line 68: ps: command not found
[2026-08-29T08:19:53.840+0000] {spark_submit.py:571} INFO - 26/08/29 08:19:53 WARN Utils: Service 'SparkUI' could not bind on port 4040. Attempting port 4041.
[2026-08-29T08:19:55.115+0000] {spark_submit.py:571} INFO - --- BẮT ĐẦU TRANSFORM SILVER ---
[2026-08-29T08:19:55.124+0000] {spark_submit.py:571} INFO - 
[2026-08-29T08:19:55.124+0000] {spark_submit.py:571} INFO - ========== SILVER: users ==========
[2026-08-29T08:20:19.035+0000] {spark_submit.py:571} INFO - 26/08/29 08:20:19 WARN SparkStringUtils: Truncated the string representation of a plan since it was too large. This behavior can be adjusted by setting 'spark.sql.debug.maxToStringFields'.
[2026-08-29T08:20:36.621+0000] {spark_submit.py:571} INFO - [Silver] users: FIRST RUN
[2026-08-29T08:20:36.622+0000] {spark_submit.py:571} INFO - [Watermark] Previous: None
[2026-08-29T08:20:52.182+0000] {spark_submit.py:571} INFO - [VALIDATION] silver_users: 10000 -> 10000 rows (0.00% loss)
[2026-08-29T08:20:55.941+0000] {spark_submit.py:571} INFO - [VALIDATION] silver_users.age_in_range: 0 vi phạm (0.00%)
[2026-08-29T08:21:09.137+0000] {spark_submit.py:571} INFO - [Silver] MERGE completed: silver.silver_users
[2026-08-29T08:21:10.988+0000] {spark_submit.py:571} INFO - [Watermark] New: 2026-08-29 08:19:19.954734
[2026-08-29T08:21:13.712+0000] {spark_submit.py:571} INFO - [JOB_CONTROL] Insert log success
[2026-08-29T08:21:14.884+0000] {spark_submit.py:571} INFO - [Silver] users: 10000 rows -> silver.silver_users
[2026-08-29T08:21:14.970+0000] {spark_submit.py:571} INFO - 26/08/29 08:21:14 WARN Dispatcher: Message RemoteProcessDisconnected(172.18.0.11:42390) dropped. Could not find BlockManagerMasterHeartbeat.
[2026-08-29T08:21:14.971+0000] {spark_submit.py:571} INFO - 26/08/29 08:21:14 WARN Dispatcher: Message RemoteProcessDisconnected(172.18.0.11:42390) dropped. Could not find BlockManagerMaster.
[2026-08-29T08:21:15.624+0000] {taskinstance.py:441} INFO - ::group::Post task execution logs
[2026-08-29T08:21:15.641+0000] {taskinstance.py:1206} INFO - Marking task as SUCCESS. dag_id=lakehouse_pipeline, task_id=silver_users, run_id=manual__2026-08-29T08:18:38.734104+00:00, execution_date=20260829T081838, start_date=20260829T081947, end_date=20260829T082115
[2026-08-29T08:21:15.672+0000] {local_task_job_runner.py:243} INFO - Task exited with return code 0
[2026-08-29T08:21:15.730+0000] {taskinstance.py:3503} INFO - 1 downstream tasks scheduled from follow-on schedule check
[2026-08-29T08:21:15.733+0000] {local_task_job_runner.py:222} INFO - ::endgroup::
