[2026-08-29T08:25:11.358+0000] {local_task_job_runner.py:120} INFO - ::group::Pre task execution logs
[2026-08-29T08:25:11.455+0000] {taskinstance.py:2076} INFO - Dependencies all met for dep_context=non-requeueable deps ti=<TaskInstance: lakehouse_pipeline.bronze_interactions manual__2026-08-29T08:18:38.734104+00:00 [queued]>
[2026-08-29T08:25:11.481+0000] {taskinstance.py:2076} INFO - Dependencies all met for dep_context=requeueable deps ti=<TaskInstance: lakehouse_pipeline.bronze_interactions manual__2026-08-29T08:18:38.734104+00:00 [queued]>
[2026-08-29T08:25:11.488+0000] {taskinstance.py:2306} INFO - Starting attempt 1 of 3
[2026-08-29T08:25:11.528+0000] {taskinstance.py:2330} INFO - Executing <Task(SparkSubmitOperator): bronze_interactions> on 2026-08-29 08:18:38.734104+00:00
[2026-08-29T08:25:11.538+0000] {standard_task_runner.py:64} INFO - Started process 4024 to run task
[2026-08-29T08:25:11.546+0000] {standard_task_runner.py:90} INFO - Running: ['airflow', 'tasks', 'run', 'lakehouse_pipeline', 'bronze_interactions', 'manual__2026-08-29T08:18:38.734104+00:00', '--job-id', '25', '--raw', '--subdir', 'DAGS_FOLDER/lakehouse_pipeline.py', '--cfg-path', '/tmp/tmp75z1d_cw']
[2026-08-29T08:25:11.552+0000] {standard_task_runner.py:91} INFO - Job 25: Subtask bronze_interactions
[2026-08-29T08:25:11.708+0000] {task_command.py:426} INFO - Running <TaskInstance: lakehouse_pipeline.bronze_interactions manual__2026-08-29T08:18:38.734104+00:00 [running]> on host c6b777e57b46
[2026-08-29T08:25:11.960+0000] {taskinstance.py:2648} INFO - Exporting env vars: AIRFLOW_CTX_DAG_OWNER='data_team' AIRFLOW_CTX_DAG_ID='lakehouse_pipeline' AIRFLOW_CTX_TASK_ID='bronze_interactions' AIRFLOW_CTX_EXECUTION_DATE='2026-08-29T08:18:38.734104+00:00' AIRFLOW_CTX_TRY_NUMBER='1' AIRFLOW_CTX_DAG_RUN_ID='manual__2026-08-29T08:18:38.734104+00:00'
[2026-08-29T08:25:11.961+0000] {taskinstance.py:430} INFO - ::endgroup::
[2026-08-29T08:25:12.070+0000] {base.py:84} INFO - Using connection ID 'spark_default' for task execution.
[2026-08-29T08:25:12.073+0000] {spark_submit.py:401} INFO - Spark-Submit cmd: spark-submit --master spark://spark-master:7077 --conf spark.cores.max=1 --conf spark.executor.memory=1g --conf spark.driver.host=airflow-scheduler --conf spark.driver.bindAddress=0.0.0.0 --py-files /opt/spark/utils/job_control.py,/opt/spark/utils/validation.py --name arrow-spark --deploy-mode client /opt/spark/jobs/ingest_bronze.py --table interactions
[2026-08-29T08:25:12.116+0000] {spark_submit.py:571} INFO - /opt/spark/bin/load-spark-env.sh: line 68: ps: command not found
[2026-08-29T08:25:21.688+0000] {spark_submit.py:571} INFO - --- BẮT ĐẦU LOAD TỪ DATABASE: interactions ---
[2026-08-29T08:25:43.033+0000] {spark_submit.py:571} INFO - 26/08/29 08:25:43 WARN SparkStringUtils: Truncated the string representation of a plan since it was too large. This behavior can be adjusted by setting 'spark.sql.debug.maxToStringFields'.
[2026-08-29T08:25:57.969+0000] {spark_submit.py:571} INFO - [Watermark] Previous: None
[2026-08-29T08:25:57.970+0000] {spark_submit.py:571} INFO - [Load] First run -> FULL LOAD
[2026-08-29T08:25:58.834+0000] {spark_submit.py:571} INFO - [VALIDATION] bronze.bronze_interactions: schema OK (7 cột)
[2026-08-29T08:26:08.790+0000] {spark_submit.py:571} INFO - 26/08/29 08:26:08 WARN HiveExternalCatalog: Couldn't find corresponding Hive SerDe for data source provider delta. Persisting data source table `spark_catalog`.`bronze`.`bronze_interactions` into Hive metastore in Spark SQL specific format, which is NOT compatible with Hive.
[2026-08-29T08:26:09.259+0000] {spark_submit.py:571} INFO - [BRONZE] Created bronze.bronze_interactions
[2026-08-29T08:26:09.564+0000] {spark_submit.py:571} INFO - [Bronze] Ingested table interactions: 100000 rows -> bronze.bronze_interactions
[2026-08-29T08:26:10.103+0000] {spark_submit.py:571} INFO - [Watermark] New: 2026-05-31 22:38:27.298661
[2026-08-29T08:26:25.011+0000] {spark_submit.py:571} INFO - [JOB_CONTROL] Insert log success
[2026-08-29T08:26:26.118+0000] {taskinstance.py:441} INFO - ::group::Post task execution logs
[2026-08-29T08:26:26.148+0000] {taskinstance.py:1206} INFO - Marking task as SUCCESS. dag_id=lakehouse_pipeline, task_id=bronze_interactions, run_id=manual__2026-08-29T08:18:38.734104+00:00, execution_date=20260829T081838, start_date=20260829T082511, end_date=20260829T082626
[2026-08-29T08:26:26.214+0000] {local_task_job_runner.py:243} INFO - Task exited with return code 0
[2026-08-29T08:26:26.236+0000] {local_task_job_runner.py:222} INFO - ::endgroup::
