[2026-08-29T08:24:27.365+0000] {local_task_job_runner.py:120} INFO - ::group::Pre task execution logs
[2026-08-29T08:24:27.414+0000] {taskinstance.py:2076} INFO - Dependencies all met for dep_context=non-requeueable deps ti=<TaskInstance: lakehouse_pipeline.gold_dim_session manual__2026-08-29T08:18:38.734104+00:00 [queued]>
[2026-08-29T08:24:27.427+0000] {taskinstance.py:2076} INFO - Dependencies all met for dep_context=requeueable deps ti=<TaskInstance: lakehouse_pipeline.gold_dim_session manual__2026-08-29T08:18:38.734104+00:00 [queued]>
[2026-08-29T08:24:27.429+0000] {taskinstance.py:2306} INFO - Starting attempt 1 of 3
[2026-08-29T08:24:27.454+0000] {taskinstance.py:2330} INFO - Executing <Task(SparkSubmitOperator): gold_dim_session> on 2026-08-29 08:18:38.734104+00:00
[2026-08-29T08:24:27.465+0000] {standard_task_runner.py:64} INFO - Started process 3566 to run task
[2026-08-29T08:24:27.470+0000] {standard_task_runner.py:90} INFO - Running: ['airflow', 'tasks', 'run', 'lakehouse_pipeline', 'gold_dim_session', 'manual__2026-08-29T08:18:38.734104+00:00', '--job-id', '24', '--raw', '--subdir', 'DAGS_FOLDER/lakehouse_pipeline.py', '--cfg-path', '/tmp/tmpxqzj8pad']
[2026-08-29T08:24:27.475+0000] {standard_task_runner.py:91} INFO - Job 24: Subtask gold_dim_session
[2026-08-29T08:24:27.606+0000] {task_command.py:426} INFO - Running <TaskInstance: lakehouse_pipeline.gold_dim_session manual__2026-08-29T08:18:38.734104+00:00 [running]> on host c6b777e57b46
[2026-08-29T08:24:27.825+0000] {taskinstance.py:2648} INFO - Exporting env vars: AIRFLOW_CTX_DAG_OWNER='data_team' AIRFLOW_CTX_DAG_ID='lakehouse_pipeline' AIRFLOW_CTX_TASK_ID='gold_dim_session' AIRFLOW_CTX_EXECUTION_DATE='2026-08-29T08:18:38.734104+00:00' AIRFLOW_CTX_TRY_NUMBER='1' AIRFLOW_CTX_DAG_RUN_ID='manual__2026-08-29T08:18:38.734104+00:00'
[2026-08-29T08:24:27.829+0000] {taskinstance.py:430} INFO - ::endgroup::
[2026-08-29T08:24:27.911+0000] {base.py:84} INFO - Using connection ID 'spark_default' for task execution.
[2026-08-29T08:24:27.917+0000] {spark_submit.py:401} INFO - Spark-Submit cmd: spark-submit --master spark://spark-master:7077 --conf spark.cores.max=1 --conf spark.executor.memory=1g --conf spark.driver.host=airflow-scheduler --conf spark.driver.bindAddress=0.0.0.0 --py-files /opt/spark/utils/job_control.py,/opt/spark/utils/validation.py --name arrow-spark --deploy-mode client /opt/spark/jobs/build_gold.py --table dim_session
[2026-08-29T08:24:27.974+0000] {spark_submit.py:571} INFO - /opt/spark/bin/load-spark-env.sh: line 68: ps: command not found
[2026-08-29T08:24:35.541+0000] {spark_submit.py:571} INFO - 26/08/29 08:24:35 WARN Utils: Service 'SparkUI' could not bind on port 4040. Attempting port 4041.
[2026-08-29T08:24:37.082+0000] {spark_submit.py:571} INFO - --- BẮT ĐẦU BUILD GOLD: dim_session ---
[2026-08-29T08:24:37.085+0000] {spark_submit.py:571} INFO - 
[2026-08-29T08:24:37.089+0000] {spark_submit.py:571} INFO - ========== GOLD: dim_session ==========
[2026-08-29T08:24:59.258+0000] {spark_submit.py:571} INFO - 26/08/29 08:24:59 WARN SparkStringUtils: Truncated the string representation of a plan since it was too large. This behavior can be adjusted by setting 'spark.sql.debug.maxToStringFields'.
[2026-08-29T08:25:17.536+0000] {spark_submit.py:571} INFO - [GOLD] sessions: FIRST RUN
[2026-08-29T08:25:17.537+0000] {spark_submit.py:571} INFO - [Watermark] Previous: None
[2026-08-29T08:25:38.356+0000] {spark_submit.py:571} INFO - 26/08/29 08:25:38 WARN HiveExternalCatalog: Couldn't find corresponding Hive SerDe for data source provider delta. Persisting data source table `spark_catalog`.`gold`.`dim_session` into Hive metastore in Spark SQL specific format, which is NOT compatible with Hive.
[2026-08-29T08:25:41.004+0000] {spark_submit.py:571} INFO - [Gold] gold.dim_session: +19315 rows xử lý (append)
[2026-08-29T08:25:42.947+0000] {spark_submit.py:571} INFO - [Watermark] dim_session New: 2026-08-29 08:22:46.141850
[2026-08-29T08:25:46.108+0000] {spark_submit.py:571} INFO - [JOB_CONTROL] Insert log success
[2026-08-29T08:25:46.912+0000] {taskinstance.py:441} INFO - ::group::Post task execution logs
[2026-08-29T08:25:46.937+0000] {taskinstance.py:1206} INFO - Marking task as SUCCESS. dag_id=lakehouse_pipeline, task_id=gold_dim_session, run_id=manual__2026-08-29T08:18:38.734104+00:00, execution_date=20260829T081838, start_date=20260829T082427, end_date=20260829T082546
[2026-08-29T08:25:46.997+0000] {local_task_job_runner.py:243} INFO - Task exited with return code 0
[2026-08-29T08:25:47.041+0000] {taskinstance.py:3503} INFO - 2 downstream tasks scheduled from follow-on schedule check
[2026-08-29T08:25:47.045+0000] {local_task_job_runner.py:222} INFO - ::endgroup::
