[2026-08-28T16:06:51.379+0000] {local_task_job_runner.py:120} INFO - ::group::Pre task execution logs
[2026-08-28T16:06:51.435+0000] {taskinstance.py:2076} INFO - Dependencies all met for dep_context=non-requeueable deps ti=<TaskInstance: lakehouse_pipeline.bronze_users manual__2026-08-28T16:06:50.662122+00:00 [queued]>
[2026-08-28T16:06:51.446+0000] {taskinstance.py:2076} INFO - Dependencies all met for dep_context=requeueable deps ti=<TaskInstance: lakehouse_pipeline.bronze_users manual__2026-08-28T16:06:50.662122+00:00 [queued]>
[2026-08-28T16:06:51.447+0000] {taskinstance.py:2306} INFO - Starting attempt 1 of 3
[2026-08-28T16:06:51.472+0000] {taskinstance.py:2330} INFO - Executing <Task(SparkSubmitOperator): bronze_users> on 2026-08-28 16:06:50.662122+00:00
[2026-08-28T16:06:51.482+0000] {standard_task_runner.py:64} INFO - Started process 180 to run task
[2026-08-28T16:06:51.490+0000] {standard_task_runner.py:90} INFO - Running: ['airflow', 'tasks', 'run', 'lakehouse_pipeline', 'bronze_users', 'manual__2026-08-28T16:06:50.662122+00:00', '--job-id', '45', '--raw', '--subdir', 'DAGS_FOLDER/lakehouse_pipeline.py', '--cfg-path', '/tmp/tmpio3xml2n']
[2026-08-28T16:06:51.498+0000] {standard_task_runner.py:91} INFO - Job 45: Subtask bronze_users
[2026-08-28T16:06:51.767+0000] {task_command.py:426} INFO - Running <TaskInstance: lakehouse_pipeline.bronze_users manual__2026-08-28T16:06:50.662122+00:00 [running]> on host cd0d46b8a272
[2026-08-28T16:06:51.984+0000] {taskinstance.py:2648} INFO - Exporting env vars: AIRFLOW_CTX_DAG_OWNER='data_team' AIRFLOW_CTX_DAG_ID='lakehouse_pipeline' AIRFLOW_CTX_TASK_ID='bronze_users' AIRFLOW_CTX_EXECUTION_DATE='2026-08-28T16:06:50.662122+00:00' AIRFLOW_CTX_TRY_NUMBER='1' AIRFLOW_CTX_DAG_RUN_ID='manual__2026-08-28T16:06:50.662122+00:00'
[2026-08-28T16:06:51.986+0000] {taskinstance.py:430} INFO - ::endgroup::
[2026-08-28T16:06:52.090+0000] {base.py:84} INFO - Using connection ID 'spark_default' for task execution.
[2026-08-28T16:06:52.097+0000] {spark_submit.py:401} INFO - Spark-Submit cmd: spark-submit --master spark-master:7077 --py-files /opt/spark/utils/job_control.py,/opt/spark/utils/validation.py --name arrow-spark /opt/spark/jobs/ingest_bronze.py --table users
[2026-08-28T16:06:52.121+0000] {spark_submit.py:571} INFO - /opt/spark/bin/load-spark-env.sh: line 68: ps: command not found
[2026-08-28T16:07:00.468+0000] {spark_submit.py:571} INFO - 26/08/28 16:07:00 ERROR SparkContext: Error initializing SparkContext.
[2026-08-28T16:07:00.470+0000] {spark_submit.py:571} INFO - org.apache.spark.SparkException: Could not parse Master URL: 'spark-master:7077'
[2026-08-28T16:07:00.474+0000] {spark_submit.py:571} INFO - at org.apache.spark.SparkContext$.org$apache$spark$SparkContext$$createTaskScheduler(SparkContext.scala:3199) ~[spark-core_2.12-3.5.1.jar:3.5.1]
[2026-08-28T16:07:00.479+0000] {spark_submit.py:571} INFO - at org.apache.spark.SparkContext.<init>(SparkContext.scala:582) [spark-core_2.12-3.5.1.jar:3.5.1]
[2026-08-28T16:07:00.480+0000] {spark_submit.py:571} INFO - at org.apache.spark.api.java.JavaSparkContext.<init>(JavaSparkContext.scala:58) [spark-core_2.12-3.5.1.jar:3.5.1]
[2026-08-28T16:07:00.480+0000] {spark_submit.py:571} INFO - at jdk.internal.reflect.NativeConstructorAccessorImpl.newInstance0(Native Method) ~[?:?]
[2026-08-28T16:07:00.481+0000] {spark_submit.py:571} INFO - at jdk.internal.reflect.NativeConstructorAccessorImpl.newInstance(NativeConstructorAccessorImpl.java:77) [?:?]
[2026-08-28T16:07:00.482+0000] {spark_submit.py:571} INFO - at jdk.internal.reflect.DelegatingConstructorAccessorImpl.newInstance(DelegatingConstructorAccessorImpl.java:45) [?:?]
[2026-08-28T16:07:00.482+0000] {spark_submit.py:571} INFO - at java.lang.reflect.Constructor.newInstanceWithCaller(Constructor.java:500) [?:?]
[2026-08-28T16:07:00.483+0000] {spark_submit.py:571} INFO - at java.lang.reflect.Constructor.newInstance(Constructor.java:481) [?:?]
[2026-08-28T16:07:00.488+0000] {spark_submit.py:571} INFO - at py4j.reflection.MethodInvoker.invoke(MethodInvoker.java:247) [py4j-0.10.9.7.jar:?]
[2026-08-28T16:07:00.490+0000] {spark_submit.py:571} INFO - at py4j.reflection.ReflectionEngine.invoke(ReflectionEngine.java:374) [py4j-0.10.9.7.jar:?]
[2026-08-28T16:07:00.491+0000] {spark_submit.py:571} INFO - at py4j.Gateway.invoke(Gateway.java:238) [py4j-0.10.9.7.jar:?]
[2026-08-28T16:07:00.492+0000] {spark_submit.py:571} INFO - at py4j.commands.ConstructorCommand.invokeConstructor(ConstructorCommand.java:80) [py4j-0.10.9.7.jar:?]
[2026-08-28T16:07:00.495+0000] {spark_submit.py:571} INFO - at py4j.commands.ConstructorCommand.execute(ConstructorCommand.java:69) [py4j-0.10.9.7.jar:?]
[2026-08-28T16:07:00.495+0000] {spark_submit.py:571} INFO - at py4j.ClientServerConnection.waitForCommands(ClientServerConnection.java:182) [py4j-0.10.9.7.jar:?]
[2026-08-28T16:07:00.498+0000] {spark_submit.py:571} INFO - at py4j.ClientServerConnection.run(ClientServerConnection.java:106) [py4j-0.10.9.7.jar:?]
[2026-08-28T16:07:00.499+0000] {spark_submit.py:571} INFO - at java.lang.Thread.run(Thread.java:840) [?:?]
[2026-08-28T16:07:00.681+0000] {spark_submit.py:571} INFO - 26/08/28 16:07:00 WARN MetricsSystem: Stopping a MetricsSystem that is not running
[2026-08-28T16:07:00.716+0000] {spark_submit.py:571} INFO - Traceback (most recent call last):
[2026-08-28T16:07:00.717+0000] {spark_submit.py:571} INFO - File "/opt/spark/jobs/ingest_bronze.py", line 186, in <module>
[2026-08-28T16:07:00.721+0000] {spark_submit.py:571} INFO - main()
[2026-08-28T16:07:00.722+0000] {spark_submit.py:571} INFO - File "/opt/spark/jobs/ingest_bronze.py", line 176, in main
[2026-08-28T16:07:00.723+0000] {spark_submit.py:571} INFO - spark = create_spark_session()
[2026-08-28T16:07:00.724+0000] {spark_submit.py:571} INFO - File "/opt/spark/jobs/ingest_bronze.py", line 12, in create_spark_session
[2026-08-28T16:07:00.726+0000] {spark_submit.py:571} INFO - .getOrCreate()
[2026-08-28T16:07:00.728+0000] {spark_submit.py:571} INFO - File "/opt/spark/python/lib/pyspark.zip/pyspark/sql/session.py", line 497, in getOrCreate
[2026-08-28T16:07:00.730+0000] {spark_submit.py:571} INFO - File "/opt/spark/python/lib/pyspark.zip/pyspark/context.py", line 515, in getOrCreate
[2026-08-28T16:07:00.732+0000] {spark_submit.py:571} INFO - File "/opt/spark/python/lib/pyspark.zip/pyspark/context.py", line 203, in __init__
[2026-08-28T16:07:00.734+0000] {spark_submit.py:571} INFO - File "/opt/spark/python/lib/pyspark.zip/pyspark/context.py", line 296, in _do_init
[2026-08-28T16:07:00.736+0000] {spark_submit.py:571} INFO - File "/opt/spark/python/lib/pyspark.zip/pyspark/context.py", line 421, in _initialize_context
[2026-08-28T16:07:00.737+0000] {spark_submit.py:571} INFO - File "/opt/spark/python/lib/py4j-0.10.9.7-src.zip/py4j/java_gateway.py", line 1587, in __call__
[2026-08-28T16:07:00.739+0000] {spark_submit.py:571} INFO - File "/opt/spark/python/lib/py4j-0.10.9.7-src.zip/py4j/protocol.py", line 326, in get_return_value
[2026-08-28T16:07:00.740+0000] {spark_submit.py:571} INFO - py4j.protocol.Py4JJavaError: An error occurred while calling None.org.apache.spark.api.java.JavaSparkContext.
[2026-08-28T16:07:00.748+0000] {spark_submit.py:571} INFO - : org.apache.spark.SparkException: Could not parse Master URL: 'spark-master:7077'
[2026-08-28T16:07:00.749+0000] {spark_submit.py:571} INFO - at org.apache.spark.SparkContext$.org$apache$spark$SparkContext$$createTaskScheduler(SparkContext.scala:3199)
[2026-08-28T16:07:00.753+0000] {spark_submit.py:571} INFO - at org.apache.spark.SparkContext.<init>(SparkContext.scala:582)
[2026-08-28T16:07:00.755+0000] {spark_submit.py:571} INFO - at org.apache.spark.api.java.JavaSparkContext.<init>(JavaSparkContext.scala:58)
[2026-08-28T16:07:00.756+0000] {spark_submit.py:571} INFO - at java.base/jdk.internal.reflect.NativeConstructorAccessorImpl.newInstance0(Native Method)
[2026-08-28T16:07:00.758+0000] {spark_submit.py:571} INFO - at java.base/jdk.internal.reflect.NativeConstructorAccessorImpl.newInstance(NativeConstructorAccessorImpl.java:77)
[2026-08-28T16:07:00.761+0000] {spark_submit.py:571} INFO - at java.base/jdk.internal.reflect.DelegatingConstructorAccessorImpl.newInstance(DelegatingConstructorAccessorImpl.java:45)
[2026-08-28T16:07:00.762+0000] {spark_submit.py:571} INFO - at java.base/java.lang.reflect.Constructor.newInstanceWithCaller(Constructor.java:500)
[2026-08-28T16:07:00.763+0000] {spark_submit.py:571} INFO - at java.base/java.lang.reflect.Constructor.newInstance(Constructor.java:481)
[2026-08-28T16:07:00.764+0000] {spark_submit.py:571} INFO - at py4j.reflection.MethodInvoker.invoke(MethodInvoker.java:247)
[2026-08-28T16:07:00.764+0000] {spark_submit.py:571} INFO - at py4j.reflection.ReflectionEngine.invoke(ReflectionEngine.java:374)
[2026-08-28T16:07:00.765+0000] {spark_submit.py:571} INFO - at py4j.Gateway.invoke(Gateway.java:238)
[2026-08-28T16:07:00.771+0000] {spark_submit.py:571} INFO - at py4j.commands.ConstructorCommand.invokeConstructor(ConstructorCommand.java:80)
[2026-08-28T16:07:00.772+0000] {spark_submit.py:571} INFO - at py4j.commands.ConstructorCommand.execute(ConstructorCommand.java:69)
[2026-08-28T16:07:00.776+0000] {spark_submit.py:571} INFO - at py4j.ClientServerConnection.waitForCommands(ClientServerConnection.java:182)
[2026-08-28T16:07:00.781+0000] {spark_submit.py:571} INFO - at py4j.ClientServerConnection.run(ClientServerConnection.java:106)
[2026-08-28T16:07:00.783+0000] {spark_submit.py:571} INFO - at java.base/java.lang.Thread.run(Thread.java:840)
[2026-08-28T16:07:00.786+0000] {spark_submit.py:571} INFO - 
[2026-08-28T16:07:00.963+0000] {taskinstance.py:441} INFO - ::group::Post task execution logs
[2026-08-28T16:07:00.984+0000] {taskinstance.py:2905} ERROR - Task failed with exception
Traceback (most recent call last):
  File "/home/airflow/.local/lib/python3.10/site-packages/airflow/models/taskinstance.py", line 465, in _execute_task
    result = _execute_callable(context=context, **execute_callable_kwargs)
  File "/home/airflow/.local/lib/python3.10/site-packages/airflow/models/taskinstance.py", line 432, in _execute_callable
    return execute_callable(context=context, **execute_callable_kwargs)
  File "/home/airflow/.local/lib/python3.10/site-packages/airflow/models/baseoperator.py", line 401, in wrapper
    return func(self, *args, **kwargs)
  File "/home/airflow/.local/lib/python3.10/site-packages/airflow/providers/apache/spark/operators/spark_submit.py", line 174, in execute
    self._hook.submit(self.application)
  File "/home/airflow/.local/lib/python3.10/site-packages/airflow/providers/apache/spark/hooks/spark_submit.py", line 502, in submit
    raise AirflowException(
airflow.exceptions.AirflowException: Cannot execute: spark-submit --master spark-master:7077 --py-files /opt/spark/utils/job_control.py,/opt/spark/utils/validation.py --name arrow-spark /opt/spark/jobs/ingest_bronze.py --table users. Error code is: 1.
[2026-08-28T16:07:00.989+0000] {taskinstance.py:1206} INFO - Marking task as UP_FOR_RETRY. dag_id=lakehouse_pipeline, task_id=bronze_users, run_id=manual__2026-08-28T16:06:50.662122+00:00, execution_date=20260828T160650, start_date=20260828T160651, end_date=20260828T160700
[2026-08-28T16:07:01.021+0000] {standard_task_runner.py:110} ERROR - Failed to execute job 45 for task bronze_users (Cannot execute: spark-submit --master spark-master:7077 --py-files /opt/spark/utils/job_control.py,/opt/spark/utils/validation.py --name arrow-spark /opt/spark/jobs/ingest_bronze.py --table users. Error code is: 1.; 180)
[2026-08-28T16:07:01.041+0000] {local_task_job_runner.py:243} INFO - Task exited with return code 1
[2026-08-28T16:07:01.056+0000] {local_task_job_runner.py:222} INFO - ::endgroup::
