[2026-08-28T16:12:53.430+0000] {local_task_job_runner.py:120} INFO - ::group::Pre task execution logs
[2026-08-28T16:12:53.480+0000] {taskinstance.py:2076} INFO - Dependencies all met for dep_context=non-requeueable deps ti=<TaskInstance: lakehouse_pipeline.bronze_products manual__2026-08-28T16:12:52.348488+00:00 [queued]>
[2026-08-28T16:12:53.490+0000] {taskinstance.py:2076} INFO - Dependencies all met for dep_context=requeueable deps ti=<TaskInstance: lakehouse_pipeline.bronze_products manual__2026-08-28T16:12:52.348488+00:00 [queued]>
[2026-08-28T16:12:53.491+0000] {taskinstance.py:2306} INFO - Starting attempt 1 of 3
[2026-08-28T16:12:53.507+0000] {taskinstance.py:2330} INFO - Executing <Task(SparkSubmitOperator): bronze_products> on 2026-08-28 16:12:52.348488+00:00
[2026-08-28T16:12:53.514+0000] {standard_task_runner.py:64} INFO - Started process 1160 to run task
[2026-08-28T16:12:53.519+0000] {standard_task_runner.py:90} INFO - Running: ['airflow', 'tasks', 'run', 'lakehouse_pipeline', 'bronze_products', 'manual__2026-08-28T16:12:52.348488+00:00', '--job-id', '52', '--raw', '--subdir', 'DAGS_FOLDER/lakehouse_pipeline.py', '--cfg-path', '/tmp/tmp5qf_kqre']
[2026-08-28T16:12:53.522+0000] {standard_task_runner.py:91} INFO - Job 52: Subtask bronze_products
[2026-08-28T16:12:53.614+0000] {task_command.py:426} INFO - Running <TaskInstance: lakehouse_pipeline.bronze_products manual__2026-08-28T16:12:52.348488+00:00 [running]> on host cd0d46b8a272
[2026-08-28T16:12:53.748+0000] {taskinstance.py:2648} INFO - Exporting env vars: AIRFLOW_CTX_DAG_OWNER='data_team' AIRFLOW_CTX_DAG_ID='lakehouse_pipeline' AIRFLOW_CTX_TASK_ID='bronze_products' AIRFLOW_CTX_EXECUTION_DATE='2026-08-28T16:12:52.348488+00:00' AIRFLOW_CTX_TRY_NUMBER='1' AIRFLOW_CTX_DAG_RUN_ID='manual__2026-08-28T16:12:52.348488+00:00'
[2026-08-28T16:12:53.749+0000] {taskinstance.py:430} INFO - ::endgroup::
[2026-08-28T16:12:53.769+0000] {base.py:84} INFO - Using connection ID 'spark_default' for task execution.
[2026-08-28T16:12:53.770+0000] {spark_submit.py:401} INFO - Spark-Submit cmd: spark-submit --master spark-master:7077 --conf spark.master=spark://spark-master:7077 --conf spark.driver.host=airflow-scheduler --conf spark.driver.bindAddress=0.0.0.0 --py-files /opt/spark/utils/job_control.py,/opt/spark/utils/validation.py --name arrow-spark /opt/spark/jobs/ingest_bronze.py --table products
[2026-08-28T16:12:53.783+0000] {spark_submit.py:571} INFO - /opt/spark/bin/load-spark-env.sh: line 68: ps: command not found
[2026-08-28T16:13:00.986+0000] {spark_submit.py:571} INFO - 26/08/28 16:13:00 WARN Utils: Service 'SparkUI' could not bind on port 4040. Attempting port 4041.
[2026-08-28T16:13:01.026+0000] {spark_submit.py:571} INFO - 26/08/28 16:13:01 WARN Utils: Service 'SparkUI' could not bind on port 4041. Attempting port 4042.
[2026-08-28T16:13:01.027+0000] {spark_submit.py:571} INFO - 26/08/28 16:13:01 WARN Utils: Service 'SparkUI' could not bind on port 4042. Attempting port 4043.
[2026-08-28T16:13:01.442+0000] {spark_submit.py:571} INFO - 26/08/28 16:13:01 ERROR SparkContext: Error initializing SparkContext.
[2026-08-28T16:13:01.443+0000] {spark_submit.py:571} INFO - org.apache.spark.SparkException: Could not parse Master URL: 'spark-master:7077'
[2026-08-28T16:13:01.444+0000] {spark_submit.py:571} INFO - at org.apache.spark.SparkContext$.org$apache$spark$SparkContext$$createTaskScheduler(SparkContext.scala:3199) ~[spark-core_2.12-3.5.1.jar:3.5.1]
[2026-08-28T16:13:01.445+0000] {spark_submit.py:571} INFO - at org.apache.spark.SparkContext.<init>(SparkContext.scala:582) [spark-core_2.12-3.5.1.jar:3.5.1]
[2026-08-28T16:13:01.451+0000] {spark_submit.py:571} INFO - at org.apache.spark.api.java.JavaSparkContext.<init>(JavaSparkContext.scala:58) [spark-core_2.12-3.5.1.jar:3.5.1]
[2026-08-28T16:13:01.452+0000] {spark_submit.py:571} INFO - at jdk.internal.reflect.NativeConstructorAccessorImpl.newInstance0(Native Method) ~[?:?]
[2026-08-28T16:13:01.454+0000] {spark_submit.py:571} INFO - at jdk.internal.reflect.NativeConstructorAccessorImpl.newInstance(NativeConstructorAccessorImpl.java:77) [?:?]
[2026-08-28T16:13:01.455+0000] {spark_submit.py:571} INFO - at jdk.internal.reflect.DelegatingConstructorAccessorImpl.newInstance(DelegatingConstructorAccessorImpl.java:45) [?:?]
[2026-08-28T16:13:01.456+0000] {spark_submit.py:571} INFO - at java.lang.reflect.Constructor.newInstanceWithCaller(Constructor.java:500) [?:?]
[2026-08-28T16:13:01.457+0000] {spark_submit.py:571} INFO - at java.lang.reflect.Constructor.newInstance(Constructor.java:481) [?:?]
[2026-08-28T16:13:01.457+0000] {spark_submit.py:571} INFO - at py4j.reflection.MethodInvoker.invoke(MethodInvoker.java:247) [py4j-0.10.9.7.jar:?]
[2026-08-28T16:13:01.459+0000] {spark_submit.py:571} INFO - at py4j.reflection.ReflectionEngine.invoke(ReflectionEngine.java:374) [py4j-0.10.9.7.jar:?]
[2026-08-28T16:13:01.459+0000] {spark_submit.py:571} INFO - at py4j.Gateway.invoke(Gateway.java:238) [py4j-0.10.9.7.jar:?]
[2026-08-28T16:13:01.461+0000] {spark_submit.py:571} INFO - at py4j.commands.ConstructorCommand.invokeConstructor(ConstructorCommand.java:80) [py4j-0.10.9.7.jar:?]
[2026-08-28T16:13:01.463+0000] {spark_submit.py:571} INFO - at py4j.commands.ConstructorCommand.execute(ConstructorCommand.java:69) [py4j-0.10.9.7.jar:?]
[2026-08-28T16:13:01.464+0000] {spark_submit.py:571} INFO - at py4j.ClientServerConnection.waitForCommands(ClientServerConnection.java:182) [py4j-0.10.9.7.jar:?]
[2026-08-28T16:13:01.469+0000] {spark_submit.py:571} INFO - at py4j.ClientServerConnection.run(ClientServerConnection.java:106) [py4j-0.10.9.7.jar:?]
[2026-08-28T16:13:01.470+0000] {spark_submit.py:571} INFO - at java.lang.Thread.run(Thread.java:840) [?:?]
[2026-08-28T16:13:01.596+0000] {spark_submit.py:571} INFO - 26/08/28 16:13:01 WARN MetricsSystem: Stopping a MetricsSystem that is not running
[2026-08-28T16:13:01.664+0000] {spark_submit.py:571} INFO - Traceback (most recent call last):
[2026-08-28T16:13:01.665+0000] {spark_submit.py:571} INFO - File "/opt/spark/jobs/ingest_bronze.py", line 186, in <module>
[2026-08-28T16:13:01.676+0000] {spark_submit.py:571} INFO - main()
[2026-08-28T16:13:01.677+0000] {spark_submit.py:571} INFO - File "/opt/spark/jobs/ingest_bronze.py", line 176, in main
[2026-08-28T16:13:01.683+0000] {spark_submit.py:571} INFO - spark = create_spark_session()
[2026-08-28T16:13:01.686+0000] {spark_submit.py:571} INFO - File "/opt/spark/jobs/ingest_bronze.py", line 12, in create_spark_session
[2026-08-28T16:13:01.692+0000] {spark_submit.py:571} INFO - .getOrCreate()
[2026-08-28T16:13:01.693+0000] {spark_submit.py:571} INFO - File "/opt/spark/python/lib/pyspark.zip/pyspark/sql/session.py", line 497, in getOrCreate
[2026-08-28T16:13:01.695+0000] {spark_submit.py:571} INFO - File "/opt/spark/python/lib/pyspark.zip/pyspark/context.py", line 515, in getOrCreate
[2026-08-28T16:13:01.695+0000] {spark_submit.py:571} INFO - File "/opt/spark/python/lib/pyspark.zip/pyspark/context.py", line 203, in __init__
[2026-08-28T16:13:01.696+0000] {spark_submit.py:571} INFO - File "/opt/spark/python/lib/pyspark.zip/pyspark/context.py", line 296, in _do_init
[2026-08-28T16:13:01.697+0000] {spark_submit.py:571} INFO - File "/opt/spark/python/lib/pyspark.zip/pyspark/context.py", line 421, in _initialize_context
[2026-08-28T16:13:01.698+0000] {spark_submit.py:571} INFO - File "/opt/spark/python/lib/py4j-0.10.9.7-src.zip/py4j/java_gateway.py", line 1587, in __call__
[2026-08-28T16:13:01.699+0000] {spark_submit.py:571} INFO - File "/opt/spark/python/lib/py4j-0.10.9.7-src.zip/py4j/protocol.py", line 326, in get_return_value
[2026-08-28T16:13:01.701+0000] {spark_submit.py:571} INFO - py4j.protocol.Py4JJavaError: An error occurred while calling None.org.apache.spark.api.java.JavaSparkContext.
[2026-08-28T16:13:01.702+0000] {spark_submit.py:571} INFO - : org.apache.spark.SparkException: Could not parse Master URL: 'spark-master:7077'
[2026-08-28T16:13:01.703+0000] {spark_submit.py:571} INFO - at org.apache.spark.SparkContext$.org$apache$spark$SparkContext$$createTaskScheduler(SparkContext.scala:3199)
[2026-08-28T16:13:01.706+0000] {spark_submit.py:571} INFO - at org.apache.spark.SparkContext.<init>(SparkContext.scala:582)
[2026-08-28T16:13:01.707+0000] {spark_submit.py:571} INFO - at org.apache.spark.api.java.JavaSparkContext.<init>(JavaSparkContext.scala:58)
[2026-08-28T16:13:01.710+0000] {spark_submit.py:571} INFO - at java.base/jdk.internal.reflect.NativeConstructorAccessorImpl.newInstance0(Native Method)
[2026-08-28T16:13:01.712+0000] {spark_submit.py:571} INFO - at java.base/jdk.internal.reflect.NativeConstructorAccessorImpl.newInstance(NativeConstructorAccessorImpl.java:77)
[2026-08-28T16:13:01.713+0000] {spark_submit.py:571} INFO - at java.base/jdk.internal.reflect.DelegatingConstructorAccessorImpl.newInstance(DelegatingConstructorAccessorImpl.java:45)
[2026-08-28T16:13:01.713+0000] {spark_submit.py:571} INFO - at java.base/java.lang.reflect.Constructor.newInstanceWithCaller(Constructor.java:500)
[2026-08-28T16:13:01.715+0000] {spark_submit.py:571} INFO - at java.base/java.lang.reflect.Constructor.newInstance(Constructor.java:481)
[2026-08-28T16:13:01.715+0000] {spark_submit.py:571} INFO - at py4j.reflection.MethodInvoker.invoke(MethodInvoker.java:247)
[2026-08-28T16:13:01.716+0000] {spark_submit.py:571} INFO - at py4j.reflection.ReflectionEngine.invoke(ReflectionEngine.java:374)
[2026-08-28T16:13:01.716+0000] {spark_submit.py:571} INFO - at py4j.Gateway.invoke(Gateway.java:238)
[2026-08-28T16:13:01.717+0000] {spark_submit.py:571} INFO - at py4j.commands.ConstructorCommand.invokeConstructor(ConstructorCommand.java:80)
[2026-08-28T16:13:01.718+0000] {spark_submit.py:571} INFO - at py4j.commands.ConstructorCommand.execute(ConstructorCommand.java:69)
[2026-08-28T16:13:01.718+0000] {spark_submit.py:571} INFO - at py4j.ClientServerConnection.waitForCommands(ClientServerConnection.java:182)
[2026-08-28T16:13:01.720+0000] {spark_submit.py:571} INFO - at py4j.ClientServerConnection.run(ClientServerConnection.java:106)
[2026-08-28T16:13:01.721+0000] {spark_submit.py:571} INFO - at java.base/java.lang.Thread.run(Thread.java:840)
[2026-08-28T16:13:01.724+0000] {spark_submit.py:571} INFO - 
[2026-08-28T16:13:02.084+0000] {taskinstance.py:441} INFO - ::group::Post task execution logs
[2026-08-28T16:13:02.109+0000] {taskinstance.py:2905} ERROR - Task failed with exception
Traceback (most recent call last):
  File "/home/airflow/.local/lib/python3.10/site-packages/airflow/models/taskinstance.py", line 465, in _execute_task
    result = _execute_callable(context=context, **execute_callable_kwargs)
  File "/home/airflow/.local/lib/python3.10/site-packages/airflow/models/taskinstance.py", line 432, in _execute_callable
    return execute_callable(context=context, **execute_callable_kwargs)
  File "/home/airflow/.local/lib/python3.10/site-packages/airflow/models/baseoperator.py", line 401, in wrapper
    return func(self, *args, **kwargs)
  File "/home/airflow/.local/lib/python3.10/site-packages/airflow/providers/apache/spark/operators/spark_submit.py", line 174, in execute
    self._hook.submit(self.application)
  File "/home/airflow/.local/lib/python3.10/site-packages/airflow/providers/apache/spark/hooks/spark_submit.py", line 502, in submit
    raise AirflowException(
airflow.exceptions.AirflowException: Cannot execute: spark-submit --master spark-master:7077 --conf spark.master=spark://spark-master:7077 --conf spark.driver.host=airflow-scheduler --conf spark.driver.bindAddress=0.0.0.0 --py-files /opt/spark/utils/job_control.py,/opt/spark/utils/validation.py --name arrow-spark /opt/spark/jobs/ingest_bronze.py --table products. Error code is: 1.
[2026-08-28T16:13:02.114+0000] {taskinstance.py:1206} INFO - Marking task as UP_FOR_RETRY. dag_id=lakehouse_pipeline, task_id=bronze_products, run_id=manual__2026-08-28T16:12:52.348488+00:00, execution_date=20260828T161252, start_date=20260828T161253, end_date=20260828T161302
[2026-08-28T16:13:02.132+0000] {standard_task_runner.py:110} ERROR - Failed to execute job 52 for task bronze_products (Cannot execute: spark-submit --master spark-master:7077 --conf spark.master=spark://spark-master:7077 --conf spark.driver.host=airflow-scheduler --conf spark.driver.bindAddress=0.0.0.0 --py-files /opt/spark/utils/job_control.py,/opt/spark/utils/validation.py --name arrow-spark /opt/spark/jobs/ingest_bronze.py --table products. Error code is: 1.; 1160)
[2026-08-28T16:13:02.169+0000] {local_task_job_runner.py:243} INFO - Task exited with return code 1
[2026-08-28T16:13:02.204+0000] {taskinstance.py:3503} INFO - 0 downstream tasks scheduled from follow-on schedule check
[2026-08-28T16:13:02.207+0000] {local_task_job_runner.py:222} INFO - ::endgroup::
