[2026-08-29T08:21:37.141+0000] {local_task_job_runner.py:120} INFO - ::group::Pre task execution logs
[2026-08-29T08:21:37.304+0000] {taskinstance.py:2076} INFO - Dependencies all met for dep_context=non-requeueable deps ti=<TaskInstance: lakehouse_pipeline.silver_products manual__2026-08-29T08:18:38.734104+00:00 [queued]>
[2026-08-29T08:21:37.314+0000] {taskinstance.py:2076} INFO - Dependencies all met for dep_context=requeueable deps ti=<TaskInstance: lakehouse_pipeline.silver_products manual__2026-08-29T08:18:38.734104+00:00 [queued]>
[2026-08-29T08:21:37.315+0000] {taskinstance.py:2306} INFO - Starting attempt 1 of 3
[2026-08-29T08:21:37.336+0000] {taskinstance.py:2330} INFO - Executing <Task(SparkSubmitOperator): silver_products> on 2026-08-29 08:18:38.734104+00:00
[2026-08-29T08:21:37.343+0000] {standard_task_runner.py:64} INFO - Started process 1781 to run task
[2026-08-29T08:21:37.347+0000] {standard_task_runner.py:90} INFO - Running: ['airflow', 'tasks', 'run', 'lakehouse_pipeline', 'silver_products', 'manual__2026-08-29T08:18:38.734104+00:00', '--job-id', '20', '--raw', '--subdir', 'DAGS_FOLDER/lakehouse_pipeline.py', '--cfg-path', '/tmp/tmpfxoy4o5n']
[2026-08-29T08:21:37.350+0000] {standard_task_runner.py:91} INFO - Job 20: Subtask silver_products
[2026-08-29T08:21:37.426+0000] {task_command.py:426} INFO - Running <TaskInstance: lakehouse_pipeline.silver_products manual__2026-08-29T08:18:38.734104+00:00 [running]> on host c6b777e57b46
[2026-08-29T08:21:37.565+0000] {taskinstance.py:2648} INFO - Exporting env vars: AIRFLOW_CTX_DAG_OWNER='data_team' AIRFLOW_CTX_DAG_ID='lakehouse_pipeline' AIRFLOW_CTX_TASK_ID='silver_products' AIRFLOW_CTX_EXECUTION_DATE='2026-08-29T08:18:38.734104+00:00' AIRFLOW_CTX_TRY_NUMBER='1' AIRFLOW_CTX_DAG_RUN_ID='manual__2026-08-29T08:18:38.734104+00:00'
[2026-08-29T08:21:37.566+0000] {taskinstance.py:430} INFO - ::endgroup::
[2026-08-29T08:21:37.617+0000] {base.py:84} INFO - Using connection ID 'spark_default' for task execution.
[2026-08-29T08:21:37.619+0000] {spark_submit.py:401} INFO - Spark-Submit cmd: spark-submit --master spark://spark-master:7077 --conf spark.cores.max=1 --conf spark.executor.memory=1g --conf spark.driver.host=airflow-scheduler --conf spark.driver.bindAddress=0.0.0.0 --py-files /opt/spark/utils/job_control.py,/opt/spark/utils/validation.py --name arrow-spark --deploy-mode client /opt/spark/jobs/transform_silver.py --table products
[2026-08-29T08:21:37.649+0000] {spark_submit.py:571} INFO - /opt/spark/bin/load-spark-env.sh: line 68: ps: command not found
[2026-08-29T08:21:44.279+0000] {spark_submit.py:571} INFO - --- BẮT ĐẦU TRANSFORM SILVER ---
[2026-08-29T08:21:44.280+0000] {spark_submit.py:571} INFO - 
[2026-08-29T08:21:44.281+0000] {spark_submit.py:571} INFO - ========== SILVER: products ==========
[2026-08-29T08:22:07.407+0000] {spark_submit.py:571} INFO - 26/08/29 08:22:07 WARN SparkStringUtils: Truncated the string representation of a plan since it was too large. This behavior can be adjusted by setting 'spark.sql.debug.maxToStringFields'.
[2026-08-29T08:22:29.442+0000] {spark_submit.py:571} INFO - [Silver] products: FIRST RUN
[2026-08-29T08:22:29.453+0000] {spark_submit.py:571} INFO - [Watermark] Previous: None
[2026-08-29T08:22:47.369+0000] {spark_submit.py:571} INFO - [VALIDATION] silver_products: 1000 -> 1000 rows (0.00% loss)
[2026-08-29T08:22:51.329+0000] {spark_submit.py:571} INFO - [VALIDATION] silver_products.price_positive: 0 vi phạm (0.00%)
[2026-08-29T08:22:54.224+0000] {spark_submit.py:571} INFO - [VALIDATION] silver_products.stock_non_negative: 0 vi phạm (0.00%)
[2026-08-29T08:22:59.982+0000] {spark_submit.py:571} INFO - 26/08/29 08:22:59 WARN HiveExternalCatalog: Couldn't find corresponding Hive SerDe for data source provider delta. Persisting data source table `spark_catalog`.`silver`.`silver_products` into Hive metastore in Spark SQL specific format, which is NOT compatible with Hive.
[2026-08-29T08:23:00.661+0000] {spark_submit.py:571} INFO - [Silver] Created silver.silver_products
[2026-08-29T08:23:02.031+0000] {spark_submit.py:571} INFO - [Watermark] New: 2026-08-29 08:19:20.062829
[2026-08-29T08:23:04.445+0000] {spark_submit.py:571} INFO - [JOB_CONTROL] Insert log success
[2026-08-29T08:23:06.108+0000] {spark_submit.py:571} INFO - [Silver] products: 1000 rows -> silver.silver_products
[2026-08-29T08:23:07.102+0000] {taskinstance.py:441} INFO - ::group::Post task execution logs
[2026-08-29T08:23:07.119+0000] {taskinstance.py:1206} INFO - Marking task as SUCCESS. dag_id=lakehouse_pipeline, task_id=silver_products, run_id=manual__2026-08-29T08:18:38.734104+00:00, execution_date=20260829T081838, start_date=20260829T082137, end_date=20260829T082307
[2026-08-29T08:23:07.147+0000] {local_task_job_runner.py:243} INFO - Task exited with return code 0
[2026-08-29T08:23:07.180+0000] {taskinstance.py:3503} INFO - 1 downstream tasks scheduled from follow-on schedule check
[2026-08-29T08:23:07.184+0000] {local_task_job_runner.py:222} INFO - ::endgroup::
