[2026-08-28T16:23:07.023+0000] {local_task_job_runner.py:120} INFO - ::group::Pre task execution logs
[2026-08-28T16:23:07.068+0000] {taskinstance.py:2076} INFO - Dependencies all met for dep_context=non-requeueable deps ti=<TaskInstance: lakehouse_pipeline.bronze_sessions manual__2026-08-28T16:23:06.152795+00:00 [queued]>
[2026-08-28T16:23:07.078+0000] {taskinstance.py:2076} INFO - Dependencies all met for dep_context=requeueable deps ti=<TaskInstance: lakehouse_pipeline.bronze_sessions manual__2026-08-28T16:23:06.152795+00:00 [queued]>
[2026-08-28T16:23:07.079+0000] {taskinstance.py:2306} INFO - Starting attempt 1 of 3
[2026-08-28T16:23:07.108+0000] {taskinstance.py:2330} INFO - Executing <Task(SparkSubmitOperator): bronze_sessions> on 2026-08-28 16:23:06.152795+00:00
[2026-08-28T16:23:07.116+0000] {standard_task_runner.py:64} INFO - Started process 187 to run task
[2026-08-28T16:23:07.121+0000] {standard_task_runner.py:90} INFO - Running: ['airflow', 'tasks', 'run', 'lakehouse_pipeline', 'bronze_sessions', 'manual__2026-08-28T16:23:06.152795+00:00', '--job-id', '68', '--raw', '--subdir', 'DAGS_FOLDER/lakehouse_pipeline.py', '--cfg-path', '/tmp/tmpvwxcye8_']
[2026-08-28T16:23:07.124+0000] {standard_task_runner.py:91} INFO - Job 68: Subtask bronze_sessions
[2026-08-28T16:23:07.216+0000] {task_command.py:426} INFO - Running <TaskInstance: lakehouse_pipeline.bronze_sessions manual__2026-08-28T16:23:06.152795+00:00 [running]> on host 4bc193de6f25
[2026-08-28T16:23:07.336+0000] {taskinstance.py:2648} INFO - Exporting env vars: AIRFLOW_CTX_DAG_OWNER='data_team' AIRFLOW_CTX_DAG_ID='lakehouse_pipeline' AIRFLOW_CTX_TASK_ID='bronze_sessions' AIRFLOW_CTX_EXECUTION_DATE='2026-08-28T16:23:06.152795+00:00' AIRFLOW_CTX_TRY_NUMBER='1' AIRFLOW_CTX_DAG_RUN_ID='manual__2026-08-28T16:23:06.152795+00:00'
[2026-08-28T16:23:07.339+0000] {taskinstance.py:430} INFO - ::endgroup::
[2026-08-28T16:23:07.382+0000] {base.py:84} INFO - Using connection ID 'spark_default' for task execution.
[2026-08-28T16:23:07.385+0000] {spark_submit.py:401} INFO - Spark-Submit cmd: spark-submit --master spark://spark-master:7077 --py-files /opt/spark/utils/job_control.py,/opt/spark/utils/validation.py --name arrow-spark --deploy-mode client /opt/spark/jobs/ingest_bronze.py --table sessions
[2026-08-28T16:23:07.397+0000] {spark_submit.py:571} INFO - /opt/spark/bin/load-spark-env.sh: line 68: ps: command not found
[2026-08-28T16:23:14.866+0000] {spark_submit.py:571} INFO - 26/08/28 16:23:14 WARN Utils: Service 'SparkUI' could not bind on port 4040. Attempting port 4041.
[2026-08-28T16:23:14.913+0000] {spark_submit.py:571} INFO - 26/08/28 16:23:14 WARN Utils: Service 'SparkUI' could not bind on port 4041. Attempting port 4042.
[2026-08-28T16:23:17.728+0000] {spark_submit.py:571} INFO - --- BẮT ĐẦU LOAD TỪ DATABASE: sessions ---
[2026-08-28T16:23:50.170+0000] {spark_submit.py:571} INFO - 26/08/28 16:23:50 WARN SparkStringUtils: Truncated the string representation of a plan since it was too large. This behavior can be adjusted by setting 'spark.sql.debug.maxToStringFields'.
[2026-08-28T16:24:04.159+0000] {spark_submit.py:571} INFO - [Watermark] Previous: 2026-05-31 22:33:03.000001
[2026-08-28T16:24:04.160+0000] {spark_submit.py:571} INFO - [Load] Incremental load
[2026-08-28T16:24:04.557+0000] {spark_submit.py:571} INFO - [VALIDATION] bronze.bronze_sessions: schema OK (6 cột)
[2026-08-28T16:24:05.183+0000] {spark_submit.py:571} INFO - [VALIDATION] bronze.bronze_sessions: 0 rows (ngưỡng tối thiểu: 1)
[2026-08-28T16:24:05.691+0000] {spark_submit.py:571} INFO - Traceback (most recent call last):
[2026-08-28T16:24:05.691+0000] {spark_submit.py:571} INFO - File "/opt/spark/jobs/ingest_bronze.py", line 186, in <module>
[2026-08-28T16:24:05.701+0000] {spark_submit.py:571} INFO - main()
[2026-08-28T16:24:05.701+0000] {spark_submit.py:571} INFO - File "/opt/spark/jobs/ingest_bronze.py", line 181, in main
[2026-08-28T16:24:05.706+0000] {spark_submit.py:571} INFO - ingest_table(spark, table_name)
[2026-08-28T16:24:05.707+0000] {spark_submit.py:571} INFO - File "/opt/spark/jobs/ingest_bronze.py", line 125, in ingest_table
[2026-08-28T16:24:05.709+0000] {spark_submit.py:571} INFO - validate_minimum_row_count(df, table["min_rows"], bronze_table)
[2026-08-28T16:24:05.710+0000] {spark_submit.py:571} INFO - File "/tmp/localPyFiles-72b4c66e-60b3-4d5e-a7a5-8857b08fa5a8/validation.py", line 22, in validate_minimum_row_count
[2026-08-28T16:24:05.711+0000] {spark_submit.py:571} INFO - raise ValueError(
[2026-08-28T16:24:05.711+0000] {spark_submit.py:571} INFO - ValueError: [VALIDATION FAILED] bronze.bronze_sessions: chỉ có 0 dòng, thấp hơn ngưỡng tối thiểu 1 — nghi ngờ ingest bị thiếu
[2026-08-28T16:24:06.000+0000] {taskinstance.py:441} INFO - ::group::Post task execution logs
[2026-08-28T16:24:06.047+0000] {taskinstance.py:2905} ERROR - Task failed with exception
Traceback (most recent call last):
  File "/home/airflow/.local/lib/python3.10/site-packages/airflow/models/taskinstance.py", line 465, in _execute_task
    result = _execute_callable(context=context, **execute_callable_kwargs)
  File "/home/airflow/.local/lib/python3.10/site-packages/airflow/models/taskinstance.py", line 432, in _execute_callable
    return execute_callable(context=context, **execute_callable_kwargs)
  File "/home/airflow/.local/lib/python3.10/site-packages/airflow/models/baseoperator.py", line 401, in wrapper
    return func(self, *args, **kwargs)
  File "/home/airflow/.local/lib/python3.10/site-packages/airflow/providers/apache/spark/operators/spark_submit.py", line 174, in execute
    self._hook.submit(self.application)
  File "/home/airflow/.local/lib/python3.10/site-packages/airflow/providers/apache/spark/hooks/spark_submit.py", line 502, in submit
    raise AirflowException(
airflow.exceptions.AirflowException: Cannot execute: spark-submit --master spark://spark-master:7077 --py-files /opt/spark/utils/job_control.py,/opt/spark/utils/validation.py --name arrow-spark --deploy-mode client /opt/spark/jobs/ingest_bronze.py --table sessions. Error code is: 1.
[2026-08-28T16:24:06.065+0000] {taskinstance.py:1206} INFO - Marking task as UP_FOR_RETRY. dag_id=lakehouse_pipeline, task_id=bronze_sessions, run_id=manual__2026-08-28T16:23:06.152795+00:00, execution_date=20260828T162306, start_date=20260828T162307, end_date=20260828T162406
[2026-08-28T16:24:06.115+0000] {standard_task_runner.py:110} ERROR - Failed to execute job 68 for task bronze_sessions (Cannot execute: spark-submit --master spark://spark-master:7077 --py-files /opt/spark/utils/job_control.py,/opt/spark/utils/validation.py --name arrow-spark --deploy-mode client /opt/spark/jobs/ingest_bronze.py --table sessions. Error code is: 1.; 187)
[2026-08-28T16:24:06.149+0000] {local_task_job_runner.py:243} INFO - Task exited with return code 1
[2026-08-28T16:24:06.403+0000] {taskinstance.py:3503} INFO - 0 downstream tasks scheduled from follow-on schedule check
[2026-08-28T16:24:06.408+0000] {local_task_job_runner.py:222} INFO - ::endgroup::
