[2026-08-29T08:23:03.153+0000] {local_task_job_runner.py:120} INFO - ::group::Pre task execution logs
[2026-08-29T08:23:03.211+0000] {taskinstance.py:2076} INFO - Dependencies all met for dep_context=non-requeueable deps ti=<TaskInstance: lakehouse_pipeline.gold_dim_date manual__2026-08-29T08:18:38.734104+00:00 [queued]>
[2026-08-29T08:23:03.220+0000] {taskinstance.py:2076} INFO - Dependencies all met for dep_context=requeueable deps ti=<TaskInstance: lakehouse_pipeline.gold_dim_date manual__2026-08-29T08:18:38.734104+00:00 [queued]>
[2026-08-29T08:23:03.221+0000] {taskinstance.py:2306} INFO - Starting attempt 1 of 3
[2026-08-29T08:23:03.236+0000] {taskinstance.py:2330} INFO - Executing <Task(SparkSubmitOperator): gold_dim_date> on 2026-08-29 08:18:38.734104+00:00
[2026-08-29T08:23:03.241+0000] {standard_task_runner.py:64} INFO - Started process 2651 to run task
[2026-08-29T08:23:03.245+0000] {standard_task_runner.py:90} INFO - Running: ['airflow', 'tasks', 'run', 'lakehouse_pipeline', 'gold_dim_date', 'manual__2026-08-29T08:18:38.734104+00:00', '--job-id', '21', '--raw', '--subdir', 'DAGS_FOLDER/lakehouse_pipeline.py', '--cfg-path', '/tmp/tmpg0of0fi3']
[2026-08-29T08:23:03.247+0000] {standard_task_runner.py:91} INFO - Job 21: Subtask gold_dim_date
[2026-08-29T08:23:03.319+0000] {task_command.py:426} INFO - Running <TaskInstance: lakehouse_pipeline.gold_dim_date manual__2026-08-29T08:18:38.734104+00:00 [running]> on host c6b777e57b46
[2026-08-29T08:23:03.426+0000] {taskinstance.py:2648} INFO - Exporting env vars: AIRFLOW_CTX_DAG_OWNER='data_team' AIRFLOW_CTX_DAG_ID='lakehouse_pipeline' AIRFLOW_CTX_TASK_ID='gold_dim_date' AIRFLOW_CTX_EXECUTION_DATE='2026-08-29T08:18:38.734104+00:00' AIRFLOW_CTX_TRY_NUMBER='1' AIRFLOW_CTX_DAG_RUN_ID='manual__2026-08-29T08:18:38.734104+00:00'
[2026-08-29T08:23:03.427+0000] {taskinstance.py:430} INFO - ::endgroup::
[2026-08-29T08:23:03.454+0000] {base.py:84} INFO - Using connection ID 'spark_default' for task execution.
[2026-08-29T08:23:03.455+0000] {spark_submit.py:401} INFO - Spark-Submit cmd: spark-submit --master spark://spark-master:7077 --conf spark.cores.max=1 --conf spark.executor.memory=1g --conf spark.driver.host=airflow-scheduler --conf spark.driver.bindAddress=0.0.0.0 --py-files /opt/spark/utils/job_control.py,/opt/spark/utils/validation.py --name arrow-spark --deploy-mode client /opt/spark/jobs/build_gold.py --table dim_date
[2026-08-29T08:23:03.475+0000] {spark_submit.py:571} INFO - /opt/spark/bin/load-spark-env.sh: line 68: ps: command not found
[2026-08-29T08:23:10.295+0000] {spark_submit.py:571} INFO - --- BẮT ĐẦU BUILD GOLD: dim_date ---
[2026-08-29T08:23:15.947+0000] {spark_submit.py:571} INFO - 
[2026-08-29T08:23:15.948+0000] {spark_submit.py:571} INFO - ========== GOLD: gold.dim_date ==========
[2026-08-29T08:23:39.248+0000] {spark_submit.py:571} INFO - 26/08/29 08:23:39 WARN HiveExternalCatalog: Couldn't find corresponding Hive SerDe for data source provider delta. Persisting data source table `spark_catalog`.`gold`.`dim_date` into Hive metastore in Spark SQL specific format, which is NOT compatible with Hive.
[2026-08-29T08:23:41.108+0000] {spark_submit.py:571} INFO - [Gold] gold.dim_date: 1462 rows
[2026-08-29T08:23:41.615+0000] {taskinstance.py:441} INFO - ::group::Post task execution logs
[2026-08-29T08:23:41.639+0000] {taskinstance.py:1206} INFO - Marking task as SUCCESS. dag_id=lakehouse_pipeline, task_id=gold_dim_date, run_id=manual__2026-08-29T08:18:38.734104+00:00, execution_date=20260829T081838, start_date=20260829T082303, end_date=20260829T082341
[2026-08-29T08:23:41.724+0000] {local_task_job_runner.py:243} INFO - Task exited with return code 0
[2026-08-29T08:23:41.786+0000] {taskinstance.py:3503} INFO - 0 downstream tasks scheduled from follow-on schedule check
[2026-08-29T08:23:41.790+0000] {local_task_job_runner.py:222} INFO - ::endgroup::
