[2026-08-29T08:28:25.743+0000] {local_task_job_runner.py:120} INFO - ::group::Pre task execution logs
[2026-08-29T08:28:25.825+0000] {taskinstance.py:2076} INFO - Dependencies all met for dep_context=non-requeueable deps ti=<TaskInstance: lakehouse_pipeline.silver_reviews manual__2026-08-29T08:18:38.734104+00:00 [queued]>
[2026-08-29T08:28:25.849+0000] {taskinstance.py:2076} INFO - Dependencies all met for dep_context=requeueable deps ti=<TaskInstance: lakehouse_pipeline.silver_reviews manual__2026-08-29T08:18:38.734104+00:00 [queued]>
[2026-08-29T08:28:25.850+0000] {taskinstance.py:2306} INFO - Starting attempt 1 of 3
[2026-08-29T08:28:25.879+0000] {taskinstance.py:2330} INFO - Executing <Task(SparkSubmitOperator): silver_reviews> on 2026-08-29 08:18:38.734104+00:00
[2026-08-29T08:28:25.887+0000] {standard_task_runner.py:64} INFO - Started process 6264 to run task
[2026-08-29T08:28:25.894+0000] {standard_task_runner.py:90} INFO - Running: ['airflow', 'tasks', 'run', 'lakehouse_pipeline', 'silver_reviews', 'manual__2026-08-29T08:18:38.734104+00:00', '--job-id', '30', '--raw', '--subdir', 'DAGS_FOLDER/lakehouse_pipeline.py', '--cfg-path', '/tmp/tmpewuxzrtz']
[2026-08-29T08:28:25.898+0000] {standard_task_runner.py:91} INFO - Job 30: Subtask silver_reviews
[2026-08-29T08:28:25.984+0000] {task_command.py:426} INFO - Running <TaskInstance: lakehouse_pipeline.silver_reviews manual__2026-08-29T08:18:38.734104+00:00 [running]> on host c6b777e57b46
[2026-08-29T08:28:26.145+0000] {taskinstance.py:2648} INFO - Exporting env vars: AIRFLOW_CTX_DAG_OWNER='data_team' AIRFLOW_CTX_DAG_ID='lakehouse_pipeline' AIRFLOW_CTX_TASK_ID='silver_reviews' AIRFLOW_CTX_EXECUTION_DATE='2026-08-29T08:18:38.734104+00:00' AIRFLOW_CTX_TRY_NUMBER='1' AIRFLOW_CTX_DAG_RUN_ID='manual__2026-08-29T08:18:38.734104+00:00'
[2026-08-29T08:28:26.146+0000] {taskinstance.py:430} INFO - ::endgroup::
[2026-08-29T08:28:26.194+0000] {base.py:84} INFO - Using connection ID 'spark_default' for task execution.
[2026-08-29T08:28:26.198+0000] {spark_submit.py:401} INFO - Spark-Submit cmd: spark-submit --master spark://spark-master:7077 --conf spark.cores.max=1 --conf spark.executor.memory=1g --conf spark.driver.host=airflow-scheduler --conf spark.driver.bindAddress=0.0.0.0 --py-files /opt/spark/utils/job_control.py,/opt/spark/utils/validation.py --name arrow-spark --deploy-mode client /opt/spark/jobs/transform_silver.py --table reviews
[2026-08-29T08:28:26.226+0000] {spark_submit.py:571} INFO - /opt/spark/bin/load-spark-env.sh: line 68: ps: command not found
[2026-08-29T08:28:33.231+0000] {spark_submit.py:571} INFO - 26/08/29 08:28:33 WARN Utils: Service 'SparkUI' could not bind on port 4040. Attempting port 4041.
[2026-08-29T08:28:34.874+0000] {spark_submit.py:571} INFO - --- BẮT ĐẦU TRANSFORM SILVER ---
[2026-08-29T08:28:34.875+0000] {spark_submit.py:571} INFO - 
[2026-08-29T08:28:34.875+0000] {spark_submit.py:571} INFO - ========== SILVER: reviews ==========
[2026-08-29T08:29:00.449+0000] {spark_submit.py:571} INFO - 26/08/29 08:29:00 WARN SparkStringUtils: Truncated the string representation of a plan since it was too large. This behavior can be adjusted by setting 'spark.sql.debug.maxToStringFields'.
[2026-08-29T08:29:19.667+0000] {spark_submit.py:571} INFO - [Silver] reviews: FIRST RUN
[2026-08-29T08:29:19.667+0000] {spark_submit.py:571} INFO - [Watermark] Previous: None
[2026-08-29T08:29:37.262+0000] {spark_submit.py:571} INFO - [VALIDATION] silver_reviews: 1253 -> 1253 rows (0.00% loss)
[2026-08-29T08:29:42.331+0000] {spark_submit.py:571} INFO - [VALIDATION] silver_reviews.rating_in_range: 0 vi phạm (0.00%)
[2026-08-29T08:29:47.652+0000] {spark_submit.py:571} INFO - 26/08/29 08:29:47 WARN HiveExternalCatalog: Couldn't find corresponding Hive SerDe for data source provider delta. Persisting data source table `spark_catalog`.`silver`.`silver_reviews` into Hive metastore in Spark SQL specific format, which is NOT compatible with Hive.
[2026-08-29T08:29:47.975+0000] {spark_submit.py:571} INFO - [Silver] Created silver.silver_reviews
[2026-08-29T08:29:49.703+0000] {spark_submit.py:571} INFO - [Watermark] New: 2026-08-29 08:27:17.892485
[2026-08-29T08:29:53.017+0000] {spark_submit.py:571} INFO - [JOB_CONTROL] Insert log success
[2026-08-29T08:29:54.794+0000] {spark_submit.py:571} INFO - [Silver] reviews: 1253 rows -> silver.silver_reviews
[2026-08-29T08:29:55.547+0000] {taskinstance.py:441} INFO - ::group::Post task execution logs
[2026-08-29T08:29:55.571+0000] {taskinstance.py:1206} INFO - Marking task as SUCCESS. dag_id=lakehouse_pipeline, task_id=silver_reviews, run_id=manual__2026-08-29T08:18:38.734104+00:00, execution_date=20260829T081838, start_date=20260829T082825, end_date=20260829T082955
[2026-08-29T08:29:55.638+0000] {local_task_job_runner.py:243} INFO - Task exited with return code 0
[2026-08-29T08:29:55.668+0000] {taskinstance.py:3503} INFO - 0 downstream tasks scheduled from follow-on schedule check
[2026-08-29T08:29:55.671+0000] {local_task_job_runner.py:222} INFO - ::endgroup::
