[2026-08-28T16:42:12.428+0000] {local_task_job_runner.py:120} INFO - ::group::Pre task execution logs
[2026-08-28T16:42:12.474+0000] {taskinstance.py:2076} INFO - Dependencies all met for dep_context=non-requeueable deps ti=<TaskInstance: lakehouse_pipeline.gold_dim_date manual__2026-08-28T16:30:30.306821+00:00 [queued]>
[2026-08-28T16:42:12.484+0000] {taskinstance.py:2076} INFO - Dependencies all met for dep_context=requeueable deps ti=<TaskInstance: lakehouse_pipeline.gold_dim_date manual__2026-08-28T16:30:30.306821+00:00 [queued]>
[2026-08-28T16:42:12.485+0000] {taskinstance.py:2306} INFO - Starting attempt 2 of 3
[2026-08-28T16:42:12.501+0000] {taskinstance.py:2330} INFO - Executing <Task(SparkSubmitOperator): gold_dim_date> on 2026-08-28 16:30:30.306821+00:00
[2026-08-28T16:42:12.507+0000] {standard_task_runner.py:64} INFO - Started process 173 to run task
[2026-08-28T16:42:12.513+0000] {standard_task_runner.py:90} INFO - Running: ['airflow', 'tasks', 'run', 'lakehouse_pipeline', 'gold_dim_date', 'manual__2026-08-28T16:30:30.306821+00:00', '--job-id', '77', '--raw', '--subdir', 'DAGS_FOLDER/lakehouse_pipeline.py', '--cfg-path', '/tmp/tmpgh9hvhwx']
[2026-08-28T16:42:12.518+0000] {standard_task_runner.py:91} INFO - Job 77: Subtask gold_dim_date
[2026-08-28T16:42:12.623+0000] {task_command.py:426} INFO - Running <TaskInstance: lakehouse_pipeline.gold_dim_date manual__2026-08-28T16:30:30.306821+00:00 [running]> on host 4bc193de6f25
[2026-08-28T16:42:12.754+0000] {taskinstance.py:2648} INFO - Exporting env vars: AIRFLOW_CTX_DAG_OWNER='data_team' AIRFLOW_CTX_DAG_ID='lakehouse_pipeline' AIRFLOW_CTX_TASK_ID='gold_dim_date' AIRFLOW_CTX_EXECUTION_DATE='2026-08-28T16:30:30.306821+00:00' AIRFLOW_CTX_TRY_NUMBER='2' AIRFLOW_CTX_DAG_RUN_ID='manual__2026-08-28T16:30:30.306821+00:00'
[2026-08-28T16:42:12.755+0000] {taskinstance.py:430} INFO - ::endgroup::
[2026-08-28T16:42:12.792+0000] {base.py:84} INFO - Using connection ID 'spark_default' for task execution.
[2026-08-28T16:42:12.794+0000] {spark_submit.py:401} INFO - Spark-Submit cmd: spark-submit --master spark://spark-master:7077 --conf spark.cores.max=1 --conf spark.executor.memory=1g --conf spark.driver.host=airflow-scheduler --conf spark.driver.bindAddress=0.0.0.0 --py-files /opt/spark/utils/job_control.py,/opt/spark/utils/validation.py --name arrow-spark --deploy-mode client /opt/spark/jobs/build_gold.py --table dim_date
[2026-08-28T16:42:12.807+0000] {spark_submit.py:571} INFO - /opt/spark/bin/load-spark-env.sh: line 68: ps: command not found
[2026-08-28T16:42:22.369+0000] {spark_submit.py:571} INFO - 26/08/28 16:42:22 WARN Utils: Service 'SparkUI' could not bind on port 4040. Attempting port 4041.
[2026-08-28T16:42:22.416+0000] {spark_submit.py:571} INFO - 26/08/28 16:42:22 WARN Utils: Service 'SparkUI' could not bind on port 4041. Attempting port 4042.
[2026-08-28T16:42:22.421+0000] {spark_submit.py:571} INFO - 26/08/28 16:42:22 WARN Utils: Service 'SparkUI' could not bind on port 4042. Attempting port 4043.
[2026-08-28T16:42:26.880+0000] {spark_submit.py:571} INFO - --- BẮT ĐẦU BUILD GOLD: dim_date ---
[2026-08-28T16:42:38.859+0000] {spark_submit.py:571} INFO - 
[2026-08-28T16:42:38.860+0000] {spark_submit.py:571} INFO - ========== GOLD: gold.dim_date ==========
[2026-08-28T16:43:07.540+0000] {spark_submit.py:571} INFO - 26/08/28 16:43:07 WARN SparkStringUtils: Truncated the string representation of a plan since it was too large. This behavior can be adjusted by setting 'spark.sql.debug.maxToStringFields'.
