[2026-08-28T16:18:29.542+0000] {local_task_job_runner.py:120} INFO - ::group::Pre task execution logs
[2026-08-28T16:18:29.593+0000] {taskinstance.py:2076} INFO - Dependencies all met for dep_context=non-requeueable deps ti=<TaskInstance: lakehouse_pipeline.bronze_sessions manual__2026-08-28T16:18:29.034178+00:00 [queued]>
[2026-08-28T16:18:29.606+0000] {taskinstance.py:2076} INFO - Dependencies all met for dep_context=requeueable deps ti=<TaskInstance: lakehouse_pipeline.bronze_sessions manual__2026-08-28T16:18:29.034178+00:00 [queued]>
[2026-08-28T16:18:29.606+0000] {taskinstance.py:2306} INFO - Starting attempt 1 of 3
[2026-08-28T16:18:29.623+0000] {taskinstance.py:2330} INFO - Executing <Task(SparkSubmitOperator): bronze_sessions> on 2026-08-28 16:18:29.034178+00:00
[2026-08-28T16:18:29.629+0000] {standard_task_runner.py:64} INFO - Started process 2147 to run task
[2026-08-28T16:18:29.634+0000] {standard_task_runner.py:90} INFO - Running: ['airflow', 'tasks', 'run', 'lakehouse_pipeline', 'bronze_sessions', 'manual__2026-08-28T16:18:29.034178+00:00', '--job-id', '59', '--raw', '--subdir', 'DAGS_FOLDER/lakehouse_pipeline.py', '--cfg-path', '/tmp/tmpwbum0tz4']
[2026-08-28T16:18:29.637+0000] {standard_task_runner.py:91} INFO - Job 59: Subtask bronze_sessions
[2026-08-28T16:18:29.731+0000] {task_command.py:426} INFO - Running <TaskInstance: lakehouse_pipeline.bronze_sessions manual__2026-08-28T16:18:29.034178+00:00 [running]> on host cd0d46b8a272
[2026-08-28T16:18:29.899+0000] {taskinstance.py:2648} INFO - Exporting env vars: AIRFLOW_CTX_DAG_OWNER='data_team' AIRFLOW_CTX_DAG_ID='lakehouse_pipeline' AIRFLOW_CTX_TASK_ID='bronze_sessions' AIRFLOW_CTX_EXECUTION_DATE='2026-08-28T16:18:29.034178+00:00' AIRFLOW_CTX_TRY_NUMBER='1' AIRFLOW_CTX_DAG_RUN_ID='manual__2026-08-28T16:18:29.034178+00:00'
[2026-08-28T16:18:29.900+0000] {taskinstance.py:430} INFO - ::endgroup::
[2026-08-28T16:18:29.919+0000] {base.py:84} INFO - Using connection ID 'spark_default' for task execution.
[2026-08-28T16:18:29.921+0000] {spark_submit.py:401} INFO - Spark-Submit cmd: spark-submit --master spark-master:7077 --py-files /opt/spark/utils/job_control.py,/opt/spark/utils/validation.py --name arrow-spark /opt/spark/jobs/ingest_bronze.py --table sessions
[2026-08-28T16:18:29.934+0000] {spark_submit.py:571} INFO - /opt/spark/bin/load-spark-env.sh: line 68: ps: command not found
[2026-08-28T16:18:38.517+0000] {spark_submit.py:571} INFO - 26/08/28 16:18:38 ERROR SparkContext: Error initializing SparkContext.
[2026-08-28T16:18:38.519+0000] {spark_submit.py:571} INFO - org.apache.spark.SparkException: Could not parse Master URL: 'spark-master:7077'
[2026-08-28T16:18:38.523+0000] {spark_submit.py:571} INFO - at org.apache.spark.SparkContext$.org$apache$spark$SparkContext$$createTaskScheduler(SparkContext.scala:3199) ~[spark-core_2.12-3.5.1.jar:3.5.1]
[2026-08-28T16:18:38.524+0000] {spark_submit.py:571} INFO - at org.apache.spark.SparkContext.<init>(SparkContext.scala:582) [spark-core_2.12-3.5.1.jar:3.5.1]
[2026-08-28T16:18:38.525+0000] {spark_submit.py:571} INFO - at org.apache.spark.api.java.JavaSparkContext.<init>(JavaSparkContext.scala:58) [spark-core_2.12-3.5.1.jar:3.5.1]
[2026-08-28T16:18:38.526+0000] {spark_submit.py:571} INFO - at jdk.internal.reflect.NativeConstructorAccessorImpl.newInstance0(Native Method) ~[?:?]
[2026-08-28T16:18:38.526+0000] {spark_submit.py:571} INFO - at jdk.internal.reflect.NativeConstructorAccessorImpl.newInstance(NativeConstructorAccessorImpl.java:77) [?:?]
[2026-08-28T16:18:38.527+0000] {spark_submit.py:571} INFO - at jdk.internal.reflect.DelegatingConstructorAccessorImpl.newInstance(DelegatingConstructorAccessorImpl.java:45) [?:?]
[2026-08-28T16:18:38.528+0000] {spark_submit.py:571} INFO - at java.lang.reflect.Constructor.newInstanceWithCaller(Constructor.java:500) [?:?]
[2026-08-28T16:18:38.531+0000] {spark_submit.py:571} INFO - at java.lang.reflect.Constructor.newInstance(Constructor.java:481) [?:?]
[2026-08-28T16:18:38.532+0000] {spark_submit.py:571} INFO - at py4j.reflection.MethodInvoker.invoke(MethodInvoker.java:247) [py4j-0.10.9.7.jar:?]
[2026-08-28T16:18:38.533+0000] {spark_submit.py:571} INFO - at py4j.reflection.ReflectionEngine.invoke(ReflectionEngine.java:374) [py4j-0.10.9.7.jar:?]
[2026-08-28T16:18:38.534+0000] {spark_submit.py:571} INFO - at py4j.Gateway.invoke(Gateway.java:238) [py4j-0.10.9.7.jar:?]
[2026-08-28T16:18:38.535+0000] {spark_submit.py:571} INFO - at py4j.commands.ConstructorCommand.invokeConstructor(ConstructorCommand.java:80) [py4j-0.10.9.7.jar:?]
[2026-08-28T16:18:38.537+0000] {spark_submit.py:571} INFO - at py4j.commands.ConstructorCommand.execute(ConstructorCommand.java:69) [py4j-0.10.9.7.jar:?]
[2026-08-28T16:18:38.547+0000] {spark_submit.py:571} INFO - at py4j.ClientServerConnection.waitForCommands(ClientServerConnection.java:182) [py4j-0.10.9.7.jar:?]
[2026-08-28T16:18:38.548+0000] {spark_submit.py:571} INFO - at py4j.ClientServerConnection.run(ClientServerConnection.java:106) [py4j-0.10.9.7.jar:?]
[2026-08-28T16:18:38.549+0000] {spark_submit.py:571} INFO - at java.lang.Thread.run(Thread.java:840) [?:?]
[2026-08-28T16:18:38.612+0000] {spark_submit.py:571} INFO - 26/08/28 16:18:38 WARN MetricsSystem: Stopping a MetricsSystem that is not running
[2026-08-28T16:18:38.655+0000] {spark_submit.py:571} INFO - Traceback (most recent call last):
[2026-08-28T16:18:38.656+0000] {spark_submit.py:571} INFO - File "/opt/spark/jobs/ingest_bronze.py", line 186, in <module>
[2026-08-28T16:18:38.657+0000] {spark_submit.py:571} INFO - main()
[2026-08-28T16:18:38.658+0000] {spark_submit.py:571} INFO - File "/opt/spark/jobs/ingest_bronze.py", line 176, in main
[2026-08-28T16:18:38.658+0000] {spark_submit.py:571} INFO - spark = create_spark_session()
[2026-08-28T16:18:38.659+0000] {spark_submit.py:571} INFO - File "/opt/spark/jobs/ingest_bronze.py", line 12, in create_spark_session
[2026-08-28T16:18:38.660+0000] {spark_submit.py:571} INFO - .getOrCreate()
[2026-08-28T16:18:38.660+0000] {spark_submit.py:571} INFO - File "/opt/spark/python/lib/pyspark.zip/pyspark/sql/session.py", line 497, in getOrCreate
[2026-08-28T16:18:38.662+0000] {spark_submit.py:571} INFO - File "/opt/spark/python/lib/pyspark.zip/pyspark/context.py", line 515, in getOrCreate
[2026-08-28T16:18:38.663+0000] {spark_submit.py:571} INFO - File "/opt/spark/python/lib/pyspark.zip/pyspark/context.py", line 203, in __init__
[2026-08-28T16:18:38.664+0000] {spark_submit.py:571} INFO - File "/opt/spark/python/lib/pyspark.zip/pyspark/context.py", line 296, in _do_init
[2026-08-28T16:18:38.665+0000] {spark_submit.py:571} INFO - File "/opt/spark/python/lib/pyspark.zip/pyspark/context.py", line 421, in _initialize_context
[2026-08-28T16:18:38.666+0000] {spark_submit.py:571} INFO - File "/opt/spark/python/lib/py4j-0.10.9.7-src.zip/py4j/java_gateway.py", line 1587, in __call__
[2026-08-28T16:18:38.667+0000] {spark_submit.py:571} INFO - File "/opt/spark/python/lib/py4j-0.10.9.7-src.zip/py4j/protocol.py", line 326, in get_return_value
[2026-08-28T16:18:38.675+0000] {spark_submit.py:571} INFO - py4j.protocol.Py4JJavaError: An error occurred while calling None.org.apache.spark.api.java.JavaSparkContext.
[2026-08-28T16:18:38.676+0000] {spark_submit.py:571} INFO - : org.apache.spark.SparkException: Could not parse Master URL: 'spark-master:7077'
[2026-08-28T16:18:38.677+0000] {spark_submit.py:571} INFO - at org.apache.spark.SparkContext$.org$apache$spark$SparkContext$$createTaskScheduler(SparkContext.scala:3199)
[2026-08-28T16:18:38.677+0000] {spark_submit.py:571} INFO - at org.apache.spark.SparkContext.<init>(SparkContext.scala:582)
[2026-08-28T16:18:38.678+0000] {spark_submit.py:571} INFO - at org.apache.spark.api.java.JavaSparkContext.<init>(JavaSparkContext.scala:58)
[2026-08-28T16:18:38.678+0000] {spark_submit.py:571} INFO - at java.base/jdk.internal.reflect.NativeConstructorAccessorImpl.newInstance0(Native Method)
[2026-08-28T16:18:38.679+0000] {spark_submit.py:571} INFO - at java.base/jdk.internal.reflect.NativeConstructorAccessorImpl.newInstance(NativeConstructorAccessorImpl.java:77)
[2026-08-28T16:18:38.680+0000] {spark_submit.py:571} INFO - at java.base/jdk.internal.reflect.DelegatingConstructorAccessorImpl.newInstance(DelegatingConstructorAccessorImpl.java:45)
[2026-08-28T16:18:38.680+0000] {spark_submit.py:571} INFO - at java.base/java.lang.reflect.Constructor.newInstanceWithCaller(Constructor.java:500)
[2026-08-28T16:18:38.683+0000] {spark_submit.py:571} INFO - at java.base/java.lang.reflect.Constructor.newInstance(Constructor.java:481)
[2026-08-28T16:18:38.684+0000] {spark_submit.py:571} INFO - at py4j.reflection.MethodInvoker.invoke(MethodInvoker.java:247)
[2026-08-28T16:18:38.684+0000] {spark_submit.py:571} INFO - at py4j.reflection.ReflectionEngine.invoke(ReflectionEngine.java:374)
[2026-08-28T16:18:38.685+0000] {spark_submit.py:571} INFO - at py4j.Gateway.invoke(Gateway.java:238)
[2026-08-28T16:18:38.685+0000] {spark_submit.py:571} INFO - at py4j.commands.ConstructorCommand.invokeConstructor(ConstructorCommand.java:80)
[2026-08-28T16:18:38.685+0000] {spark_submit.py:571} INFO - at py4j.commands.ConstructorCommand.execute(ConstructorCommand.java:69)
[2026-08-28T16:18:38.686+0000] {spark_submit.py:571} INFO - at py4j.ClientServerConnection.waitForCommands(ClientServerConnection.java:182)
[2026-08-28T16:18:38.686+0000] {spark_submit.py:571} INFO - at py4j.ClientServerConnection.run(ClientServerConnection.java:106)
[2026-08-28T16:18:38.687+0000] {spark_submit.py:571} INFO - at java.base/java.lang.Thread.run(Thread.java:840)
[2026-08-28T16:18:38.688+0000] {spark_submit.py:571} INFO - 
[2026-08-28T16:18:38.829+0000] {taskinstance.py:441} INFO - ::group::Post task execution logs
[2026-08-28T16:18:38.845+0000] {taskinstance.py:2905} ERROR - Task failed with exception
Traceback (most recent call last):
  File "/home/airflow/.local/lib/python3.10/site-packages/airflow/models/taskinstance.py", line 465, in _execute_task
    result = _execute_callable(context=context, **execute_callable_kwargs)
  File "/home/airflow/.local/lib/python3.10/site-packages/airflow/models/taskinstance.py", line 432, in _execute_callable
    return execute_callable(context=context, **execute_callable_kwargs)
  File "/home/airflow/.local/lib/python3.10/site-packages/airflow/models/baseoperator.py", line 401, in wrapper
    return func(self, *args, **kwargs)
  File "/home/airflow/.local/lib/python3.10/site-packages/airflow/providers/apache/spark/operators/spark_submit.py", line 174, in execute
    self._hook.submit(self.application)
  File "/home/airflow/.local/lib/python3.10/site-packages/airflow/providers/apache/spark/hooks/spark_submit.py", line 502, in submit
    raise AirflowException(
airflow.exceptions.AirflowException: Cannot execute: spark-submit --master spark-master:7077 --py-files /opt/spark/utils/job_control.py,/opt/spark/utils/validation.py --name arrow-spark /opt/spark/jobs/ingest_bronze.py --table sessions. Error code is: 1.
[2026-08-28T16:18:38.850+0000] {taskinstance.py:1206} INFO - Marking task as UP_FOR_RETRY. dag_id=lakehouse_pipeline, task_id=bronze_sessions, run_id=manual__2026-08-28T16:18:29.034178+00:00, execution_date=20260828T161829, start_date=20260828T161829, end_date=20260828T161838
[2026-08-28T16:18:38.870+0000] {standard_task_runner.py:110} ERROR - Failed to execute job 59 for task bronze_sessions (Cannot execute: spark-submit --master spark-master:7077 --py-files /opt/spark/utils/job_control.py,/opt/spark/utils/validation.py --name arrow-spark /opt/spark/jobs/ingest_bronze.py --table sessions. Error code is: 1.; 2147)
[2026-08-28T16:18:38.914+0000] {local_task_job_runner.py:243} INFO - Task exited with return code 1
[2026-08-28T16:18:38.958+0000] {taskinstance.py:3503} INFO - 0 downstream tasks scheduled from follow-on schedule check
[2026-08-28T16:18:38.962+0000] {local_task_job_runner.py:222} INFO - ::endgroup::
