[2026-08-28T19:13:32.229+0000] {local_task_job_runner.py:120} INFO - ::group::Pre task execution logs
[2026-08-28T19:13:32.387+0000] {taskinstance.py:2076} INFO - Dependencies all met for dep_context=non-requeueable deps ti=<TaskInstance: lakehouse_pipeline.silver_users manual__2026-08-28T19:12:33.943794+00:00 [queued]>
[2026-08-28T19:13:32.407+0000] {taskinstance.py:2076} INFO - Dependencies all met for dep_context=requeueable deps ti=<TaskInstance: lakehouse_pipeline.silver_users manual__2026-08-28T19:12:33.943794+00:00 [queued]>
[2026-08-28T19:13:32.408+0000] {taskinstance.py:2306} INFO - Starting attempt 1 of 3
[2026-08-28T19:13:32.437+0000] {taskinstance.py:2330} INFO - Executing <Task(SparkSubmitOperator): silver_users> on 2026-08-28 19:12:33.943794+00:00
[2026-08-28T19:13:32.445+0000] {standard_task_runner.py:64} INFO - Started process 1171 to run task
[2026-08-28T19:13:32.450+0000] {standard_task_runner.py:90} INFO - Running: ['airflow', 'tasks', 'run', 'lakehouse_pipeline', 'silver_users', 'manual__2026-08-28T19:12:33.943794+00:00', '--job-id', '12', '--raw', '--subdir', 'DAGS_FOLDER/lakehouse_pipeline.py', '--cfg-path', '/tmp/tmpij1kwgtg']
[2026-08-28T19:13:32.453+0000] {standard_task_runner.py:91} INFO - Job 12: Subtask silver_users
[2026-08-28T19:13:32.567+0000] {task_command.py:426} INFO - Running <TaskInstance: lakehouse_pipeline.silver_users manual__2026-08-28T19:12:33.943794+00:00 [running]> on host d4c27690e5c8
[2026-08-28T19:13:32.757+0000] {taskinstance.py:2648} INFO - Exporting env vars: AIRFLOW_CTX_DAG_OWNER='data_team' AIRFLOW_CTX_DAG_ID='lakehouse_pipeline' AIRFLOW_CTX_TASK_ID='silver_users' AIRFLOW_CTX_EXECUTION_DATE='2026-08-28T19:12:33.943794+00:00' AIRFLOW_CTX_TRY_NUMBER='1' AIRFLOW_CTX_DAG_RUN_ID='manual__2026-08-28T19:12:33.943794+00:00'
[2026-08-28T19:13:32.758+0000] {taskinstance.py:430} INFO - ::endgroup::
[2026-08-28T19:13:32.827+0000] {base.py:84} INFO - Using connection ID 'spark_default' for task execution.
[2026-08-28T19:13:32.830+0000] {spark_submit.py:401} INFO - Spark-Submit cmd: spark-submit --master spark://spark-master:7077 --conf spark.cores.max=1 --conf spark.executor.memory=1g --conf spark.driver.host=airflow-scheduler --conf spark.driver.bindAddress=0.0.0.0 --py-files /opt/spark/utils/job_control.py,/opt/spark/utils/validation.py --name arrow-spark --deploy-mode client /opt/spark/jobs/transform_silver.py --table users
[2026-08-28T19:13:32.857+0000] {spark_submit.py:571} INFO - /opt/spark/bin/load-spark-env.sh: line 68: ps: command not found
[2026-08-28T19:13:40.580+0000] {spark_submit.py:571} INFO - --- BẮT ĐẦU TRANSFORM SILVER ---
[2026-08-28T19:13:40.582+0000] {spark_submit.py:571} INFO - 
[2026-08-28T19:13:40.583+0000] {spark_submit.py:571} INFO - ========== SILVER: users ==========
[2026-08-28T19:14:03.068+0000] {spark_submit.py:571} INFO - 26/08/28 19:14:03 WARN SparkStringUtils: Truncated the string representation of a plan since it was too large. This behavior can be adjusted by setting 'spark.sql.debug.maxToStringFields'.
[2026-08-28T19:14:18.655+0000] {spark_submit.py:571} INFO - [Silver] users: FIRST RUN
[2026-08-28T19:14:18.656+0000] {spark_submit.py:571} INFO - [Watermark] Previous: None
[2026-08-28T19:14:38.156+0000] {spark_submit.py:571} INFO - [VALIDATION] silver_users: 10000 -> 10000 rows (0.00% loss)
[2026-08-28T19:14:41.016+0000] {spark_submit.py:571} INFO - [VALIDATION] silver_users.age_in_range: 0 vi phạm (0.00%)
[2026-08-28T19:14:45.162+0000] {spark_submit.py:571} INFO - 26/08/28 19:14:45 WARN HiveExternalCatalog: Couldn't find corresponding Hive SerDe for data source provider delta. Persisting data source table `spark_catalog`.`silver`.`silver_users` into Hive metastore in Spark SQL specific format, which is NOT compatible with Hive.
[2026-08-28T19:14:45.543+0000] {spark_submit.py:571} INFO - [Silver] Created silver.silver_users
[2026-08-28T19:14:46.666+0000] {spark_submit.py:571} INFO - [Watermark] New: 2026-08-28 19:13:16.595514
[2026-08-28T19:14:47.923+0000] {spark_submit.py:571} INFO - 26/08/28 19:14:47 WARN TaskSetManager: Lost task 0.0 in stage 59.0 (TID 474) (172.18.0.8 executor 0): org.apache.spark.SparkException: [TASK_WRITE_FAILED] Task failed while writing rows to s3a://lakehouse/control/job_control.
[2026-08-28T19:14:47.924+0000] {spark_submit.py:571} INFO - at org.apache.spark.sql.errors.QueryExecutionErrors$.taskFailedWhileWritingRowsError(QueryExecutionErrors.scala:774)
[2026-08-28T19:14:47.925+0000] {spark_submit.py:571} INFO - at org.apache.spark.sql.delta.files.DeltaFileFormatWriter$.executeTask(DeltaFileFormatWriter.scala:447)
[2026-08-28T19:14:47.925+0000] {spark_submit.py:571} INFO - at org.apache.spark.sql.delta.files.DeltaFileFormatWriter$.$anonfun$executeWrite$2(DeltaFileFormatWriter.scala:274)
[2026-08-28T19:14:47.926+0000] {spark_submit.py:571} INFO - at org.apache.spark.scheduler.ResultTask.runTask(ResultTask.scala:93)
[2026-08-28T19:14:47.927+0000] {spark_submit.py:571} INFO - at org.apache.spark.TaskContext.runTaskWithListeners(TaskContext.scala:166)
[2026-08-28T19:14:47.927+0000] {spark_submit.py:571} INFO - at org.apache.spark.scheduler.Task.run(Task.scala:141)
[2026-08-28T19:14:47.928+0000] {spark_submit.py:571} INFO - at org.apache.spark.executor.Executor$TaskRunner.$anonfun$run$4(Executor.scala:620)
[2026-08-28T19:14:47.928+0000] {spark_submit.py:571} INFO - at org.apache.spark.util.SparkErrorUtils.tryWithSafeFinally(SparkErrorUtils.scala:64)
[2026-08-28T19:14:47.928+0000] {spark_submit.py:571} INFO - at org.apache.spark.util.SparkErrorUtils.tryWithSafeFinally$(SparkErrorUtils.scala:61)
[2026-08-28T19:14:47.929+0000] {spark_submit.py:571} INFO - at org.apache.spark.util.Utils$.tryWithSafeFinally(Utils.scala:94)
[2026-08-28T19:14:47.929+0000] {spark_submit.py:571} INFO - at org.apache.spark.executor.Executor$TaskRunner.run(Executor.scala:623)
[2026-08-28T19:14:47.930+0000] {spark_submit.py:571} INFO - at java.base/java.util.concurrent.ThreadPoolExecutor.runWorker(Unknown Source)
[2026-08-28T19:14:47.930+0000] {spark_submit.py:571} INFO - at java.base/java.util.concurrent.ThreadPoolExecutor$Worker.run(Unknown Source)
[2026-08-28T19:14:47.931+0000] {spark_submit.py:571} INFO - at java.base/java.lang.Thread.run(Unknown Source)
[2026-08-28T19:14:47.932+0000] {spark_submit.py:571} INFO - Caused by: org.apache.spark.api.python.PythonException: Traceback (most recent call last):
[2026-08-28T19:14:47.932+0000] {spark_submit.py:571} INFO - File "/opt/spark/python/lib/pyspark.zip/pyspark/worker.py", line 1100, in main
[2026-08-28T19:14:47.933+0000] {spark_submit.py:571} INFO - raise PySparkRuntimeError(
[2026-08-28T19:14:47.933+0000] {spark_submit.py:571} INFO - pyspark.errors.exceptions.base.PySparkRuntimeError: [PYTHON_VERSION_MISMATCH] Python in worker has different version (3, 8) than that in driver 3.10, PySpark cannot run with different minor versions.
[2026-08-28T19:14:47.934+0000] {spark_submit.py:571} INFO - Please check environment variables PYSPARK_PYTHON and PYSPARK_DRIVER_PYTHON are correctly set.
[2026-08-28T19:14:47.935+0000] {spark_submit.py:571} INFO - 
[2026-08-28T19:14:47.935+0000] {spark_submit.py:571} INFO - at org.apache.spark.api.python.BasePythonRunner$ReaderIterator.handlePythonException(PythonRunner.scala:572)
[2026-08-28T19:14:47.937+0000] {spark_submit.py:571} INFO - at org.apache.spark.api.python.PythonRunner$$anon$3.read(PythonRunner.scala:784)
[2026-08-28T19:14:47.937+0000] {spark_submit.py:571} INFO - at org.apache.spark.api.python.PythonRunner$$anon$3.read(PythonRunner.scala:766)
[2026-08-28T19:14:47.938+0000] {spark_submit.py:571} INFO - at org.apache.spark.api.python.BasePythonRunner$ReaderIterator.hasNext(PythonRunner.scala:525)
[2026-08-28T19:14:47.938+0000] {spark_submit.py:571} INFO - at org.apache.spark.InterruptibleIterator.hasNext(InterruptibleIterator.scala:37)
[2026-08-28T19:14:47.939+0000] {spark_submit.py:571} INFO - at scala.collection.Iterator$$anon$11.hasNext(Iterator.scala:491)
[2026-08-28T19:14:47.939+0000] {spark_submit.py:571} INFO - at scala.collection.Iterator$$anon$10.hasNext(Iterator.scala:460)
[2026-08-28T19:14:47.940+0000] {spark_submit.py:571} INFO - at scala.collection.Iterator$$anon$10.hasNext(Iterator.scala:460)
[2026-08-28T19:14:47.940+0000] {spark_submit.py:571} INFO - at org.apache.spark.sql.catalyst.expressions.GeneratedClass$GeneratedIteratorForCodegenStage1.processNext(Unknown Source)
[2026-08-28T19:14:47.941+0000] {spark_submit.py:571} INFO - at org.apache.spark.sql.execution.BufferedRowIterator.hasNext(BufferedRowIterator.java:43)
[2026-08-28T19:14:47.941+0000] {spark_submit.py:571} INFO - at org.apache.spark.sql.execution.WholeStageCodegenEvaluatorFactory$WholeStageCodegenPartitionEvaluator$$anon$1.hasNext(WholeStageCodegenEvaluatorFactory.scala:43)
[2026-08-28T19:14:47.942+0000] {spark_submit.py:571} INFO - at org.apache.spark.sql.execution.datasources.FileFormatDataWriter.writeWithIterator(FileFormatDataWriter.scala:91)
[2026-08-28T19:14:47.944+0000] {spark_submit.py:571} INFO - at org.apache.spark.sql.delta.files.DeltaFileFormatWriter$.$anonfun$executeTask$1(DeltaFileFormatWriter.scala:430)
[2026-08-28T19:14:47.945+0000] {spark_submit.py:571} INFO - at org.apache.spark.util.Utils$.tryWithSafeFinallyAndFailureCallbacks(Utils.scala:1397)
[2026-08-28T19:14:47.945+0000] {spark_submit.py:571} INFO - at org.apache.spark.sql.delta.files.DeltaFileFormatWriter$.executeTask(DeltaFileFormatWriter.scala:437)
[2026-08-28T19:14:47.946+0000] {spark_submit.py:571} INFO - ... 12 more
[2026-08-28T19:14:47.947+0000] {spark_submit.py:571} INFO - 
[2026-08-28T19:14:47.947+0000] {spark_submit.py:571} INFO - 26/08/28 19:14:47 WARN TaskSetManager: Lost task 1.0 in stage 59.0 (TID 475) (172.18.0.8 executor 0): org.apache.spark.api.python.PythonException: Traceback (most recent call last):
[2026-08-28T19:14:47.948+0000] {spark_submit.py:571} INFO - File "/opt/spark/python/lib/pyspark.zip/pyspark/worker.py", line 1100, in main
[2026-08-28T19:14:47.948+0000] {spark_submit.py:571} INFO - raise PySparkRuntimeError(
[2026-08-28T19:14:47.949+0000] {spark_submit.py:571} INFO - pyspark.errors.exceptions.base.PySparkRuntimeError: [PYTHON_VERSION_MISMATCH] Python in worker has different version (3, 8) than that in driver 3.10, PySpark cannot run with different minor versions.
[2026-08-28T19:14:47.949+0000] {spark_submit.py:571} INFO - Please check environment variables PYSPARK_PYTHON and PYSPARK_DRIVER_PYTHON are correctly set.
[2026-08-28T19:14:47.950+0000] {spark_submit.py:571} INFO - 
[2026-08-28T19:14:47.950+0000] {spark_submit.py:571} INFO - at org.apache.spark.api.python.BasePythonRunner$ReaderIterator.handlePythonException(PythonRunner.scala:572)
[2026-08-28T19:14:47.950+0000] {spark_submit.py:571} INFO - at org.apache.spark.api.python.PythonRunner$$anon$3.read(PythonRunner.scala:784)
[2026-08-28T19:14:47.951+0000] {spark_submit.py:571} INFO - at org.apache.spark.api.python.PythonRunner$$anon$3.read(PythonRunner.scala:766)
[2026-08-28T19:14:47.951+0000] {spark_submit.py:571} INFO - at org.apache.spark.api.python.BasePythonRunner$ReaderIterator.hasNext(PythonRunner.scala:525)
[2026-08-28T19:14:47.951+0000] {spark_submit.py:571} INFO - at org.apache.spark.InterruptibleIterator.hasNext(InterruptibleIterator.scala:37)
[2026-08-28T19:14:47.952+0000] {spark_submit.py:571} INFO - at scala.collection.Iterator$$anon$11.hasNext(Iterator.scala:491)
[2026-08-28T19:14:47.952+0000] {spark_submit.py:571} INFO - at scala.collection.Iterator$$anon$10.hasNext(Iterator.scala:460)
[2026-08-28T19:14:47.952+0000] {spark_submit.py:571} INFO - at scala.collection.Iterator$$anon$10.hasNext(Iterator.scala:460)
[2026-08-28T19:14:47.952+0000] {spark_submit.py:571} INFO - at org.apache.spark.sql.catalyst.expressions.GeneratedClass$GeneratedIteratorForCodegenStage1.processNext(Unknown Source)
[2026-08-28T19:14:47.953+0000] {spark_submit.py:571} INFO - at org.apache.spark.sql.execution.BufferedRowIterator.hasNext(BufferedRowIterator.java:43)
[2026-08-28T19:14:47.953+0000] {spark_submit.py:571} INFO - at org.apache.spark.sql.execution.WholeStageCodegenEvaluatorFactory$WholeStageCodegenPartitionEvaluator$$anon$1.hasNext(WholeStageCodegenEvaluatorFactory.scala:43)
[2026-08-28T19:14:47.954+0000] {spark_submit.py:571} INFO - at org.apache.spark.sql.delta.files.DeltaFileFormatWriter$.executeTask(DeltaFileFormatWriter.scala:408)
[2026-08-28T19:14:47.954+0000] {spark_submit.py:571} INFO - at org.apache.spark.sql.delta.files.DeltaFileFormatWriter$.$anonfun$executeWrite$2(DeltaFileFormatWriter.scala:274)
[2026-08-28T19:14:47.954+0000] {spark_submit.py:571} INFO - at org.apache.spark.scheduler.ResultTask.runTask(ResultTask.scala:93)
[2026-08-28T19:14:47.955+0000] {spark_submit.py:571} INFO - at org.apache.spark.TaskContext.runTaskWithListeners(TaskContext.scala:166)
[2026-08-28T19:14:47.955+0000] {spark_submit.py:571} INFO - at org.apache.spark.scheduler.Task.run(Task.scala:141)
[2026-08-28T19:14:47.956+0000] {spark_submit.py:571} INFO - at org.apache.spark.executor.Executor$TaskRunner.$anonfun$run$4(Executor.scala:620)
[2026-08-28T19:14:47.956+0000] {spark_submit.py:571} INFO - at org.apache.spark.util.SparkErrorUtils.tryWithSafeFinally(SparkErrorUtils.scala:64)
[2026-08-28T19:14:47.956+0000] {spark_submit.py:571} INFO - at org.apache.spark.util.SparkErrorUtils.tryWithSafeFinally$(SparkErrorUtils.scala:61)
[2026-08-28T19:14:47.956+0000] {spark_submit.py:571} INFO - at org.apache.spark.util.Utils$.tryWithSafeFinally(Utils.scala:94)
[2026-08-28T19:14:47.957+0000] {spark_submit.py:571} INFO - at org.apache.spark.executor.Executor$TaskRunner.run(Executor.scala:623)
[2026-08-28T19:14:47.957+0000] {spark_submit.py:571} INFO - at java.base/java.util.concurrent.ThreadPoolExecutor.runWorker(Unknown Source)
[2026-08-28T19:14:47.957+0000] {spark_submit.py:571} INFO - at java.base/java.util.concurrent.ThreadPoolExecutor$Worker.run(Unknown Source)
[2026-08-28T19:14:47.957+0000] {spark_submit.py:571} INFO - at java.base/java.lang.Thread.run(Unknown Source)
[2026-08-28T19:14:47.958+0000] {spark_submit.py:571} INFO - 
[2026-08-28T19:14:48.265+0000] {spark_submit.py:571} INFO - 26/08/28 19:14:48 ERROR TaskSetManager: Task 0 in stage 59.0 failed 4 times; aborting job
[2026-08-28T19:14:48.287+0000] {spark_submit.py:571} INFO - 26/08/28 19:14:48 ERROR DeltaFileFormatWriter: Aborting job 2be783e6-8a0b-43b1-a862-032c6cb61371.
[2026-08-28T19:14:48.288+0000] {spark_submit.py:571} INFO - org.apache.spark.SparkException: Job aborted due to stage failure: Task 0 in stage 59.0 failed 4 times, most recent failure: Lost task 0.3 in stage 59.0 (TID 480) (172.18.0.8 executor 0): org.apache.spark.SparkException: [TASK_WRITE_FAILED] Task failed while writing rows to s3a://lakehouse/control/job_control.
[2026-08-28T19:14:48.288+0000] {spark_submit.py:571} INFO - at org.apache.spark.sql.errors.QueryExecutionErrors$.taskFailedWhileWritingRowsError(QueryExecutionErrors.scala:774)
[2026-08-28T19:14:48.289+0000] {spark_submit.py:571} INFO - at org.apache.spark.sql.delta.files.DeltaFileFormatWriter$.executeTask(DeltaFileFormatWriter.scala:447)
[2026-08-28T19:14:48.290+0000] {spark_submit.py:571} INFO - at org.apache.spark.sql.delta.files.DeltaFileFormatWriter$.$anonfun$executeWrite$2(DeltaFileFormatWriter.scala:274)
[2026-08-28T19:14:48.291+0000] {spark_submit.py:571} INFO - at org.apache.spark.scheduler.ResultTask.runTask(ResultTask.scala:93)
[2026-08-28T19:14:48.296+0000] {spark_submit.py:571} INFO - at org.apache.spark.TaskContext.runTaskWithListeners(TaskContext.scala:166)
[2026-08-28T19:14:48.297+0000] {spark_submit.py:571} INFO - at org.apache.spark.scheduler.Task.run(Task.scala:141)
[2026-08-28T19:14:48.298+0000] {spark_submit.py:571} INFO - at org.apache.spark.executor.Executor$TaskRunner.$anonfun$run$4(Executor.scala:620)
[2026-08-28T19:14:48.298+0000] {spark_submit.py:571} INFO - at org.apache.spark.util.SparkErrorUtils.tryWithSafeFinally(SparkErrorUtils.scala:64)
[2026-08-28T19:14:48.299+0000] {spark_submit.py:571} INFO - at org.apache.spark.util.SparkErrorUtils.tryWithSafeFinally$(SparkErrorUtils.scala:61)
[2026-08-28T19:14:48.299+0000] {spark_submit.py:571} INFO - at org.apache.spark.util.Utils$.tryWithSafeFinally(Utils.scala:94)
[2026-08-28T19:14:48.300+0000] {spark_submit.py:571} INFO - at org.apache.spark.executor.Executor$TaskRunner.run(Executor.scala:623)
[2026-08-28T19:14:48.300+0000] {spark_submit.py:571} INFO - at java.base/java.util.concurrent.ThreadPoolExecutor.runWorker(Unknown Source)
[2026-08-28T19:14:48.300+0000] {spark_submit.py:571} INFO - at java.base/java.util.concurrent.ThreadPoolExecutor$Worker.run(Unknown Source)
[2026-08-28T19:14:48.301+0000] {spark_submit.py:571} INFO - at java.base/java.lang.Thread.run(Unknown Source)
[2026-08-28T19:14:48.301+0000] {spark_submit.py:571} INFO - Caused by: org.apache.spark.api.python.PythonException: Traceback (most recent call last):
[2026-08-28T19:14:48.301+0000] {spark_submit.py:571} INFO - File "/opt/spark/python/lib/pyspark.zip/pyspark/worker.py", line 1100, in main
[2026-08-28T19:14:48.302+0000] {spark_submit.py:571} INFO - raise PySparkRuntimeError(
[2026-08-28T19:14:48.302+0000] {spark_submit.py:571} INFO - pyspark.errors.exceptions.base.PySparkRuntimeError: [PYTHON_VERSION_MISMATCH] Python in worker has different version (3, 8) than that in driver 3.10, PySpark cannot run with different minor versions.
[2026-08-28T19:14:48.302+0000] {spark_submit.py:571} INFO - Please check environment variables PYSPARK_PYTHON and PYSPARK_DRIVER_PYTHON are correctly set.
[2026-08-28T19:14:48.303+0000] {spark_submit.py:571} INFO - 
[2026-08-28T19:14:48.303+0000] {spark_submit.py:571} INFO - at org.apache.spark.api.python.BasePythonRunner$ReaderIterator.handlePythonException(PythonRunner.scala:572)
[2026-08-28T19:14:48.303+0000] {spark_submit.py:571} INFO - at org.apache.spark.api.python.PythonRunner$$anon$3.read(PythonRunner.scala:784)
[2026-08-28T19:14:48.303+0000] {spark_submit.py:571} INFO - at org.apache.spark.api.python.PythonRunner$$anon$3.read(PythonRunner.scala:766)
[2026-08-28T19:14:48.304+0000] {spark_submit.py:571} INFO - at org.apache.spark.api.python.BasePythonRunner$ReaderIterator.hasNext(PythonRunner.scala:525)
[2026-08-28T19:14:48.304+0000] {spark_submit.py:571} INFO - at org.apache.spark.InterruptibleIterator.hasNext(InterruptibleIterator.scala:37)
[2026-08-28T19:14:48.304+0000] {spark_submit.py:571} INFO - at scala.collection.Iterator$$anon$11.hasNext(Iterator.scala:491)
[2026-08-28T19:14:48.305+0000] {spark_submit.py:571} INFO - at scala.collection.Iterator$$anon$10.hasNext(Iterator.scala:460)
[2026-08-28T19:14:48.305+0000] {spark_submit.py:571} INFO - at scala.collection.Iterator$$anon$10.hasNext(Iterator.scala:460)
[2026-08-28T19:14:48.305+0000] {spark_submit.py:571} INFO - at org.apache.spark.sql.catalyst.expressions.GeneratedClass$GeneratedIteratorForCodegenStage1.processNext(Unknown Source)
[2026-08-28T19:14:48.305+0000] {spark_submit.py:571} INFO - at org.apache.spark.sql.execution.BufferedRowIterator.hasNext(BufferedRowIterator.java:43)
[2026-08-28T19:14:48.306+0000] {spark_submit.py:571} INFO - at org.apache.spark.sql.execution.WholeStageCodegenEvaluatorFactory$WholeStageCodegenPartitionEvaluator$$anon$1.hasNext(WholeStageCodegenEvaluatorFactory.scala:43)
[2026-08-28T19:14:48.306+0000] {spark_submit.py:571} INFO - at org.apache.spark.sql.execution.datasources.FileFormatDataWriter.writeWithIterator(FileFormatDataWriter.scala:91)
[2026-08-28T19:14:48.306+0000] {spark_submit.py:571} INFO - at org.apache.spark.sql.delta.files.DeltaFileFormatWriter$.$anonfun$executeTask$1(DeltaFileFormatWriter.scala:430)
[2026-08-28T19:14:48.307+0000] {spark_submit.py:571} INFO - at org.apache.spark.util.Utils$.tryWithSafeFinallyAndFailureCallbacks(Utils.scala:1397)
[2026-08-28T19:14:48.307+0000] {spark_submit.py:571} INFO - at org.apache.spark.sql.delta.files.DeltaFileFormatWriter$.executeTask(DeltaFileFormatWriter.scala:437)
[2026-08-28T19:14:48.307+0000] {spark_submit.py:571} INFO - ... 12 more
[2026-08-28T19:14:48.307+0000] {spark_submit.py:571} INFO - 
[2026-08-28T19:14:48.308+0000] {spark_submit.py:571} INFO - Driver stacktrace:
[2026-08-28T19:14:48.308+0000] {spark_submit.py:571} INFO - at org.apache.spark.scheduler.DAGScheduler.failJobAndIndependentStages(DAGScheduler.scala:2856) ~[spark-core_2.12-3.5.1.jar:3.5.1]
[2026-08-28T19:14:48.308+0000] {spark_submit.py:571} INFO - at org.apache.spark.scheduler.DAGScheduler.$anonfun$abortStage$2(DAGScheduler.scala:2792) ~[spark-core_2.12-3.5.1.jar:3.5.1]
[2026-08-28T19:14:48.308+0000] {spark_submit.py:571} INFO - at org.apache.spark.scheduler.DAGScheduler.$anonfun$abortStage$2$adapted(DAGScheduler.scala:2791) ~[spark-core_2.12-3.5.1.jar:3.5.1]
[2026-08-28T19:14:48.309+0000] {spark_submit.py:571} INFO - at scala.collection.mutable.ResizableArray.foreach(ResizableArray.scala:62) ~[scala-library-2.12.18.jar:?]
[2026-08-28T19:14:48.309+0000] {spark_submit.py:571} INFO - at scala.collection.mutable.ResizableArray.foreach$(ResizableArray.scala:55) ~[scala-library-2.12.18.jar:?]
[2026-08-28T19:14:48.309+0000] {spark_submit.py:571} INFO - at scala.collection.mutable.ArrayBuffer.foreach(ArrayBuffer.scala:49) ~[scala-library-2.12.18.jar:?]
[2026-08-28T19:14:48.310+0000] {spark_submit.py:571} INFO - at org.apache.spark.scheduler.DAGScheduler.abortStage(DAGScheduler.scala:2791) ~[spark-core_2.12-3.5.1.jar:3.5.1]
[2026-08-28T19:14:48.310+0000] {spark_submit.py:571} INFO - at org.apache.spark.scheduler.DAGScheduler.$anonfun$handleTaskSetFailed$1(DAGScheduler.scala:1247) ~[spark-core_2.12-3.5.1.jar:3.5.1]
[2026-08-28T19:14:48.310+0000] {spark_submit.py:571} INFO - at org.apache.spark.scheduler.DAGScheduler.$anonfun$handleTaskSetFailed$1$adapted(DAGScheduler.scala:1247) ~[spark-core_2.12-3.5.1.jar:3.5.1]
[2026-08-28T19:14:48.310+0000] {spark_submit.py:571} INFO - at scala.Option.foreach(Option.scala:407) ~[scala-library-2.12.18.jar:?]
[2026-08-28T19:14:48.311+0000] {spark_submit.py:571} INFO - at org.apache.spark.scheduler.DAGScheduler.handleTaskSetFailed(DAGScheduler.scala:1247) ~[spark-core_2.12-3.5.1.jar:3.5.1]
[2026-08-28T19:14:48.311+0000] {spark_submit.py:571} INFO - at org.apache.spark.scheduler.DAGSchedulerEventProcessLoop.doOnReceive(DAGScheduler.scala:3060) ~[spark-core_2.12-3.5.1.jar:3.5.1]
[2026-08-28T19:14:48.313+0000] {spark_submit.py:571} INFO - at org.apache.spark.scheduler.DAGSchedulerEventProcessLoop.onReceive(DAGScheduler.scala:2994) ~[spark-core_2.12-3.5.1.jar:3.5.1]
[2026-08-28T19:14:48.314+0000] {spark_submit.py:571} INFO - at org.apache.spark.scheduler.DAGSchedulerEventProcessLoop.onReceive(DAGScheduler.scala:2983) ~[spark-core_2.12-3.5.1.jar:3.5.1]
[2026-08-28T19:14:48.315+0000] {spark_submit.py:571} INFO - at org.apache.spark.util.EventLoop$$anon$1.run(EventLoop.scala:49) ~[spark-core_2.12-3.5.1.jar:3.5.1]
[2026-08-28T19:14:48.315+0000] {spark_submit.py:571} INFO - at org.apache.spark.scheduler.DAGScheduler.runJob(DAGScheduler.scala:989) ~[spark-core_2.12-3.5.1.jar:3.5.1]
[2026-08-28T19:14:48.316+0000] {spark_submit.py:571} INFO - at org.apache.spark.SparkContext.runJob(SparkContext.scala:2398) ~[spark-core_2.12-3.5.1.jar:3.5.1]
[2026-08-28T19:14:48.316+0000] {spark_submit.py:571} INFO - at org.apache.spark.sql.delta.files.DeltaFileFormatWriter$.$anonfun$executeWrite$1(DeltaFileFormatWriter.scala:263) ~[delta-spark_2.12-3.2.0.jar:3.2.0]
[2026-08-28T19:14:48.317+0000] {spark_submit.py:571} INFO - at org.apache.spark.sql.delta.files.DeltaFileFormatWriter$.writeAndCommit(DeltaFileFormatWriter.scala:295) ~[delta-spark_2.12-3.2.0.jar:3.2.0]
[2026-08-28T19:14:48.317+0000] {spark_submit.py:571} INFO - at org.apache.spark.sql.delta.files.DeltaFileFormatWriter$.executeWrite(DeltaFileFormatWriter.scala:234) ~[delta-spark_2.12-3.2.0.jar:3.2.0]
[2026-08-28T19:14:48.318+0000] {spark_submit.py:571} INFO - at org.apache.spark.sql.delta.files.DeltaFileFormatWriter$.write(DeltaFileFormatWriter.scala:214) ~[delta-spark_2.12-3.2.0.jar:3.2.0]
[2026-08-28T19:14:48.318+0000] {spark_submit.py:571} INFO - at org.apache.spark.sql.delta.files.TransactionalWrite.$anonfun$writeFiles$1(TransactionalWrite.scala:440) ~[delta-spark_2.12-3.2.0.jar:3.2.0]
[2026-08-28T19:14:48.318+0000] {spark_submit.py:571} INFO - at org.apache.spark.sql.execution.SQLExecution$.$anonfun$withNewExecutionId$6(SQLExecution.scala:125) ~[spark-sql_2.12-3.5.1.jar:3.5.1]
[2026-08-28T19:14:48.319+0000] {spark_submit.py:571} INFO - at org.apache.spark.sql.execution.SQLExecution$.withSQLConfPropagated(SQLExecution.scala:201) ~[spark-sql_2.12-3.5.1.jar:3.5.1]
[2026-08-28T19:14:48.319+0000] {spark_submit.py:571} INFO - at org.apache.spark.sql.execution.SQLExecution$.$anonfun$withNewExecutionId$1(SQLExecution.scala:108) ~[spark-sql_2.12-3.5.1.jar:3.5.1]
[2026-08-28T19:14:48.319+0000] {spark_submit.py:571} INFO - at org.apache.spark.sql.SparkSession.withActive(SparkSession.scala:900) ~[spark-sql_2.12-3.5.1.jar:3.5.1]
[2026-08-28T19:14:48.320+0000] {spark_submit.py:571} INFO - at org.apache.spark.sql.execution.SQLExecution$.withNewExecutionId(SQLExecution.scala:66) ~[spark-sql_2.12-3.5.1.jar:3.5.1]
[2026-08-28T19:14:48.320+0000] {spark_submit.py:571} INFO - at org.apache.spark.sql.delta.files.TransactionalWrite.writeFiles(TransactionalWrite.scala:398) ~[delta-spark_2.12-3.2.0.jar:3.2.0]
[2026-08-28T19:14:48.320+0000] {spark_submit.py:571} INFO - at org.apache.spark.sql.delta.files.TransactionalWrite.writeFiles$(TransactionalWrite.scala:371) ~[delta-spark_2.12-3.2.0.jar:3.2.0]
[2026-08-28T19:14:48.321+0000] {spark_submit.py:571} INFO - at org.apache.spark.sql.delta.OptimisticTransaction.writeFiles(OptimisticTransaction.scala:147) ~[delta-spark_2.12-3.2.0.jar:3.2.0]
[2026-08-28T19:14:48.321+0000] {spark_submit.py:571} INFO - at org.apache.spark.sql.delta.files.TransactionalWrite.writeFiles(TransactionalWrite.scala:246) ~[delta-spark_2.12-3.2.0.jar:3.2.0]
[2026-08-28T19:14:48.322+0000] {spark_submit.py:571} INFO - at org.apache.spark.sql.delta.files.TransactionalWrite.writeFiles$(TransactionalWrite.scala:242) ~[delta-spark_2.12-3.2.0.jar:3.2.0]
[2026-08-28T19:14:48.322+0000] {spark_submit.py:571} INFO - at org.apache.spark.sql.delta.OptimisticTransaction.writeFiles(OptimisticTransaction.scala:147) ~[delta-spark_2.12-3.2.0.jar:3.2.0]
[2026-08-28T19:14:48.322+0000] {spark_submit.py:571} INFO - at org.apache.spark.sql.delta.files.TransactionalWrite.writeFiles(TransactionalWrite.scala:235) ~[delta-spark_2.12-3.2.0.jar:3.2.0]
[2026-08-28T19:14:48.323+0000] {spark_submit.py:571} INFO - at org.apache.spark.sql.delta.files.TransactionalWrite.writeFiles$(TransactionalWrite.scala:232) ~[delta-spark_2.12-3.2.0.jar:3.2.0]
[2026-08-28T19:14:48.323+0000] {spark_submit.py:571} INFO - at org.apache.spark.sql.delta.OptimisticTransaction.writeFiles(OptimisticTransaction.scala:147) ~[delta-spark_2.12-3.2.0.jar:3.2.0]
[2026-08-28T19:14:48.323+0000] {spark_submit.py:571} INFO - at org.apache.spark.sql.delta.commands.WriteIntoDelta.writeFiles(WriteIntoDelta.scala:349) ~[delta-spark_2.12-3.2.0.jar:3.2.0]
[2026-08-28T19:14:48.323+0000] {spark_submit.py:571} INFO - at org.apache.spark.sql.delta.commands.WriteIntoDelta.writeAndReturnCommitData(WriteIntoDelta.scala:312) ~[delta-spark_2.12-3.2.0.jar:3.2.0]
[2026-08-28T19:14:48.324+0000] {spark_submit.py:571} INFO - at org.apache.spark.sql.delta.commands.WriteIntoDelta.$anonfun$run$1(WriteIntoDelta.scala:106) ~[delta-spark_2.12-3.2.0.jar:3.2.0]
[2026-08-28T19:14:48.324+0000] {spark_submit.py:571} INFO - at org.apache.spark.sql.delta.commands.WriteIntoDelta.$anonfun$run$1$adapted(WriteIntoDelta.scala:101) ~[delta-spark_2.12-3.2.0.jar:3.2.0]
[2026-08-28T19:14:48.325+0000] {spark_submit.py:571} INFO - at org.apache.spark.sql.delta.DeltaLog.withNewTransaction(DeltaLog.scala:227) ~[delta-spark_2.12-3.2.0.jar:3.2.0]
[2026-08-28T19:14:48.325+0000] {spark_submit.py:571} INFO - at org.apache.spark.sql.delta.commands.WriteIntoDelta.run(WriteIntoDelta.scala:101) ~[delta-spark_2.12-3.2.0.jar:3.2.0]
[2026-08-28T19:14:48.326+0000] {spark_submit.py:571} INFO - at org.apache.spark.sql.delta.catalog.WriteIntoDeltaBuilder$$anon$1$$anon$2.insert(DeltaTableV2.scala:432) ~[delta-spark_2.12-3.2.0.jar:3.2.0]
[2026-08-28T19:14:48.326+0000] {spark_submit.py:571} INFO - at org.apache.spark.sql.execution.datasources.v2.SupportsV1Write.writeWithV1(V1FallbackWriters.scala:79) ~[spark-sql_2.12-3.5.1.jar:3.5.1]
[2026-08-28T19:14:48.326+0000] {spark_submit.py:571} INFO - at org.apache.spark.sql.execution.datasources.v2.SupportsV1Write.writeWithV1$(V1FallbackWriters.scala:78) ~[spark-sql_2.12-3.5.1.jar:3.5.1]
[2026-08-28T19:14:48.327+0000] {spark_submit.py:571} INFO - at org.apache.spark.sql.execution.datasources.v2.AppendDataExecV1.writeWithV1(V1FallbackWriters.scala:34) ~[spark-sql_2.12-3.5.1.jar:3.5.1]
[2026-08-28T19:14:48.327+0000] {spark_submit.py:571} INFO - at org.apache.spark.sql.execution.datasources.v2.V1FallbackWriters.run(V1FallbackWriters.scala:66) ~[spark-sql_2.12-3.5.1.jar:3.5.1]
[2026-08-28T19:14:48.327+0000] {spark_submit.py:571} INFO - at org.apache.spark.sql.execution.datasources.v2.V1FallbackWriters.run$(V1FallbackWriters.scala:65) ~[spark-sql_2.12-3.5.1.jar:3.5.1]
[2026-08-28T19:14:48.329+0000] {spark_submit.py:571} INFO - at org.apache.spark.sql.execution.datasources.v2.AppendDataExecV1.run(V1FallbackWriters.scala:34) ~[spark-sql_2.12-3.5.1.jar:3.5.1]
[2026-08-28T19:14:48.330+0000] {spark_submit.py:571} INFO - at org.apache.spark.sql.execution.datasources.v2.V2CommandExec.result$lzycompute(V2CommandExec.scala:43) ~[spark-sql_2.12-3.5.1.jar:3.5.1]
[2026-08-28T19:14:48.330+0000] {spark_submit.py:571} INFO - at org.apache.spark.sql.execution.datasources.v2.V2CommandExec.result(V2CommandExec.scala:43) ~[spark-sql_2.12-3.5.1.jar:3.5.1]
[2026-08-28T19:14:48.331+0000] {spark_submit.py:571} INFO - at org.apache.spark.sql.execution.datasources.v2.V2CommandExec.executeCollect(V2CommandExec.scala:49) ~[spark-sql_2.12-3.5.1.jar:3.5.1]
[2026-08-28T19:14:48.331+0000] {spark_submit.py:571} INFO - at org.apache.spark.sql.execution.QueryExecution$$anonfun$eagerlyExecuteCommands$1.$anonfun$applyOrElse$1(QueryExecution.scala:107) ~[spark-sql_2.12-3.5.1.jar:3.5.1]
[2026-08-28T19:14:48.331+0000] {spark_submit.py:571} INFO - at org.apache.spark.sql.execution.SQLExecution$.$anonfun$withNewExecutionId$6(SQLExecution.scala:125) ~[spark-sql_2.12-3.5.1.jar:3.5.1]
[2026-08-28T19:14:48.331+0000] {spark_submit.py:571} INFO - at org.apache.spark.sql.execution.SQLExecution$.withSQLConfPropagated(SQLExecution.scala:201) ~[spark-sql_2.12-3.5.1.jar:3.5.1]
[2026-08-28T19:14:48.332+0000] {spark_submit.py:571} INFO - at org.apache.spark.sql.execution.SQLExecution$.$anonfun$withNewExecutionId$1(SQLExecution.scala:108) ~[spark-sql_2.12-3.5.1.jar:3.5.1]
[2026-08-28T19:14:48.332+0000] {spark_submit.py:571} INFO - at org.apache.spark.sql.SparkSession.withActive(SparkSession.scala:900) ~[spark-sql_2.12-3.5.1.jar:3.5.1]
[2026-08-28T19:14:48.332+0000] {spark_submit.py:571} INFO - at org.apache.spark.sql.execution.SQLExecution$.withNewExecutionId(SQLExecution.scala:66) ~[spark-sql_2.12-3.5.1.jar:3.5.1]
[2026-08-28T19:14:48.332+0000] {spark_submit.py:571} INFO - at org.apache.spark.sql.execution.QueryExecution$$anonfun$eagerlyExecuteCommands$1.applyOrElse(QueryExecution.scala:107) ~[spark-sql_2.12-3.5.1.jar:3.5.1]
[2026-08-28T19:14:48.333+0000] {spark_submit.py:571} INFO - at org.apache.spark.sql.execution.QueryExecution$$anonfun$eagerlyExecuteCommands$1.applyOrElse(QueryExecution.scala:98) ~[spark-sql_2.12-3.5.1.jar:3.5.1]
[2026-08-28T19:14:48.333+0000] {spark_submit.py:571} INFO - at org.apache.spark.sql.catalyst.trees.TreeNode.$anonfun$transformDownWithPruning$1(TreeNode.scala:461) ~[spark-catalyst_2.12-3.5.1.jar:3.5.1]
[2026-08-28T19:14:48.333+0000] {spark_submit.py:571} INFO - at org.apache.spark.sql.catalyst.trees.CurrentOrigin$.withOrigin(origin.scala:76) [spark-sql-api_2.12-3.5.1.jar:3.5.1]
[2026-08-28T19:14:48.334+0000] {spark_submit.py:571} INFO - at org.apache.spark.sql.catalyst.trees.TreeNode.transformDownWithPruning(TreeNode.scala:461) [spark-catalyst_2.12-3.5.1.jar:3.5.1]
[2026-08-28T19:14:48.334+0000] {spark_submit.py:571} INFO - at org.apache.spark.sql.catalyst.plans.logical.LogicalPlan.org$apache$spark$sql$catalyst$plans$logical$AnalysisHelper$$super$transformDownWithPruning(LogicalPlan.scala:32) [spark-catalyst_2.12-3.5.1.jar:3.5.1]
[2026-08-28T19:14:48.334+0000] {spark_submit.py:571} INFO - at org.apache.spark.sql.catalyst.plans.logical.AnalysisHelper.transformDownWithPruning(AnalysisHelper.scala:267) [spark-catalyst_2.12-3.5.1.jar:3.5.1]
[2026-08-28T19:14:48.334+0000] {spark_submit.py:571} INFO - at org.apache.spark.sql.catalyst.plans.logical.AnalysisHelper.transformDownWithPruning$(AnalysisHelper.scala:263) [spark-catalyst_2.12-3.5.1.jar:3.5.1]
[2026-08-28T19:14:48.335+0000] {spark_submit.py:571} INFO - at org.apache.spark.sql.catalyst.plans.logical.LogicalPlan.transformDownWithPruning(LogicalPlan.scala:32) [spark-catalyst_2.12-3.5.1.jar:3.5.1]
[2026-08-28T19:14:48.335+0000] {spark_submit.py:571} INFO - at org.apache.spark.sql.catalyst.plans.logical.LogicalPlan.transformDownWithPruning(LogicalPlan.scala:32) [spark-catalyst_2.12-3.5.1.jar:3.5.1]
[2026-08-28T19:14:48.335+0000] {spark_submit.py:571} INFO - at org.apache.spark.sql.catalyst.trees.TreeNode.transformDown(TreeNode.scala:437) [spark-catalyst_2.12-3.5.1.jar:3.5.1]
[2026-08-28T19:14:48.335+0000] {spark_submit.py:571} INFO - at org.apache.spark.sql.execution.QueryExecution.eagerlyExecuteCommands(QueryExecution.scala:98) [spark-sql_2.12-3.5.1.jar:3.5.1]
[2026-08-28T19:14:48.336+0000] {spark_submit.py:571} INFO - at org.apache.spark.sql.execution.QueryExecution.commandExecuted$lzycompute(QueryExecution.scala:85) [spark-sql_2.12-3.5.1.jar:3.5.1]
[2026-08-28T19:14:48.336+0000] {spark_submit.py:571} INFO - at org.apache.spark.sql.execution.QueryExecution.commandExecuted(QueryExecution.scala:83) [spark-sql_2.12-3.5.1.jar:3.5.1]
[2026-08-28T19:14:48.336+0000] {spark_submit.py:571} INFO - at org.apache.spark.sql.execution.QueryExecution.assertCommandExecuted(QueryExecution.scala:142) [spark-sql_2.12-3.5.1.jar:3.5.1]
[2026-08-28T19:14:48.336+0000] {spark_submit.py:571} INFO - at org.apache.spark.sql.DataFrameWriter.runCommand(DataFrameWriter.scala:859) [spark-sql_2.12-3.5.1.jar:3.5.1]
[2026-08-28T19:14:48.337+0000] {spark_submit.py:571} INFO - at org.apache.spark.sql.DataFrameWriter.saveAsTable(DataFrameWriter.scala:634) [spark-sql_2.12-3.5.1.jar:3.5.1]
[2026-08-28T19:14:48.337+0000] {spark_submit.py:571} INFO - at org.apache.spark.sql.DataFrameWriter.saveAsTable(DataFrameWriter.scala:568) [spark-sql_2.12-3.5.1.jar:3.5.1]
[2026-08-28T19:14:48.337+0000] {spark_submit.py:571} INFO - at jdk.internal.reflect.NativeMethodAccessorImpl.invoke0(Native Method) ~[?:?]
[2026-08-28T19:14:48.337+0000] {spark_submit.py:571} INFO - at jdk.internal.reflect.NativeMethodAccessorImpl.invoke(NativeMethodAccessorImpl.java:77) ~[?:?]
[2026-08-28T19:14:48.338+0000] {spark_submit.py:571} INFO - at jdk.internal.reflect.DelegatingMethodAccessorImpl.invoke(DelegatingMethodAccessorImpl.java:43) ~[?:?]
[2026-08-28T19:14:48.338+0000] {spark_submit.py:571} INFO - at java.lang.reflect.Method.invoke(Method.java:569) ~[?:?]
[2026-08-28T19:14:48.338+0000] {spark_submit.py:571} INFO - at py4j.reflection.MethodInvoker.invoke(MethodInvoker.java:244) [py4j-0.10.9.7.jar:?]
[2026-08-28T19:14:48.338+0000] {spark_submit.py:571} INFO - at py4j.reflection.ReflectionEngine.invoke(ReflectionEngine.java:374) [py4j-0.10.9.7.jar:?]
[2026-08-28T19:14:48.339+0000] {spark_submit.py:571} INFO - at py4j.Gateway.invoke(Gateway.java:282) [py4j-0.10.9.7.jar:?]
[2026-08-28T19:14:48.339+0000] {spark_submit.py:571} INFO - at py4j.commands.AbstractCommand.invokeMethod(AbstractCommand.java:132) [py4j-0.10.9.7.jar:?]
[2026-08-28T19:14:48.339+0000] {spark_submit.py:571} INFO - at py4j.commands.CallCommand.execute(CallCommand.java:79) [py4j-0.10.9.7.jar:?]
[2026-08-28T19:14:48.339+0000] {spark_submit.py:571} INFO - at py4j.ClientServerConnection.waitForCommands(ClientServerConnection.java:182) [py4j-0.10.9.7.jar:?]
[2026-08-28T19:14:48.340+0000] {spark_submit.py:571} INFO - at py4j.ClientServerConnection.run(ClientServerConnection.java:106) [py4j-0.10.9.7.jar:?]
[2026-08-28T19:14:48.340+0000] {spark_submit.py:571} INFO - at java.lang.Thread.run(Thread.java:840) [?:?]
[2026-08-28T19:14:48.340+0000] {spark_submit.py:571} INFO - Caused by: org.apache.spark.SparkException: [TASK_WRITE_FAILED] Task failed while writing rows to s3a://lakehouse/control/job_control.
[2026-08-28T19:14:48.340+0000] {spark_submit.py:571} INFO - at org.apache.spark.sql.errors.QueryExecutionErrors$.taskFailedWhileWritingRowsError(QueryExecutionErrors.scala:774) ~[spark-catalyst_2.12-3.5.1.jar:3.5.1]
[2026-08-28T19:14:48.341+0000] {spark_submit.py:571} INFO - at org.apache.spark.sql.delta.files.DeltaFileFormatWriter$.executeTask(DeltaFileFormatWriter.scala:447) ~[delta-spark_2.12-3.2.0.jar:3.2.0]
[2026-08-28T19:14:48.341+0000] {spark_submit.py:571} INFO - at org.apache.spark.sql.delta.files.DeltaFileFormatWriter$.$anonfun$executeWrite$2(DeltaFileFormatWriter.scala:274) ~[delta-spark_2.12-3.2.0.jar:3.2.0]
[2026-08-28T19:14:48.341+0000] {spark_submit.py:571} INFO - at org.apache.spark.scheduler.ResultTask.runTask(ResultTask.scala:93) ~[spark-core_2.12-3.5.1.jar:3.5.1]
[2026-08-28T19:14:48.341+0000] {spark_submit.py:571} INFO - at org.apache.spark.TaskContext.runTaskWithListeners(TaskContext.scala:166) ~[spark-core_2.12-3.5.1.jar:3.5.1]
[2026-08-28T19:14:48.342+0000] {spark_submit.py:571} INFO - at org.apache.spark.scheduler.Task.run(Task.scala:141) ~[spark-core_2.12-3.5.1.jar:3.5.1]
[2026-08-28T19:14:48.342+0000] {spark_submit.py:571} INFO - at org.apache.spark.executor.Executor$TaskRunner.$anonfun$run$4(Executor.scala:620) ~[spark-core_2.12-3.5.1.jar:3.5.1]
[2026-08-28T19:14:48.342+0000] {spark_submit.py:571} INFO - at org.apache.spark.util.SparkErrorUtils.tryWithSafeFinally(SparkErrorUtils.scala:64) ~[spark-common-utils_2.12-3.5.1.jar:3.5.1]
[2026-08-28T19:14:48.342+0000] {spark_submit.py:571} INFO - at org.apache.spark.util.SparkErrorUtils.tryWithSafeFinally$(SparkErrorUtils.scala:61) ~[spark-common-utils_2.12-3.5.1.jar:3.5.1]
[2026-08-28T19:14:48.343+0000] {spark_submit.py:571} INFO - at org.apache.spark.util.Utils$.tryWithSafeFinally(Utils.scala:94) ~[spark-core_2.12-3.5.1.jar:3.5.1]
[2026-08-28T19:14:48.343+0000] {spark_submit.py:571} INFO - at org.apache.spark.executor.Executor$TaskRunner.run(Executor.scala:623) ~[spark-core_2.12-3.5.1.jar:3.5.1]
[2026-08-28T19:14:48.343+0000] {spark_submit.py:571} INFO - at java.util.concurrent.ThreadPoolExecutor.runWorker(Unknown Source) ~[?:?]
[2026-08-28T19:14:48.344+0000] {spark_submit.py:571} INFO - at java.util.concurrent.ThreadPoolExecutor$Worker.run(Unknown Source) ~[?:?]
[2026-08-28T19:14:48.344+0000] {spark_submit.py:571} INFO - at java.lang.Thread.run(Unknown Source) ~[?:?]
[2026-08-28T19:14:48.345+0000] {spark_submit.py:571} INFO - Caused by: org.apache.spark.api.python.PythonException: Traceback (most recent call last):
[2026-08-28T19:14:48.345+0000] {spark_submit.py:571} INFO - File "/opt/spark/python/lib/pyspark.zip/pyspark/worker.py", line 1100, in main
[2026-08-28T19:14:48.346+0000] {spark_submit.py:571} INFO - raise PySparkRuntimeError(
[2026-08-28T19:14:48.346+0000] {spark_submit.py:571} INFO - pyspark.errors.exceptions.base.PySparkRuntimeError: [PYTHON_VERSION_MISMATCH] Python in worker has different version (3, 8) than that in driver 3.10, PySpark cannot run with different minor versions.
[2026-08-28T19:14:48.347+0000] {spark_submit.py:571} INFO - Please check environment variables PYSPARK_PYTHON and PYSPARK_DRIVER_PYTHON are correctly set.
[2026-08-28T19:14:48.347+0000] {spark_submit.py:571} INFO - 
[2026-08-28T19:14:48.347+0000] {spark_submit.py:571} INFO - at org.apache.spark.api.python.BasePythonRunner$ReaderIterator.handlePythonException(PythonRunner.scala:572) ~[spark-core_2.12-3.5.1.jar:3.5.1]
[2026-08-28T19:14:48.348+0000] {spark_submit.py:571} INFO - at org.apache.spark.api.python.PythonRunner$$anon$3.read(PythonRunner.scala:784) ~[spark-core_2.12-3.5.1.jar:3.5.1]
[2026-08-28T19:14:48.348+0000] {spark_submit.py:571} INFO - at org.apache.spark.api.python.PythonRunner$$anon$3.read(PythonRunner.scala:766) ~[spark-core_2.12-3.5.1.jar:3.5.1]
[2026-08-28T19:14:48.348+0000] {spark_submit.py:571} INFO - at org.apache.spark.api.python.BasePythonRunner$ReaderIterator.hasNext(PythonRunner.scala:525) ~[spark-core_2.12-3.5.1.jar:3.5.1]
[2026-08-28T19:14:48.349+0000] {spark_submit.py:571} INFO - at org.apache.spark.InterruptibleIterator.hasNext(InterruptibleIterator.scala:37) ~[spark-core_2.12-3.5.1.jar:3.5.1]
[2026-08-28T19:14:48.349+0000] {spark_submit.py:571} INFO - at scala.collection.Iterator$$anon$11.hasNext(Iterator.scala:491) ~[scala-library-2.12.18.jar:?]
[2026-08-28T19:14:48.349+0000] {spark_submit.py:571} INFO - at scala.collection.Iterator$$anon$10.hasNext(Iterator.scala:460) ~[scala-library-2.12.18.jar:?]
[2026-08-28T19:14:48.349+0000] {spark_submit.py:571} INFO - at scala.collection.Iterator$$anon$10.hasNext(Iterator.scala:460) ~[scala-library-2.12.18.jar:?]
[2026-08-28T19:14:48.350+0000] {spark_submit.py:571} INFO - at org.apache.spark.sql.catalyst.expressions.GeneratedClass$GeneratedIteratorForCodegenStage1.processNext(Unknown Source) ~[?:?]
[2026-08-28T19:14:48.350+0000] {spark_submit.py:571} INFO - at org.apache.spark.sql.execution.BufferedRowIterator.hasNext(BufferedRowIterator.java:43) ~[spark-sql_2.12-3.5.1.jar:3.5.1]
[2026-08-28T19:14:48.350+0000] {spark_submit.py:571} INFO - at org.apache.spark.sql.execution.WholeStageCodegenEvaluatorFactory$WholeStageCodegenPartitionEvaluator$$anon$1.hasNext(WholeStageCodegenEvaluatorFactory.scala:43) ~[spark-sql_2.12-3.5.1.jar:3.5.1]
[2026-08-28T19:14:48.351+0000] {spark_submit.py:571} INFO - at org.apache.spark.sql.execution.datasources.FileFormatDataWriter.writeWithIterator(FileFormatDataWriter.scala:91) ~[spark-sql_2.12-3.5.1.jar:3.5.1]
[2026-08-28T19:14:48.351+0000] {spark_submit.py:571} INFO - at org.apache.spark.sql.delta.files.DeltaFileFormatWriter$.$anonfun$executeTask$1(DeltaFileFormatWriter.scala:430) ~[delta-spark_2.12-3.2.0.jar:3.2.0]
[2026-08-28T19:14:48.352+0000] {spark_submit.py:571} INFO - at org.apache.spark.util.Utils$.tryWithSafeFinallyAndFailureCallbacks(Utils.scala:1397) ~[spark-core_2.12-3.5.1.jar:3.5.1]
[2026-08-28T19:14:48.352+0000] {spark_submit.py:571} INFO - at org.apache.spark.sql.delta.files.DeltaFileFormatWriter$.executeTask(DeltaFileFormatWriter.scala:437) ~[delta-spark_2.12-3.2.0.jar:3.2.0]
[2026-08-28T19:14:48.352+0000] {spark_submit.py:571} INFO - at org.apache.spark.sql.delta.files.DeltaFileFormatWriter$.$anonfun$executeWrite$2(DeltaFileFormatWriter.scala:274) ~[delta-spark_2.12-3.2.0.jar:3.2.0]
[2026-08-28T19:14:48.353+0000] {spark_submit.py:571} INFO - at org.apache.spark.scheduler.ResultTask.runTask(ResultTask.scala:93) ~[spark-core_2.12-3.5.1.jar:3.5.1]
[2026-08-28T19:14:48.353+0000] {spark_submit.py:571} INFO - at org.apache.spark.TaskContext.runTaskWithListeners(TaskContext.scala:166) ~[spark-core_2.12-3.5.1.jar:3.5.1]
[2026-08-28T19:14:48.353+0000] {spark_submit.py:571} INFO - at org.apache.spark.scheduler.Task.run(Task.scala:141) ~[spark-core_2.12-3.5.1.jar:3.5.1]
[2026-08-28T19:14:48.353+0000] {spark_submit.py:571} INFO - at org.apache.spark.executor.Executor$TaskRunner.$anonfun$run$4(Executor.scala:620) ~[spark-core_2.12-3.5.1.jar:3.5.1]
[2026-08-28T19:14:48.354+0000] {spark_submit.py:571} INFO - at org.apache.spark.util.SparkErrorUtils.tryWithSafeFinally(SparkErrorUtils.scala:64) ~[spark-common-utils_2.12-3.5.1.jar:3.5.1]
[2026-08-28T19:14:48.354+0000] {spark_submit.py:571} INFO - at org.apache.spark.util.SparkErrorUtils.tryWithSafeFinally$(SparkErrorUtils.scala:61) ~[spark-common-utils_2.12-3.5.1.jar:3.5.1]
[2026-08-28T19:14:48.354+0000] {spark_submit.py:571} INFO - at org.apache.spark.util.Utils$.tryWithSafeFinally(Utils.scala:94) ~[spark-core_2.12-3.5.1.jar:3.5.1]
[2026-08-28T19:14:48.355+0000] {spark_submit.py:571} INFO - at org.apache.spark.executor.Executor$TaskRunner.run(Executor.scala:623) ~[spark-core_2.12-3.5.1.jar:3.5.1]
[2026-08-28T19:14:48.355+0000] {spark_submit.py:571} INFO - at java.util.concurrent.ThreadPoolExecutor.runWorker(Unknown Source) ~[?:?]
[2026-08-28T19:14:48.355+0000] {spark_submit.py:571} INFO - at java.util.concurrent.ThreadPoolExecutor$Worker.run(Unknown Source) ~[?:?]
[2026-08-28T19:14:48.356+0000] {spark_submit.py:571} INFO - at java.lang.Thread.run(Unknown Source) ~[?:?]
[2026-08-28T19:14:48.356+0000] {spark_submit.py:571} INFO - 26/08/28 19:14:48 WARN TaskSetManager: Lost task 1.3 in stage 59.0 (TID 481) (172.18.0.8 executor 0): TaskKilled (Stage cancelled: Job aborted due to stage failure: Task 0 in stage 59.0 failed 4 times, most recent failure: Lost task 0.3 in stage 59.0 (TID 480) (172.18.0.8 executor 0): org.apache.spark.SparkException: [TASK_WRITE_FAILED] Task failed while writing rows to s3a://lakehouse/control/job_control.
[2026-08-28T19:14:48.356+0000] {spark_submit.py:571} INFO - at org.apache.spark.sql.errors.QueryExecutionErrors$.taskFailedWhileWritingRowsError(QueryExecutionErrors.scala:774)
[2026-08-28T19:14:48.357+0000] {spark_submit.py:571} INFO - at org.apache.spark.sql.delta.files.DeltaFileFormatWriter$.executeTask(DeltaFileFormatWriter.scala:447)
[2026-08-28T19:14:48.357+0000] {spark_submit.py:571} INFO - at org.apache.spark.sql.delta.files.DeltaFileFormatWriter$.$anonfun$executeWrite$2(DeltaFileFormatWriter.scala:274)
[2026-08-28T19:14:48.357+0000] {spark_submit.py:571} INFO - at org.apache.spark.scheduler.ResultTask.runTask(ResultTask.scala:93)
[2026-08-28T19:14:48.358+0000] {spark_submit.py:571} INFO - at org.apache.spark.TaskContext.runTaskWithListeners(TaskContext.scala:166)
[2026-08-28T19:14:48.358+0000] {spark_submit.py:571} INFO - at org.apache.spark.scheduler.Task.run(Task.scala:141)
[2026-08-28T19:14:48.358+0000] {spark_submit.py:571} INFO - at org.apache.spark.executor.Executor$TaskRunner.$anonfun$run$4(Executor.scala:620)
[2026-08-28T19:14:48.359+0000] {spark_submit.py:571} INFO - at org.apache.spark.util.SparkErrorUtils.tryWithSafeFinally(SparkErrorUtils.scala:64)
[2026-08-28T19:14:48.359+0000] {spark_submit.py:571} INFO - at org.apache.spark.util.SparkErrorUtils.tryWithSafeFinally$(SparkErrorUtils.scala:61)
[2026-08-28T19:14:48.359+0000] {spark_submit.py:571} INFO - at org.apache.spark.util.Utils$.tryWithSafeFinally(Utils.scala:94)
[2026-08-28T19:14:48.360+0000] {spark_submit.py:571} INFO - at org.apache.spark.executor.Executor$TaskRunner.run(Executor.scala:623)
[2026-08-28T19:14:48.360+0000] {spark_submit.py:571} INFO - at java.base/java.util.concurrent.ThreadPoolExecutor.runWorker(Unknown Source)
[2026-08-28T19:14:48.360+0000] {spark_submit.py:571} INFO - at java.base/java.util.concurrent.ThreadPoolExecutor$Worker.run(Unknown Source)
[2026-08-28T19:14:48.362+0000] {spark_submit.py:571} INFO - at java.base/java.lang.Thread.run(Unknown Source)
[2026-08-28T19:14:48.363+0000] {spark_submit.py:571} INFO - Caused by: org.apache.spark.api.python.PythonException: Traceback (most recent call last):
[2026-08-28T19:14:48.364+0000] {spark_submit.py:571} INFO - File "/opt/spark/python/lib/pyspark.zip/pyspark/worker.py", line 1100, in main
[2026-08-28T19:14:48.364+0000] {spark_submit.py:571} INFO - raise PySparkRuntimeError(
[2026-08-28T19:14:48.365+0000] {spark_submit.py:571} INFO - pyspark.errors.exceptions.base.PySparkRuntimeError: [PYTHON_VERSION_MISMATCH] Python in worker has different version (3, 8) than that in driver 3.10, PySpark cannot run with different minor versions.
[2026-08-28T19:14:48.365+0000] {spark_submit.py:571} INFO - Please check environment variables PYSPARK_PYTHON and PYSPARK_DRIVER_PYTHON are correctly set.
[2026-08-28T19:14:48.366+0000] {spark_submit.py:571} INFO - 
[2026-08-28T19:14:48.366+0000] {spark_submit.py:571} INFO - at org.apache.spark.api.python.BasePythonRunner$ReaderIterator.handlePythonException(PythonRunner.scala:572)
[2026-08-28T19:14:48.366+0000] {spark_submit.py:571} INFO - at org.apache.spark.api.python.PythonRunner$$anon$3.read(PythonRunner.scala:784)
[2026-08-28T19:14:48.367+0000] {spark_submit.py:571} INFO - at org.apache.spark.api.python.PythonRunner$$anon$3.read(PythonRunner.scala:766)
[2026-08-28T19:14:48.367+0000] {spark_submit.py:571} INFO - at org.apache.spark.api.python.BasePythonRunner$ReaderIterator.hasNext(PythonRunner.scala:525)
[2026-08-28T19:14:48.368+0000] {spark_submit.py:571} INFO - at org.apache.spark.InterruptibleIterator.hasNext(InterruptibleIterator.scala:37)
[2026-08-28T19:14:48.368+0000] {spark_submit.py:571} INFO - at scala.collection.Iterator$$anon$11.hasNext(Iterator.scala:491)
[2026-08-28T19:14:48.368+0000] {spark_submit.py:571} INFO - at scala.collection.Iterator$$anon$10.hasNext(Iterator.scala:460)
[2026-08-28T19:14:48.369+0000] {spark_submit.py:571} INFO - at scala.collection.Iterator$$anon$10.hasNext(Iterator.scala:460)
[2026-08-28T19:14:48.369+0000] {spark_submit.py:571} INFO - at org.apache.spark.sql.catalyst.expressions.GeneratedClass$GeneratedIteratorForCodegenStage1.processNext(Unknown Source)
[2026-08-28T19:14:48.370+0000] {spark_submit.py:571} INFO - at org.apache.spark.sql.execution.BufferedRowIterator.hasNext(BufferedRowIterator.java:43)
[2026-08-28T19:14:48.370+0000] {spark_submit.py:571} INFO - at org.apache.spark.sql.execution.WholeStageCodegenEvaluatorFactory$WholeStageCodegenPartitionEvaluator$$anon$1.hasNext(WholeStageCodegenEvaluatorFactory.scala:43)
[2026-08-28T19:14:48.370+0000] {spark_submit.py:571} INFO - at org.apache.spark.sql.execution.datasources.FileFormatDataWriter.writeWithIterator(FileFormatDataWriter.scala:91)
[2026-08-28T19:14:48.371+0000] {spark_submit.py:571} INFO - at org.apache.spark.sql.delta.files.DeltaFileFormatWriter$.$anonfun$executeTask$1(DeltaFileFormatWriter.scala:430)
[2026-08-28T19:14:48.371+0000] {spark_submit.py:571} INFO - at org.apache.spark.util.Utils$.tryWithSafeFinallyAndFailureCallbacks(Utils.scala:1397)
[2026-08-28T19:14:48.371+0000] {spark_submit.py:571} INFO - at org.apache.spark.sql.delta.files.DeltaFileFormatWriter$.executeTask(DeltaFileFormatWriter.scala:437)
[2026-08-28T19:14:48.372+0000] {spark_submit.py:571} INFO - ... 12 more
[2026-08-28T19:14:48.372+0000] {spark_submit.py:571} INFO - 
[2026-08-28T19:14:48.372+0000] {spark_submit.py:571} INFO - Driver stacktrace:)
[2026-08-28T19:14:48.542+0000] {spark_submit.py:571} INFO - [JOB_CONTROL] Insert log failed: An error occurred while calling o145.saveAsTable.
[2026-08-28T19:14:48.542+0000] {spark_submit.py:571} INFO - : org.apache.spark.SparkException: Job aborted due to stage failure: Task 0 in stage 59.0 failed 4 times, most recent failure: Lost task 0.3 in stage 59.0 (TID 480) (172.18.0.8 executor 0): org.apache.spark.SparkException: [TASK_WRITE_FAILED] Task failed while writing rows to s3a://lakehouse/control/job_control.
[2026-08-28T19:14:48.543+0000] {spark_submit.py:571} INFO - at org.apache.spark.sql.errors.QueryExecutionErrors$.taskFailedWhileWritingRowsError(QueryExecutionErrors.scala:774)
[2026-08-28T19:14:48.544+0000] {spark_submit.py:571} INFO - at org.apache.spark.sql.delta.files.DeltaFileFormatWriter$.executeTask(DeltaFileFormatWriter.scala:447)
[2026-08-28T19:14:48.545+0000] {spark_submit.py:571} INFO - at org.apache.spark.sql.delta.files.DeltaFileFormatWriter$.$anonfun$executeWrite$2(DeltaFileFormatWriter.scala:274)
[2026-08-28T19:14:48.546+0000] {spark_submit.py:571} INFO - at org.apache.spark.scheduler.ResultTask.runTask(ResultTask.scala:93)
[2026-08-28T19:14:48.547+0000] {spark_submit.py:571} INFO - at org.apache.spark.TaskContext.runTaskWithListeners(TaskContext.scala:166)
[2026-08-28T19:14:48.548+0000] {spark_submit.py:571} INFO - at org.apache.spark.scheduler.Task.run(Task.scala:141)
[2026-08-28T19:14:48.548+0000] {spark_submit.py:571} INFO - at org.apache.spark.executor.Executor$TaskRunner.$anonfun$run$4(Executor.scala:620)
[2026-08-28T19:14:48.549+0000] {spark_submit.py:571} INFO - at org.apache.spark.util.SparkErrorUtils.tryWithSafeFinally(SparkErrorUtils.scala:64)
[2026-08-28T19:14:48.549+0000] {spark_submit.py:571} INFO - at org.apache.spark.util.SparkErrorUtils.tryWithSafeFinally$(SparkErrorUtils.scala:61)
[2026-08-28T19:14:48.550+0000] {spark_submit.py:571} INFO - at org.apache.spark.util.Utils$.tryWithSafeFinally(Utils.scala:94)
[2026-08-28T19:14:48.550+0000] {spark_submit.py:571} INFO - at org.apache.spark.executor.Executor$TaskRunner.run(Executor.scala:623)
[2026-08-28T19:14:48.550+0000] {spark_submit.py:571} INFO - at java.base/java.util.concurrent.ThreadPoolExecutor.runWorker(Unknown Source)
[2026-08-28T19:14:48.551+0000] {spark_submit.py:571} INFO - at java.base/java.util.concurrent.ThreadPoolExecutor$Worker.run(Unknown Source)
[2026-08-28T19:14:48.551+0000] {spark_submit.py:571} INFO - at java.base/java.lang.Thread.run(Unknown Source)
[2026-08-28T19:14:48.551+0000] {spark_submit.py:571} INFO - Caused by: org.apache.spark.api.python.PythonException: Traceback (most recent call last):
[2026-08-28T19:14:48.552+0000] {spark_submit.py:571} INFO - File "/opt/spark/python/lib/pyspark.zip/pyspark/worker.py", line 1100, in main
[2026-08-28T19:14:48.552+0000] {spark_submit.py:571} INFO - raise PySparkRuntimeError(
[2026-08-28T19:14:48.552+0000] {spark_submit.py:571} INFO - pyspark.errors.exceptions.base.PySparkRuntimeError: [PYTHON_VERSION_MISMATCH] Python in worker has different version (3, 8) than that in driver 3.10, PySpark cannot run with different minor versions.
[2026-08-28T19:14:48.553+0000] {spark_submit.py:571} INFO - Please check environment variables PYSPARK_PYTHON and PYSPARK_DRIVER_PYTHON are correctly set.
[2026-08-28T19:14:48.553+0000] {spark_submit.py:571} INFO - 
[2026-08-28T19:14:48.554+0000] {spark_submit.py:571} INFO - at org.apache.spark.api.python.BasePythonRunner$ReaderIterator.handlePythonException(PythonRunner.scala:572)
[2026-08-28T19:14:48.554+0000] {spark_submit.py:571} INFO - at org.apache.spark.api.python.PythonRunner$$anon$3.read(PythonRunner.scala:784)
[2026-08-28T19:14:48.554+0000] {spark_submit.py:571} INFO - at org.apache.spark.api.python.PythonRunner$$anon$3.read(PythonRunner.scala:766)
[2026-08-28T19:14:48.555+0000] {spark_submit.py:571} INFO - at org.apache.spark.api.python.BasePythonRunner$ReaderIterator.hasNext(PythonRunner.scala:525)
[2026-08-28T19:14:48.555+0000] {spark_submit.py:571} INFO - at org.apache.spark.InterruptibleIterator.hasNext(InterruptibleIterator.scala:37)
[2026-08-28T19:14:48.556+0000] {spark_submit.py:571} INFO - at scala.collection.Iterator$$anon$11.hasNext(Iterator.scala:491)
[2026-08-28T19:14:48.556+0000] {spark_submit.py:571} INFO - at scala.collection.Iterator$$anon$10.hasNext(Iterator.scala:460)
[2026-08-28T19:14:48.556+0000] {spark_submit.py:571} INFO - at scala.collection.Iterator$$anon$10.hasNext(Iterator.scala:460)
[2026-08-28T19:14:48.557+0000] {spark_submit.py:571} INFO - at org.apache.spark.sql.catalyst.expressions.GeneratedClass$GeneratedIteratorForCodegenStage1.processNext(Unknown Source)
[2026-08-28T19:14:48.557+0000] {spark_submit.py:571} INFO - at org.apache.spark.sql.execution.BufferedRowIterator.hasNext(BufferedRowIterator.java:43)
[2026-08-28T19:14:48.558+0000] {spark_submit.py:571} INFO - at org.apache.spark.sql.execution.WholeStageCodegenEvaluatorFactory$WholeStageCodegenPartitionEvaluator$$anon$1.hasNext(WholeStageCodegenEvaluatorFactory.scala:43)
[2026-08-28T19:14:48.558+0000] {spark_submit.py:571} INFO - at org.apache.spark.sql.execution.datasources.FileFormatDataWriter.writeWithIterator(FileFormatDataWriter.scala:91)
[2026-08-28T19:14:48.558+0000] {spark_submit.py:571} INFO - at org.apache.spark.sql.delta.files.DeltaFileFormatWriter$.$anonfun$executeTask$1(DeltaFileFormatWriter.scala:430)
[2026-08-28T19:14:48.559+0000] {spark_submit.py:571} INFO - at org.apache.spark.util.Utils$.tryWithSafeFinallyAndFailureCallbacks(Utils.scala:1397)
[2026-08-28T19:14:48.559+0000] {spark_submit.py:571} INFO - at org.apache.spark.sql.delta.files.DeltaFileFormatWriter$.executeTask(DeltaFileFormatWriter.scala:437)
[2026-08-28T19:14:48.559+0000] {spark_submit.py:571} INFO - ... 12 more
[2026-08-28T19:14:48.560+0000] {spark_submit.py:571} INFO - 
[2026-08-28T19:14:48.560+0000] {spark_submit.py:571} INFO - Driver stacktrace:
[2026-08-28T19:14:48.561+0000] {spark_submit.py:571} INFO - at org.apache.spark.scheduler.DAGScheduler.failJobAndIndependentStages(DAGScheduler.scala:2856)
[2026-08-28T19:14:48.562+0000] {spark_submit.py:571} INFO - at org.apache.spark.scheduler.DAGScheduler.$anonfun$abortStage$2(DAGScheduler.scala:2792)
[2026-08-28T19:14:48.563+0000] {spark_submit.py:571} INFO - at org.apache.spark.scheduler.DAGScheduler.$anonfun$abortStage$2$adapted(DAGScheduler.scala:2791)
[2026-08-28T19:14:48.564+0000] {spark_submit.py:571} INFO - at scala.collection.mutable.ResizableArray.foreach(ResizableArray.scala:62)
[2026-08-28T19:14:48.565+0000] {spark_submit.py:571} INFO - at scala.collection.mutable.ResizableArray.foreach$(ResizableArray.scala:55)
[2026-08-28T19:14:48.565+0000] {spark_submit.py:571} INFO - at scala.collection.mutable.ArrayBuffer.foreach(ArrayBuffer.scala:49)
[2026-08-28T19:14:48.566+0000] {spark_submit.py:571} INFO - at org.apache.spark.scheduler.DAGScheduler.abortStage(DAGScheduler.scala:2791)
[2026-08-28T19:14:48.566+0000] {spark_submit.py:571} INFO - at org.apache.spark.scheduler.DAGScheduler.$anonfun$handleTaskSetFailed$1(DAGScheduler.scala:1247)
[2026-08-28T19:14:48.566+0000] {spark_submit.py:571} INFO - at org.apache.spark.scheduler.DAGScheduler.$anonfun$handleTaskSetFailed$1$adapted(DAGScheduler.scala:1247)
[2026-08-28T19:14:48.567+0000] {spark_submit.py:571} INFO - at scala.Option.foreach(Option.scala:407)
[2026-08-28T19:14:48.567+0000] {spark_submit.py:571} INFO - at org.apache.spark.scheduler.DAGScheduler.handleTaskSetFailed(DAGScheduler.scala:1247)
[2026-08-28T19:14:48.567+0000] {spark_submit.py:571} INFO - at org.apache.spark.scheduler.DAGSchedulerEventProcessLoop.doOnReceive(DAGScheduler.scala:3060)
[2026-08-28T19:14:48.568+0000] {spark_submit.py:571} INFO - at org.apache.spark.scheduler.DAGSchedulerEventProcessLoop.onReceive(DAGScheduler.scala:2994)
[2026-08-28T19:14:48.568+0000] {spark_submit.py:571} INFO - at org.apache.spark.scheduler.DAGSchedulerEventProcessLoop.onReceive(DAGScheduler.scala:2983)
[2026-08-28T19:14:48.568+0000] {spark_submit.py:571} INFO - at org.apache.spark.util.EventLoop$$anon$1.run(EventLoop.scala:49)
[2026-08-28T19:14:48.569+0000] {spark_submit.py:571} INFO - at org.apache.spark.scheduler.DAGScheduler.runJob(DAGScheduler.scala:989)
[2026-08-28T19:14:48.569+0000] {spark_submit.py:571} INFO - at org.apache.spark.SparkContext.runJob(SparkContext.scala:2398)
[2026-08-28T19:14:48.570+0000] {spark_submit.py:571} INFO - at org.apache.spark.sql.delta.files.DeltaFileFormatWriter$.$anonfun$executeWrite$1(DeltaFileFormatWriter.scala:263)
[2026-08-28T19:14:48.570+0000] {spark_submit.py:571} INFO - at org.apache.spark.sql.delta.files.DeltaFileFormatWriter$.writeAndCommit(DeltaFileFormatWriter.scala:295)
[2026-08-28T19:14:48.570+0000] {spark_submit.py:571} INFO - at org.apache.spark.sql.delta.files.DeltaFileFormatWriter$.executeWrite(DeltaFileFormatWriter.scala:234)
[2026-08-28T19:14:48.571+0000] {spark_submit.py:571} INFO - at org.apache.spark.sql.delta.files.DeltaFileFormatWriter$.write(DeltaFileFormatWriter.scala:214)
[2026-08-28T19:14:48.571+0000] {spark_submit.py:571} INFO - at org.apache.spark.sql.delta.files.TransactionalWrite.$anonfun$writeFiles$1(TransactionalWrite.scala:440)
[2026-08-28T19:14:48.571+0000] {spark_submit.py:571} INFO - at org.apache.spark.sql.execution.SQLExecution$.$anonfun$withNewExecutionId$6(SQLExecution.scala:125)
[2026-08-28T19:14:48.572+0000] {spark_submit.py:571} INFO - at org.apache.spark.sql.execution.SQLExecution$.withSQLConfPropagated(SQLExecution.scala:201)
[2026-08-28T19:14:48.572+0000] {spark_submit.py:571} INFO - at org.apache.spark.sql.execution.SQLExecution$.$anonfun$withNewExecutionId$1(SQLExecution.scala:108)
[2026-08-28T19:14:48.572+0000] {spark_submit.py:571} INFO - at org.apache.spark.sql.SparkSession.withActive(SparkSession.scala:900)
[2026-08-28T19:14:48.573+0000] {spark_submit.py:571} INFO - at org.apache.spark.sql.execution.SQLExecution$.withNewExecutionId(SQLExecution.scala:66)
[2026-08-28T19:14:48.573+0000] {spark_submit.py:571} INFO - at org.apache.spark.sql.delta.files.TransactionalWrite.writeFiles(TransactionalWrite.scala:398)
[2026-08-28T19:14:48.574+0000] {spark_submit.py:571} INFO - at org.apache.spark.sql.delta.files.TransactionalWrite.writeFiles$(TransactionalWrite.scala:371)
[2026-08-28T19:14:48.574+0000] {spark_submit.py:571} INFO - at org.apache.spark.sql.delta.OptimisticTransaction.writeFiles(OptimisticTransaction.scala:147)
[2026-08-28T19:14:48.574+0000] {spark_submit.py:571} INFO - at org.apache.spark.sql.delta.files.TransactionalWrite.writeFiles(TransactionalWrite.scala:246)
[2026-08-28T19:14:48.575+0000] {spark_submit.py:571} INFO - at org.apache.spark.sql.delta.files.TransactionalWrite.writeFiles$(TransactionalWrite.scala:242)
[2026-08-28T19:14:48.575+0000] {spark_submit.py:571} INFO - at org.apache.spark.sql.delta.OptimisticTransaction.writeFiles(OptimisticTransaction.scala:147)
[2026-08-28T19:14:48.575+0000] {spark_submit.py:571} INFO - at org.apache.spark.sql.delta.files.TransactionalWrite.writeFiles(TransactionalWrite.scala:235)
[2026-08-28T19:14:48.576+0000] {spark_submit.py:571} INFO - at org.apache.spark.sql.delta.files.TransactionalWrite.writeFiles$(TransactionalWrite.scala:232)
[2026-08-28T19:14:48.576+0000] {spark_submit.py:571} INFO - at org.apache.spark.sql.delta.OptimisticTransaction.writeFiles(OptimisticTransaction.scala:147)
[2026-08-28T19:14:48.577+0000] {spark_submit.py:571} INFO - at org.apache.spark.sql.delta.commands.WriteIntoDelta.writeFiles(WriteIntoDelta.scala:349)
[2026-08-28T19:14:48.577+0000] {spark_submit.py:571} INFO - at org.apache.spark.sql.delta.commands.WriteIntoDelta.writeAndReturnCommitData(WriteIntoDelta.scala:312)
[2026-08-28T19:14:48.577+0000] {spark_submit.py:571} INFO - at org.apache.spark.sql.delta.commands.WriteIntoDelta.$anonfun$run$1(WriteIntoDelta.scala:106)
[2026-08-28T19:14:48.578+0000] {spark_submit.py:571} INFO - at org.apache.spark.sql.delta.commands.WriteIntoDelta.$anonfun$run$1$adapted(WriteIntoDelta.scala:101)
[2026-08-28T19:14:48.579+0000] {spark_submit.py:571} INFO - at org.apache.spark.sql.delta.DeltaLog.withNewTransaction(DeltaLog.scala:227)
[2026-08-28T19:14:48.581+0000] {spark_submit.py:571} INFO - at org.apache.spark.sql.delta.commands.WriteIntoDelta.run(WriteIntoDelta.scala:101)
[2026-08-28T19:14:48.584+0000] {spark_submit.py:571} INFO - at org.apache.spark.sql.delta.catalog.WriteIntoDeltaBuilder$$anon$1$$anon$2.insert(DeltaTableV2.scala:432)
[2026-08-28T19:14:48.584+0000] {spark_submit.py:571} INFO - at org.apache.spark.sql.execution.datasources.v2.SupportsV1Write.writeWithV1(V1FallbackWriters.scala:79)
[2026-08-28T19:14:48.585+0000] {spark_submit.py:571} INFO - at org.apache.spark.sql.execution.datasources.v2.SupportsV1Write.writeWithV1$(V1FallbackWriters.scala:78)
[2026-08-28T19:14:48.585+0000] {spark_submit.py:571} INFO - at org.apache.spark.sql.execution.datasources.v2.AppendDataExecV1.writeWithV1(V1FallbackWriters.scala:34)
[2026-08-28T19:14:48.586+0000] {spark_submit.py:571} INFO - at org.apache.spark.sql.execution.datasources.v2.V1FallbackWriters.run(V1FallbackWriters.scala:66)
[2026-08-28T19:14:48.586+0000] {spark_submit.py:571} INFO - at org.apache.spark.sql.execution.datasources.v2.V1FallbackWriters.run$(V1FallbackWriters.scala:65)
[2026-08-28T19:14:48.587+0000] {spark_submit.py:571} INFO - at org.apache.spark.sql.execution.datasources.v2.AppendDataExecV1.run(V1FallbackWriters.scala:34)
[2026-08-28T19:14:48.587+0000] {spark_submit.py:571} INFO - at org.apache.spark.sql.execution.datasources.v2.V2CommandExec.result$lzycompute(V2CommandExec.scala:43)
[2026-08-28T19:14:48.588+0000] {spark_submit.py:571} INFO - at org.apache.spark.sql.execution.datasources.v2.V2CommandExec.result(V2CommandExec.scala:43)
[2026-08-28T19:14:48.588+0000] {spark_submit.py:571} INFO - at org.apache.spark.sql.execution.datasources.v2.V2CommandExec.executeCollect(V2CommandExec.scala:49)
[2026-08-28T19:14:48.589+0000] {spark_submit.py:571} INFO - at org.apache.spark.sql.execution.QueryExecution$$anonfun$eagerlyExecuteCommands$1.$anonfun$applyOrElse$1(QueryExecution.scala:107)
[2026-08-28T19:14:48.589+0000] {spark_submit.py:571} INFO - at org.apache.spark.sql.execution.SQLExecution$.$anonfun$withNewExecutionId$6(SQLExecution.scala:125)
[2026-08-28T19:14:48.589+0000] {spark_submit.py:571} INFO - at org.apache.spark.sql.execution.SQLExecution$.withSQLConfPropagated(SQLExecution.scala:201)
[2026-08-28T19:14:48.590+0000] {spark_submit.py:571} INFO - at org.apache.spark.sql.execution.SQLExecution$.$anonfun$withNewExecutionId$1(SQLExecution.scala:108)
[2026-08-28T19:14:48.590+0000] {spark_submit.py:571} INFO - at org.apache.spark.sql.SparkSession.withActive(SparkSession.scala:900)
[2026-08-28T19:14:48.590+0000] {spark_submit.py:571} INFO - at org.apache.spark.sql.execution.SQLExecution$.withNewExecutionId(SQLExecution.scala:66)
[2026-08-28T19:14:48.591+0000] {spark_submit.py:571} INFO - at org.apache.spark.sql.execution.QueryExecution$$anonfun$eagerlyExecuteCommands$1.applyOrElse(QueryExecution.scala:107)
[2026-08-28T19:14:48.591+0000] {spark_submit.py:571} INFO - at org.apache.spark.sql.execution.QueryExecution$$anonfun$eagerlyExecuteCommands$1.applyOrElse(QueryExecution.scala:98)
[2026-08-28T19:14:48.591+0000] {spark_submit.py:571} INFO - at org.apache.spark.sql.catalyst.trees.TreeNode.$anonfun$transformDownWithPruning$1(TreeNode.scala:461)
[2026-08-28T19:14:48.592+0000] {spark_submit.py:571} INFO - at org.apache.spark.sql.catalyst.trees.CurrentOrigin$.withOrigin(origin.scala:76)
[2026-08-28T19:14:48.592+0000] {spark_submit.py:571} INFO - at org.apache.spark.sql.catalyst.trees.TreeNode.transformDownWithPruning(TreeNode.scala:461)
[2026-08-28T19:14:48.592+0000] {spark_submit.py:571} INFO - at org.apache.spark.sql.catalyst.plans.logical.LogicalPlan.org$apache$spark$sql$catalyst$plans$logical$AnalysisHelper$$super$transformDownWithPruning(LogicalPlan.scala:32)
[2026-08-28T19:14:48.593+0000] {spark_submit.py:571} INFO - at org.apache.spark.sql.catalyst.plans.logical.AnalysisHelper.transformDownWithPruning(AnalysisHelper.scala:267)
[2026-08-28T19:14:48.593+0000] {spark_submit.py:571} INFO - at org.apache.spark.sql.catalyst.plans.logical.AnalysisHelper.transformDownWithPruning$(AnalysisHelper.scala:263)
[2026-08-28T19:14:48.594+0000] {spark_submit.py:571} INFO - at org.apache.spark.sql.catalyst.plans.logical.LogicalPlan.transformDownWithPruning(LogicalPlan.scala:32)
[2026-08-28T19:14:48.594+0000] {spark_submit.py:571} INFO - at org.apache.spark.sql.catalyst.plans.logical.LogicalPlan.transformDownWithPruning(LogicalPlan.scala:32)
[2026-08-28T19:14:48.595+0000] {spark_submit.py:571} INFO - at org.apache.spark.sql.catalyst.trees.TreeNode.transformDown(TreeNode.scala:437)
[2026-08-28T19:14:48.596+0000] {spark_submit.py:571} INFO - at org.apache.spark.sql.execution.QueryExecution.eagerlyExecuteCommands(QueryExecution.scala:98)
[2026-08-28T19:14:48.596+0000] {spark_submit.py:571} INFO - at org.apache.spark.sql.execution.QueryExecution.commandExecuted$lzycompute(QueryExecution.scala:85)
[2026-08-28T19:14:48.597+0000] {spark_submit.py:571} INFO - at org.apache.spark.sql.execution.QueryExecution.commandExecuted(QueryExecution.scala:83)
[2026-08-28T19:14:48.597+0000] {spark_submit.py:571} INFO - at org.apache.spark.sql.execution.QueryExecution.assertCommandExecuted(QueryExecution.scala:142)
[2026-08-28T19:14:48.598+0000] {spark_submit.py:571} INFO - at org.apache.spark.sql.DataFrameWriter.runCommand(DataFrameWriter.scala:859)
[2026-08-28T19:14:48.598+0000] {spark_submit.py:571} INFO - at org.apache.spark.sql.DataFrameWriter.saveAsTable(DataFrameWriter.scala:634)
[2026-08-28T19:14:48.598+0000] {spark_submit.py:571} INFO - at org.apache.spark.sql.DataFrameWriter.saveAsTable(DataFrameWriter.scala:568)
[2026-08-28T19:14:48.599+0000] {spark_submit.py:571} INFO - at java.base/jdk.internal.reflect.NativeMethodAccessorImpl.invoke0(Native Method)
[2026-08-28T19:14:48.599+0000] {spark_submit.py:571} INFO - at java.base/jdk.internal.reflect.NativeMethodAccessorImpl.invoke(NativeMethodAccessorImpl.java:77)
[2026-08-28T19:14:48.599+0000] {spark_submit.py:571} INFO - at java.base/jdk.internal.reflect.DelegatingMethodAccessorImpl.invoke(DelegatingMethodAccessorImpl.java:43)
[2026-08-28T19:14:48.600+0000] {spark_submit.py:571} INFO - at java.base/java.lang.reflect.Method.invoke(Method.java:569)
[2026-08-28T19:14:48.600+0000] {spark_submit.py:571} INFO - at py4j.reflection.MethodInvoker.invoke(MethodInvoker.java:244)
[2026-08-28T19:14:48.601+0000] {spark_submit.py:571} INFO - at py4j.reflection.ReflectionEngine.invoke(ReflectionEngine.java:374)
[2026-08-28T19:14:48.601+0000] {spark_submit.py:571} INFO - at py4j.Gateway.invoke(Gateway.java:282)
[2026-08-28T19:14:48.601+0000] {spark_submit.py:571} INFO - at py4j.commands.AbstractCommand.invokeMethod(AbstractCommand.java:132)
[2026-08-28T19:14:48.602+0000] {spark_submit.py:571} INFO - at py4j.commands.CallCommand.execute(CallCommand.java:79)
[2026-08-28T19:14:48.602+0000] {spark_submit.py:571} INFO - at py4j.ClientServerConnection.waitForCommands(ClientServerConnection.java:182)
[2026-08-28T19:14:48.602+0000] {spark_submit.py:571} INFO - at py4j.ClientServerConnection.run(ClientServerConnection.java:106)
[2026-08-28T19:14:48.603+0000] {spark_submit.py:571} INFO - at java.base/java.lang.Thread.run(Thread.java:840)
[2026-08-28T19:14:48.603+0000] {spark_submit.py:571} INFO - Caused by: org.apache.spark.SparkException: [TASK_WRITE_FAILED] Task failed while writing rows to s3a://lakehouse/control/job_control.
[2026-08-28T19:14:48.604+0000] {spark_submit.py:571} INFO - at org.apache.spark.sql.errors.QueryExecutionErrors$.taskFailedWhileWritingRowsError(QueryExecutionErrors.scala:774)
[2026-08-28T19:14:48.604+0000] {spark_submit.py:571} INFO - at org.apache.spark.sql.delta.files.DeltaFileFormatWriter$.executeTask(DeltaFileFormatWriter.scala:447)
[2026-08-28T19:14:48.604+0000] {spark_submit.py:571} INFO - at org.apache.spark.sql.delta.files.DeltaFileFormatWriter$.$anonfun$executeWrite$2(DeltaFileFormatWriter.scala:274)
[2026-08-28T19:14:48.605+0000] {spark_submit.py:571} INFO - at org.apache.spark.scheduler.ResultTask.runTask(ResultTask.scala:93)
[2026-08-28T19:14:48.605+0000] {spark_submit.py:571} INFO - at org.apache.spark.TaskContext.runTaskWithListeners(TaskContext.scala:166)
[2026-08-28T19:14:48.606+0000] {spark_submit.py:571} INFO - at org.apache.spark.scheduler.Task.run(Task.scala:141)
[2026-08-28T19:14:48.606+0000] {spark_submit.py:571} INFO - at org.apache.spark.executor.Executor$TaskRunner.$anonfun$run$4(Executor.scala:620)
[2026-08-28T19:14:48.606+0000] {spark_submit.py:571} INFO - at org.apache.spark.util.SparkErrorUtils.tryWithSafeFinally(SparkErrorUtils.scala:64)
[2026-08-28T19:14:48.607+0000] {spark_submit.py:571} INFO - at org.apache.spark.util.SparkErrorUtils.tryWithSafeFinally$(SparkErrorUtils.scala:61)
[2026-08-28T19:14:48.607+0000] {spark_submit.py:571} INFO - at org.apache.spark.util.Utils$.tryWithSafeFinally(Utils.scala:94)
[2026-08-28T19:14:48.608+0000] {spark_submit.py:571} INFO - at org.apache.spark.executor.Executor$TaskRunner.run(Executor.scala:623)
[2026-08-28T19:14:48.608+0000] {spark_submit.py:571} INFO - at java.base/java.util.concurrent.ThreadPoolExecutor.runWorker(Unknown Source)
[2026-08-28T19:14:48.609+0000] {spark_submit.py:571} INFO - at java.base/java.util.concurrent.ThreadPoolExecutor$Worker.run(Unknown Source)
[2026-08-28T19:14:48.609+0000] {spark_submit.py:571} INFO - at java.base/java.lang.Thread.run(Unknown Source)
[2026-08-28T19:14:48.609+0000] {spark_submit.py:571} INFO - Caused by: org.apache.spark.api.python.PythonException: Traceback (most recent call last):
[2026-08-28T19:14:48.610+0000] {spark_submit.py:571} INFO - File "/opt/spark/python/lib/pyspark.zip/pyspark/worker.py", line 1100, in main
[2026-08-28T19:14:48.610+0000] {spark_submit.py:571} INFO - raise PySparkRuntimeError(
[2026-08-28T19:14:48.611+0000] {spark_submit.py:571} INFO - pyspark.errors.exceptions.base.PySparkRuntimeError: [PYTHON_VERSION_MISMATCH] Python in worker has different version (3, 8) than that in driver 3.10, PySpark cannot run with different minor versions.
[2026-08-28T19:14:48.612+0000] {spark_submit.py:571} INFO - Please check environment variables PYSPARK_PYTHON and PYSPARK_DRIVER_PYTHON are correctly set.
[2026-08-28T19:14:48.613+0000] {spark_submit.py:571} INFO - 
[2026-08-28T19:14:48.617+0000] {spark_submit.py:571} INFO - at org.apache.spark.api.python.BasePythonRunner$ReaderIterator.handlePythonException(PythonRunner.scala:572)
[2026-08-28T19:14:48.619+0000] {spark_submit.py:571} INFO - at org.apache.spark.api.python.PythonRunner$$anon$3.read(PythonRunner.scala:784)
[2026-08-28T19:14:48.622+0000] {spark_submit.py:571} INFO - at org.apache.spark.api.python.PythonRunner$$anon$3.read(PythonRunner.scala:766)
[2026-08-28T19:14:48.623+0000] {spark_submit.py:571} INFO - at org.apache.spark.api.python.BasePythonRunner$ReaderIterator.hasNext(PythonRunner.scala:525)
[2026-08-28T19:14:48.624+0000] {spark_submit.py:571} INFO - at org.apache.spark.InterruptibleIterator.hasNext(InterruptibleIterator.scala:37)
[2026-08-28T19:14:48.624+0000] {spark_submit.py:571} INFO - at scala.collection.Iterator$$anon$11.hasNext(Iterator.scala:491)
[2026-08-28T19:14:48.624+0000] {spark_submit.py:571} INFO - at scala.collection.Iterator$$anon$10.hasNext(Iterator.scala:460)
[2026-08-28T19:14:48.625+0000] {spark_submit.py:571} INFO - at scala.collection.Iterator$$anon$10.hasNext(Iterator.scala:460)
[2026-08-28T19:14:48.625+0000] {spark_submit.py:571} INFO - at org.apache.spark.sql.catalyst.expressions.GeneratedClass$GeneratedIteratorForCodegenStage1.processNext(Unknown Source)
[2026-08-28T19:14:48.625+0000] {spark_submit.py:571} INFO - at org.apache.spark.sql.execution.BufferedRowIterator.hasNext(BufferedRowIterator.java:43)
[2026-08-28T19:14:48.626+0000] {spark_submit.py:571} INFO - at org.apache.spark.sql.execution.WholeStageCodegenEvaluatorFactory$WholeStageCodegenPartitionEvaluator$$anon$1.hasNext(WholeStageCodegenEvaluatorFactory.scala:43)
[2026-08-28T19:14:48.626+0000] {spark_submit.py:571} INFO - at org.apache.spark.sql.execution.datasources.FileFormatDataWriter.writeWithIterator(FileFormatDataWriter.scala:91)
[2026-08-28T19:14:48.627+0000] {spark_submit.py:571} INFO - at org.apache.spark.sql.delta.files.DeltaFileFormatWriter$.$anonfun$executeTask$1(DeltaFileFormatWriter.scala:430)
[2026-08-28T19:14:48.628+0000] {spark_submit.py:571} INFO - at org.apache.spark.util.Utils$.tryWithSafeFinallyAndFailureCallbacks(Utils.scala:1397)
[2026-08-28T19:14:48.629+0000] {spark_submit.py:571} INFO - at org.apache.spark.sql.delta.files.DeltaFileFormatWriter$.executeTask(DeltaFileFormatWriter.scala:437)
[2026-08-28T19:14:48.630+0000] {spark_submit.py:571} INFO - ... 12 more
[2026-08-28T19:14:48.630+0000] {spark_submit.py:571} INFO - 
[2026-08-28T19:14:49.855+0000] {spark_submit.py:571} INFO - [Silver] users: 10000 rows -> silver.silver_users
[2026-08-28T19:14:50.466+0000] {taskinstance.py:441} INFO - ::group::Post task execution logs
[2026-08-28T19:14:50.487+0000] {taskinstance.py:1206} INFO - Marking task as SUCCESS. dag_id=lakehouse_pipeline, task_id=silver_users, run_id=manual__2026-08-28T19:12:33.943794+00:00, execution_date=20260828T191233, start_date=20260828T191332, end_date=20260828T191450
[2026-08-28T19:14:50.547+0000] {local_task_job_runner.py:243} INFO - Task exited with return code 0
[2026-08-28T19:14:50.590+0000] {taskinstance.py:3503} INFO - 1 downstream tasks scheduled from follow-on schedule check
[2026-08-28T19:14:50.593+0000] {local_task_job_runner.py:222} INFO - ::endgroup::
