[2026-08-29T08:23:42.955+0000] {local_task_job_runner.py:120} INFO - ::group::Pre task execution logs
[2026-08-29T08:23:43.021+0000] {taskinstance.py:2076} INFO - Dependencies all met for dep_context=non-requeueable deps ti=<TaskInstance: lakehouse_pipeline.gold_dim_user manual__2026-08-29T08:18:38.734104+00:00 [queued]>
[2026-08-29T08:23:43.035+0000] {taskinstance.py:2076} INFO - Dependencies all met for dep_context=requeueable deps ti=<TaskInstance: lakehouse_pipeline.gold_dim_user manual__2026-08-29T08:18:38.734104+00:00 [queued]>
[2026-08-29T08:23:43.037+0000] {taskinstance.py:2306} INFO - Starting attempt 1 of 3
[2026-08-29T08:23:43.059+0000] {taskinstance.py:2330} INFO - Executing <Task(SparkSubmitOperator): gold_dim_user> on 2026-08-29 08:18:38.734104+00:00
[2026-08-29T08:23:43.068+0000] {standard_task_runner.py:64} INFO - Started process 3099 to run task
[2026-08-29T08:23:43.073+0000] {standard_task_runner.py:90} INFO - Running: ['airflow', 'tasks', 'run', 'lakehouse_pipeline', 'gold_dim_user', 'manual__2026-08-29T08:18:38.734104+00:00', '--job-id', '23', '--raw', '--subdir', 'DAGS_FOLDER/lakehouse_pipeline.py', '--cfg-path', '/tmp/tmpds7x4r86']
[2026-08-29T08:23:43.077+0000] {standard_task_runner.py:91} INFO - Job 23: Subtask gold_dim_user
[2026-08-29T08:23:43.197+0000] {task_command.py:426} INFO - Running <TaskInstance: lakehouse_pipeline.gold_dim_user manual__2026-08-29T08:18:38.734104+00:00 [running]> on host c6b777e57b46
[2026-08-29T08:23:43.369+0000] {taskinstance.py:2648} INFO - Exporting env vars: AIRFLOW_CTX_DAG_OWNER='data_team' AIRFLOW_CTX_DAG_ID='lakehouse_pipeline' AIRFLOW_CTX_TASK_ID='gold_dim_user' AIRFLOW_CTX_EXECUTION_DATE='2026-08-29T08:18:38.734104+00:00' AIRFLOW_CTX_TRY_NUMBER='1' AIRFLOW_CTX_DAG_RUN_ID='manual__2026-08-29T08:18:38.734104+00:00'
[2026-08-29T08:23:43.371+0000] {taskinstance.py:430} INFO - ::endgroup::
[2026-08-29T08:23:43.415+0000] {base.py:84} INFO - Using connection ID 'spark_default' for task execution.
[2026-08-29T08:23:43.418+0000] {spark_submit.py:401} INFO - Spark-Submit cmd: spark-submit --master spark://spark-master:7077 --conf spark.cores.max=1 --conf spark.executor.memory=1g --conf spark.driver.host=airflow-scheduler --conf spark.driver.bindAddress=0.0.0.0 --py-files /opt/spark/utils/job_control.py,/opt/spark/utils/validation.py --name arrow-spark --deploy-mode client /opt/spark/jobs/build_gold.py --table dim_user
[2026-08-29T08:23:43.448+0000] {spark_submit.py:571} INFO - /opt/spark/bin/load-spark-env.sh: line 68: ps: command not found
[2026-08-29T08:23:52.432+0000] {spark_submit.py:571} INFO - --- BẮT ĐẦU BUILD GOLD: dim_user ---
[2026-08-29T08:24:16.079+0000] {spark_submit.py:571} INFO - 26/08/29 08:24:16 WARN SparkStringUtils: Truncated the string representation of a plan since it was too large. This behavior can be adjusted by setting 'spark.sql.debug.maxToStringFields'.
[2026-08-29T08:24:34.865+0000] {spark_submit.py:571} INFO - [GOLD] users: FIRST RUN
[2026-08-29T08:24:34.866+0000] {spark_submit.py:571} INFO - [Watermark] Previous: None
[2026-08-29T08:24:48.376+0000] {spark_submit.py:571} INFO - [Gold][SCD2] dim_user chưa tồn tại -> full load lần đầu
[2026-08-29T08:24:56.016+0000] {spark_submit.py:571} INFO - 26/08/29 08:24:56 WARN HiveExternalCatalog: Couldn't find corresponding Hive SerDe for data source provider delta. Persisting data source table `spark_catalog`.`gold`.`dim_user` into Hive metastore in Spark SQL specific format, which is NOT compatible with Hive.
[2026-08-29T08:25:03.528+0000] {spark_submit.py:571} INFO - [Gold][SCD2] gold.dim_user: 10000 rows (tổng, gồm cả version lịch sử)
[2026-08-29T08:25:05.730+0000] {spark_submit.py:571} INFO - [Watermark] New: 2026-08-29 08:20:56.008923
[2026-08-29T08:25:09.466+0000] {spark_submit.py:571} INFO - [JOB_CONTROL] Insert log success
[2026-08-29T08:25:10.455+0000] {taskinstance.py:441} INFO - ::group::Post task execution logs
[2026-08-29T08:25:10.485+0000] {taskinstance.py:1206} INFO - Marking task as SUCCESS. dag_id=lakehouse_pipeline, task_id=gold_dim_user, run_id=manual__2026-08-29T08:18:38.734104+00:00, execution_date=20260829T081838, start_date=20260829T082343, end_date=20260829T082510
[2026-08-29T08:25:10.573+0000] {local_task_job_runner.py:243} INFO - Task exited with return code 0
[2026-08-29T08:25:10.635+0000] {taskinstance.py:3503} INFO - 1 downstream tasks scheduled from follow-on schedule check
[2026-08-29T08:25:10.640+0000] {local_task_job_runner.py:222} INFO - ::endgroup::
