[2026-08-29T08:19:47.259+0000] {local_task_job_runner.py:120} INFO - ::group::Pre task execution logs
[2026-08-29T08:19:47.366+0000] {taskinstance.py:2076} INFO - Dependencies all met for dep_context=non-requeueable deps ti=<TaskInstance: lakehouse_pipeline.bronze_sessions manual__2026-08-29T08:18:38.734104+00:00 [queued]>
[2026-08-29T08:19:47.379+0000] {taskinstance.py:2076} INFO - Dependencies all met for dep_context=requeueable deps ti=<TaskInstance: lakehouse_pipeline.bronze_sessions manual__2026-08-29T08:18:38.734104+00:00 [queued]>
[2026-08-29T08:19:47.379+0000] {taskinstance.py:2306} INFO - Starting attempt 1 of 3
[2026-08-29T08:19:47.402+0000] {taskinstance.py:2330} INFO - Executing <Task(SparkSubmitOperator): bronze_sessions> on 2026-08-29 08:18:38.734104+00:00
[2026-08-29T08:19:47.407+0000] {standard_task_runner.py:64} INFO - Started process 956 to run task
[2026-08-29T08:19:47.412+0000] {standard_task_runner.py:90} INFO - Running: ['airflow', 'tasks', 'run', 'lakehouse_pipeline', 'bronze_sessions', 'manual__2026-08-29T08:18:38.734104+00:00', '--job-id', '17', '--raw', '--subdir', 'DAGS_FOLDER/lakehouse_pipeline.py', '--cfg-path', '/tmp/tmpyiqxs7mv']
[2026-08-29T08:19:47.415+0000] {standard_task_runner.py:91} INFO - Job 17: Subtask bronze_sessions
[2026-08-29T08:19:47.505+0000] {task_command.py:426} INFO - Running <TaskInstance: lakehouse_pipeline.bronze_sessions manual__2026-08-29T08:18:38.734104+00:00 [running]> on host c6b777e57b46
[2026-08-29T08:19:47.652+0000] {taskinstance.py:2648} INFO - Exporting env vars: AIRFLOW_CTX_DAG_OWNER='data_team' AIRFLOW_CTX_DAG_ID='lakehouse_pipeline' AIRFLOW_CTX_TASK_ID='bronze_sessions' AIRFLOW_CTX_EXECUTION_DATE='2026-08-29T08:18:38.734104+00:00' AIRFLOW_CTX_TRY_NUMBER='1' AIRFLOW_CTX_DAG_RUN_ID='manual__2026-08-29T08:18:38.734104+00:00'
[2026-08-29T08:19:47.654+0000] {taskinstance.py:430} INFO - ::endgroup::
[2026-08-29T08:19:47.706+0000] {base.py:84} INFO - Using connection ID 'spark_default' for task execution.
[2026-08-29T08:19:47.708+0000] {spark_submit.py:401} INFO - Spark-Submit cmd: spark-submit --master spark://spark-master:7077 --conf spark.cores.max=1 --conf spark.executor.memory=1g --conf spark.driver.host=airflow-scheduler --conf spark.driver.bindAddress=0.0.0.0 --py-files /opt/spark/utils/job_control.py,/opt/spark/utils/validation.py --name arrow-spark --deploy-mode client /opt/spark/jobs/ingest_bronze.py --table sessions
[2026-08-29T08:19:47.746+0000] {spark_submit.py:571} INFO - /opt/spark/bin/load-spark-env.sh: line 68: ps: command not found
[2026-08-29T08:19:55.114+0000] {spark_submit.py:571} INFO - --- BẮT ĐẦU LOAD TỪ DATABASE: sessions ---
[2026-08-29T08:20:19.247+0000] {spark_submit.py:571} INFO - 26/08/29 08:20:19 WARN SparkStringUtils: Truncated the string representation of a plan since it was too large. This behavior can be adjusted by setting 'spark.sql.debug.maxToStringFields'.
[2026-08-29T08:20:36.551+0000] {spark_submit.py:571} INFO - [Watermark] Previous: None
[2026-08-29T08:20:36.552+0000] {spark_submit.py:571} INFO - [Load] First run -> FULL LOAD
[2026-08-29T08:20:36.959+0000] {spark_submit.py:571} INFO - [VALIDATION] bronze.bronze_sessions: schema OK (6 cột)
[2026-08-29T08:20:54.421+0000] {spark_submit.py:571} INFO - 26/08/29 08:20:54 WARN HiveExternalCatalog: Could not alter schema of table `bronze`.`bronze_sessions` in a Hive compatible way. Updating Hive metastore in Spark SQL specific format.
[2026-08-29T08:20:54.425+0000] {spark_submit.py:571} INFO - java.lang.reflect.InvocationTargetException: null
[2026-08-29T08:20:54.426+0000] {spark_submit.py:571} INFO - at jdk.internal.reflect.NativeMethodAccessorImpl.invoke0(Native Method) ~[?:?]
[2026-08-29T08:20:54.426+0000] {spark_submit.py:571} INFO - at jdk.internal.reflect.NativeMethodAccessorImpl.invoke(NativeMethodAccessorImpl.java:77) ~[?:?]
[2026-08-29T08:20:54.428+0000] {spark_submit.py:571} INFO - at jdk.internal.reflect.DelegatingMethodAccessorImpl.invoke(DelegatingMethodAccessorImpl.java:43) ~[?:?]
[2026-08-29T08:20:54.430+0000] {spark_submit.py:571} INFO - at java.lang.reflect.Method.invoke(Method.java:569) ~[?:?]
[2026-08-29T08:20:54.431+0000] {spark_submit.py:571} INFO - at org.apache.spark.sql.hive.client.Shim_v2_1.alterTable(HiveShim.scala:1611) ~[spark-hive_2.12-3.5.1.jar:3.5.1]
[2026-08-29T08:20:54.432+0000] {spark_submit.py:571} INFO - at org.apache.spark.sql.hive.client.HiveClientImpl.$anonfun$alterTableDataSchema$1(HiveClientImpl.scala:633) ~[spark-hive_2.12-3.5.1.jar:3.5.1]
[2026-08-29T08:20:54.433+0000] {spark_submit.py:571} INFO - at scala.runtime.java8.JFunction0$mcV$sp.apply(JFunction0$mcV$sp.java:23) ~[scala-library-2.12.18.jar:?]
[2026-08-29T08:20:54.434+0000] {spark_submit.py:571} INFO - at org.apache.spark.sql.hive.client.HiveClientImpl.$anonfun$withHiveState$1(HiveClientImpl.scala:303) ~[spark-hive_2.12-3.5.1.jar:3.5.1]
[2026-08-29T08:20:54.435+0000] {spark_submit.py:571} INFO - at org.apache.spark.sql.hive.client.HiveClientImpl.liftedTree1$1(HiveClientImpl.scala:234) ~[spark-hive_2.12-3.5.1.jar:3.5.1]
[2026-08-29T08:20:54.435+0000] {spark_submit.py:571} INFO - at org.apache.spark.sql.hive.client.HiveClientImpl.retryLocked(HiveClientImpl.scala:233) ~[spark-hive_2.12-3.5.1.jar:3.5.1]
[2026-08-29T08:20:54.440+0000] {spark_submit.py:571} INFO - at org.apache.spark.sql.hive.client.HiveClientImpl.withHiveState(HiveClientImpl.scala:283) ~[spark-hive_2.12-3.5.1.jar:3.5.1]
[2026-08-29T08:20:54.440+0000] {spark_submit.py:571} INFO - at org.apache.spark.sql.hive.client.HiveClientImpl.alterTableDataSchema(HiveClientImpl.scala:614) ~[spark-hive_2.12-3.5.1.jar:3.5.1]
[2026-08-29T08:20:54.441+0000] {spark_submit.py:571} INFO - at org.apache.spark.sql.hive.HiveExternalCatalog.$anonfun$alterTableDataSchema$1(HiveExternalCatalog.scala:713) ~[spark-hive_2.12-3.5.1.jar:3.5.1]
[2026-08-29T08:20:54.442+0000] {spark_submit.py:571} INFO - at scala.runtime.java8.JFunction0$mcV$sp.apply(JFunction0$mcV$sp.java:23) ~[scala-library-2.12.18.jar:?]
[2026-08-29T08:20:54.443+0000] {spark_submit.py:571} INFO - at org.apache.spark.sql.hive.HiveExternalCatalog.withClient(HiveExternalCatalog.scala:99) ~[spark-hive_2.12-3.5.1.jar:3.5.1]
[2026-08-29T08:20:54.444+0000] {spark_submit.py:571} INFO - at org.apache.spark.sql.hive.HiveExternalCatalog.alterTableDataSchema(HiveExternalCatalog.scala:699) ~[spark-hive_2.12-3.5.1.jar:3.5.1]
[2026-08-29T08:20:54.449+0000] {spark_submit.py:571} INFO - at org.apache.spark.sql.catalyst.catalog.ExternalCatalogWithListener.alterTableDataSchema(ExternalCatalogWithListener.scala:124) ~[spark-catalyst_2.12-3.5.1.jar:3.5.1]
[2026-08-29T08:20:54.454+0000] {spark_submit.py:571} INFO - at org.apache.spark.sql.delta.hooks.UpdateCatalog$.org$apache$spark$sql$delta$hooks$UpdateCatalog$$replaceTable(UpdateCatalog.scala:334) ~[delta-spark_2.12-3.2.0.jar:3.2.0]
[2026-08-29T08:20:54.456+0000] {spark_submit.py:571} INFO - at org.apache.spark.sql.delta.hooks.UpdateCatalog.updateSchema(UpdateCatalog.scala:236) ~[delta-spark_2.12-3.2.0.jar:3.2.0]
[2026-08-29T08:20:54.457+0000] {spark_submit.py:571} INFO - at org.apache.spark.sql.delta.commands.CreateDeltaTableCommand.updateCatalog(CreateDeltaTableCommand.scala:579) ~[delta-spark_2.12-3.2.0.jar:3.2.0]
[2026-08-29T08:20:54.458+0000] {spark_submit.py:571} INFO - at org.apache.spark.sql.delta.commands.CreateDeltaTableCommand.runPostCommitUpdates(CreateDeltaTableCommand.scala:194) ~[delta-spark_2.12-3.2.0.jar:3.2.0]
[2026-08-29T08:20:54.458+0000] {spark_submit.py:571} INFO - at org.apache.spark.sql.delta.commands.CreateDeltaTableCommand.handleCommit(CreateDeltaTableCommand.scala:174) ~[delta-spark_2.12-3.2.0.jar:3.2.0]
[2026-08-29T08:20:54.459+0000] {spark_submit.py:571} INFO - at org.apache.spark.sql.delta.commands.CreateDeltaTableCommand.$anonfun$run$2(CreateDeltaTableCommand.scala:110) ~[delta-spark_2.12-3.2.0.jar:3.2.0]
[2026-08-29T08:20:54.460+0000] {spark_submit.py:571} INFO - at org.apache.spark.sql.delta.metering.DeltaLogging.recordFrameProfile(DeltaLogging.scala:168) ~[delta-spark_2.12-3.2.0.jar:3.2.0]
[2026-08-29T08:20:54.461+0000] {spark_submit.py:571} INFO - at org.apache.spark.sql.delta.metering.DeltaLogging.recordFrameProfile$(DeltaLogging.scala:166) ~[delta-spark_2.12-3.2.0.jar:3.2.0]
[2026-08-29T08:20:54.463+0000] {spark_submit.py:571} INFO - at org.apache.spark.sql.delta.commands.CreateDeltaTableCommand.recordFrameProfile(CreateDeltaTableCommand.scala:57) ~[delta-spark_2.12-3.2.0.jar:3.2.0]
[2026-08-29T08:20:54.464+0000] {spark_submit.py:571} INFO - at org.apache.spark.sql.delta.metering.DeltaLogging.$anonfun$recordDeltaOperationInternal$1(DeltaLogging.scala:136) ~[delta-spark_2.12-3.2.0.jar:3.2.0]
[2026-08-29T08:20:54.465+0000] {spark_submit.py:571} INFO - at com.databricks.spark.util.DatabricksLogging.recordOperation(DatabricksLogging.scala:128) ~[delta-spark_2.12-3.2.0.jar:3.2.0]
[2026-08-29T08:20:54.466+0000] {spark_submit.py:571} INFO - at com.databricks.spark.util.DatabricksLogging.recordOperation$(DatabricksLogging.scala:117) ~[delta-spark_2.12-3.2.0.jar:3.2.0]
[2026-08-29T08:20:54.466+0000] {spark_submit.py:571} INFO - at org.apache.spark.sql.delta.commands.CreateDeltaTableCommand.recordOperation(CreateDeltaTableCommand.scala:57) ~[delta-spark_2.12-3.2.0.jar:3.2.0]
[2026-08-29T08:20:54.467+0000] {spark_submit.py:571} INFO - at org.apache.spark.sql.delta.metering.DeltaLogging.recordDeltaOperationInternal(DeltaLogging.scala:135) ~[delta-spark_2.12-3.2.0.jar:3.2.0]
[2026-08-29T08:20:54.468+0000] {spark_submit.py:571} INFO - at org.apache.spark.sql.delta.metering.DeltaLogging.recordDeltaOperation(DeltaLogging.scala:125) ~[delta-spark_2.12-3.2.0.jar:3.2.0]
[2026-08-29T08:20:54.469+0000] {spark_submit.py:571} INFO - at org.apache.spark.sql.delta.metering.DeltaLogging.recordDeltaOperation$(DeltaLogging.scala:115) ~[delta-spark_2.12-3.2.0.jar:3.2.0]
[2026-08-29T08:20:54.470+0000] {spark_submit.py:571} INFO - at org.apache.spark.sql.delta.commands.CreateDeltaTableCommand.recordDeltaOperation(CreateDeltaTableCommand.scala:57) ~[delta-spark_2.12-3.2.0.jar:3.2.0]
[2026-08-29T08:20:54.470+0000] {spark_submit.py:571} INFO - at org.apache.spark.sql.delta.commands.CreateDeltaTableCommand.run(CreateDeltaTableCommand.scala:110) ~[delta-spark_2.12-3.2.0.jar:3.2.0]
[2026-08-29T08:20:54.471+0000] {spark_submit.py:571} INFO - at org.apache.spark.sql.delta.catalog.DeltaCatalog.$anonfun$createDeltaTable$1(DeltaCatalog.scala:184) ~[delta-spark_2.12-3.2.0.jar:3.2.0]
[2026-08-29T08:20:54.472+0000] {spark_submit.py:571} INFO - at org.apache.spark.sql.delta.metering.DeltaLogging.recordFrameProfile(DeltaLogging.scala:168) ~[delta-spark_2.12-3.2.0.jar:3.2.0]
[2026-08-29T08:20:54.472+0000] {spark_submit.py:571} INFO - at org.apache.spark.sql.delta.metering.DeltaLogging.recordFrameProfile$(DeltaLogging.scala:166) ~[delta-spark_2.12-3.2.0.jar:3.2.0]
[2026-08-29T08:20:54.473+0000] {spark_submit.py:571} INFO - at org.apache.spark.sql.delta.catalog.DeltaCatalog.recordFrameProfile(DeltaCatalog.scala:65) ~[delta-spark_2.12-3.2.0.jar:3.2.0]
[2026-08-29T08:20:54.477+0000] {spark_submit.py:571} INFO - at org.apache.spark.sql.delta.catalog.DeltaCatalog.org$apache$spark$sql$delta$catalog$DeltaCatalog$$createDeltaTable(DeltaCatalog.scala:95) ~[delta-spark_2.12-3.2.0.jar:3.2.0]
[2026-08-29T08:20:54.480+0000] {spark_submit.py:571} INFO - at org.apache.spark.sql.delta.catalog.DeltaCatalog$StagedDeltaTableV2.$anonfun$commitStagedChanges$1(DeltaCatalog.scala:545) ~[delta-spark_2.12-3.2.0.jar:3.2.0]
[2026-08-29T08:20:54.482+0000] {spark_submit.py:571} INFO - at org.apache.spark.sql.delta.metering.DeltaLogging.recordFrameProfile(DeltaLogging.scala:168) ~[delta-spark_2.12-3.2.0.jar:3.2.0]
[2026-08-29T08:20:54.483+0000] {spark_submit.py:571} INFO - at org.apache.spark.sql.delta.metering.DeltaLogging.recordFrameProfile$(DeltaLogging.scala:166) ~[delta-spark_2.12-3.2.0.jar:3.2.0]
[2026-08-29T08:20:54.484+0000] {spark_submit.py:571} INFO - at org.apache.spark.sql.delta.catalog.DeltaCatalog.recordFrameProfile(DeltaCatalog.scala:65) ~[delta-spark_2.12-3.2.0.jar:3.2.0]
[2026-08-29T08:20:54.485+0000] {spark_submit.py:571} INFO - at org.apache.spark.sql.delta.catalog.DeltaCatalog$StagedDeltaTableV2.commitStagedChanges(DeltaCatalog.scala:507) ~[delta-spark_2.12-3.2.0.jar:3.2.0]
[2026-08-29T08:20:54.486+0000] {spark_submit.py:571} INFO - at org.apache.spark.sql.execution.datasources.v2.V2CreateTableAsSelectBaseExec.$anonfun$writeToTable$1(WriteToDataSourceV2Exec.scala:580) ~[spark-sql_2.12-3.5.1.jar:3.5.1]
[2026-08-29T08:20:54.491+0000] {spark_submit.py:571} INFO - at org.apache.spark.util.Utils$.tryWithSafeFinallyAndFailureCallbacks(Utils.scala:1397) ~[spark-core_2.12-3.5.1.jar:3.5.1]
[2026-08-29T08:20:54.492+0000] {spark_submit.py:571} INFO - at org.apache.spark.sql.execution.datasources.v2.V2CreateTableAsSelectBaseExec.writeToTable(WriteToDataSourceV2Exec.scala:573) ~[spark-sql_2.12-3.5.1.jar:3.5.1]
[2026-08-29T08:20:54.493+0000] {spark_submit.py:571} INFO - at org.apache.spark.sql.execution.datasources.v2.V2CreateTableAsSelectBaseExec.writeToTable$(WriteToDataSourceV2Exec.scala:567) ~[spark-sql_2.12-3.5.1.jar:3.5.1]
[2026-08-29T08:20:54.495+0000] {spark_submit.py:571} INFO - at org.apache.spark.sql.execution.datasources.v2.AtomicReplaceTableAsSelectExec.writeToTable(WriteToDataSourceV2Exec.scala:183) ~[spark-sql_2.12-3.5.1.jar:3.5.1]
[2026-08-29T08:20:54.496+0000] {spark_submit.py:571} INFO - at org.apache.spark.sql.execution.datasources.v2.AtomicReplaceTableAsSelectExec.run(WriteToDataSourceV2Exec.scala:216) ~[spark-sql_2.12-3.5.1.jar:3.5.1]
[2026-08-29T08:20:54.497+0000] {spark_submit.py:571} INFO - at org.apache.spark.sql.execution.datasources.v2.V2CommandExec.result$lzycompute(V2CommandExec.scala:43) ~[spark-sql_2.12-3.5.1.jar:3.5.1]
[2026-08-29T08:20:54.498+0000] {spark_submit.py:571} INFO - at org.apache.spark.sql.execution.datasources.v2.V2CommandExec.result(V2CommandExec.scala:43) ~[spark-sql_2.12-3.5.1.jar:3.5.1]
[2026-08-29T08:20:54.499+0000] {spark_submit.py:571} INFO - at org.apache.spark.sql.execution.datasources.v2.V2CommandExec.executeCollect(V2CommandExec.scala:49) ~[spark-sql_2.12-3.5.1.jar:3.5.1]
[2026-08-29T08:20:54.500+0000] {spark_submit.py:571} INFO - at org.apache.spark.sql.execution.QueryExecution$$anonfun$eagerlyExecuteCommands$1.$anonfun$applyOrElse$1(QueryExecution.scala:107) ~[spark-sql_2.12-3.5.1.jar:3.5.1]
[2026-08-29T08:20:54.501+0000] {spark_submit.py:571} INFO - at org.apache.spark.sql.execution.SQLExecution$.$anonfun$withNewExecutionId$6(SQLExecution.scala:125) ~[spark-sql_2.12-3.5.1.jar:3.5.1]
[2026-08-29T08:20:54.502+0000] {spark_submit.py:571} INFO - at org.apache.spark.sql.execution.SQLExecution$.withSQLConfPropagated(SQLExecution.scala:201) ~[spark-sql_2.12-3.5.1.jar:3.5.1]
[2026-08-29T08:20:54.503+0000] {spark_submit.py:571} INFO - at org.apache.spark.sql.execution.SQLExecution$.$anonfun$withNewExecutionId$1(SQLExecution.scala:108) ~[spark-sql_2.12-3.5.1.jar:3.5.1]
[2026-08-29T08:20:54.504+0000] {spark_submit.py:571} INFO - at org.apache.spark.sql.SparkSession.withActive(SparkSession.scala:900) ~[spark-sql_2.12-3.5.1.jar:3.5.1]
[2026-08-29T08:20:54.505+0000] {spark_submit.py:571} INFO - at org.apache.spark.sql.execution.SQLExecution$.withNewExecutionId(SQLExecution.scala:66) ~[spark-sql_2.12-3.5.1.jar:3.5.1]
[2026-08-29T08:20:54.505+0000] {spark_submit.py:571} INFO - at org.apache.spark.sql.execution.QueryExecution$$anonfun$eagerlyExecuteCommands$1.applyOrElse(QueryExecution.scala:107) ~[spark-sql_2.12-3.5.1.jar:3.5.1]
[2026-08-29T08:20:54.506+0000] {spark_submit.py:571} INFO - at org.apache.spark.sql.execution.QueryExecution$$anonfun$eagerlyExecuteCommands$1.applyOrElse(QueryExecution.scala:98) ~[spark-sql_2.12-3.5.1.jar:3.5.1]
[2026-08-29T08:20:54.506+0000] {spark_submit.py:571} INFO - at org.apache.spark.sql.catalyst.trees.TreeNode.$anonfun$transformDownWithPruning$1(TreeNode.scala:461) ~[spark-catalyst_2.12-3.5.1.jar:3.5.1]
[2026-08-29T08:20:54.507+0000] {spark_submit.py:571} INFO - at org.apache.spark.sql.catalyst.trees.CurrentOrigin$.withOrigin(origin.scala:76) [spark-sql-api_2.12-3.5.1.jar:3.5.1]
[2026-08-29T08:20:54.508+0000] {spark_submit.py:571} INFO - at org.apache.spark.sql.catalyst.trees.TreeNode.transformDownWithPruning(TreeNode.scala:461) [spark-catalyst_2.12-3.5.1.jar:3.5.1]
[2026-08-29T08:20:54.509+0000] {spark_submit.py:571} INFO - at org.apache.spark.sql.catalyst.plans.logical.LogicalPlan.org$apache$spark$sql$catalyst$plans$logical$AnalysisHelper$$super$transformDownWithPruning(LogicalPlan.scala:32) [spark-catalyst_2.12-3.5.1.jar:3.5.1]
[2026-08-29T08:20:54.510+0000] {spark_submit.py:571} INFO - at org.apache.spark.sql.catalyst.plans.logical.AnalysisHelper.transformDownWithPruning(AnalysisHelper.scala:267) [spark-catalyst_2.12-3.5.1.jar:3.5.1]
[2026-08-29T08:20:54.511+0000] {spark_submit.py:571} INFO - at org.apache.spark.sql.catalyst.plans.logical.AnalysisHelper.transformDownWithPruning$(AnalysisHelper.scala:263) [spark-catalyst_2.12-3.5.1.jar:3.5.1]
[2026-08-29T08:20:54.512+0000] {spark_submit.py:571} INFO - at org.apache.spark.sql.catalyst.plans.logical.LogicalPlan.transformDownWithPruning(LogicalPlan.scala:32) [spark-catalyst_2.12-3.5.1.jar:3.5.1]
[2026-08-29T08:20:54.513+0000] {spark_submit.py:571} INFO - at org.apache.spark.sql.catalyst.plans.logical.LogicalPlan.transformDownWithPruning(LogicalPlan.scala:32) [spark-catalyst_2.12-3.5.1.jar:3.5.1]
[2026-08-29T08:20:54.513+0000] {spark_submit.py:571} INFO - at org.apache.spark.sql.catalyst.trees.TreeNode.transformDown(TreeNode.scala:437) [spark-catalyst_2.12-3.5.1.jar:3.5.1]
[2026-08-29T08:20:54.515+0000] {spark_submit.py:571} INFO - at org.apache.spark.sql.execution.QueryExecution.eagerlyExecuteCommands(QueryExecution.scala:98) [spark-sql_2.12-3.5.1.jar:3.5.1]
[2026-08-29T08:20:54.515+0000] {spark_submit.py:571} INFO - at org.apache.spark.sql.execution.QueryExecution.commandExecuted$lzycompute(QueryExecution.scala:85) [spark-sql_2.12-3.5.1.jar:3.5.1]
[2026-08-29T08:20:54.516+0000] {spark_submit.py:571} INFO - at org.apache.spark.sql.execution.QueryExecution.commandExecuted(QueryExecution.scala:83) [spark-sql_2.12-3.5.1.jar:3.5.1]
[2026-08-29T08:20:54.517+0000] {spark_submit.py:571} INFO - at org.apache.spark.sql.execution.QueryExecution.assertCommandExecuted(QueryExecution.scala:142) [spark-sql_2.12-3.5.1.jar:3.5.1]
[2026-08-29T08:20:54.517+0000] {spark_submit.py:571} INFO - at org.apache.spark.sql.DataFrameWriter.runCommand(DataFrameWriter.scala:859) [spark-sql_2.12-3.5.1.jar:3.5.1]
[2026-08-29T08:20:54.518+0000] {spark_submit.py:571} INFO - at org.apache.spark.sql.DataFrameWriter.saveAsTable(DataFrameWriter.scala:634) [spark-sql_2.12-3.5.1.jar:3.5.1]
[2026-08-29T08:20:54.519+0000] {spark_submit.py:571} INFO - at org.apache.spark.sql.DataFrameWriter.saveAsTable(DataFrameWriter.scala:568) [spark-sql_2.12-3.5.1.jar:3.5.1]
[2026-08-29T08:20:54.520+0000] {spark_submit.py:571} INFO - at jdk.internal.reflect.NativeMethodAccessorImpl.invoke0(Native Method) ~[?:?]
[2026-08-29T08:20:54.520+0000] {spark_submit.py:571} INFO - at jdk.internal.reflect.NativeMethodAccessorImpl.invoke(NativeMethodAccessorImpl.java:77) ~[?:?]
[2026-08-29T08:20:54.521+0000] {spark_submit.py:571} INFO - at jdk.internal.reflect.DelegatingMethodAccessorImpl.invoke(DelegatingMethodAccessorImpl.java:43) ~[?:?]
[2026-08-29T08:20:54.522+0000] {spark_submit.py:571} INFO - at java.lang.reflect.Method.invoke(Method.java:569) ~[?:?]
[2026-08-29T08:20:54.523+0000] {spark_submit.py:571} INFO - at py4j.reflection.MethodInvoker.invoke(MethodInvoker.java:244) [py4j-0.10.9.7.jar:?]
[2026-08-29T08:20:54.524+0000] {spark_submit.py:571} INFO - at py4j.reflection.ReflectionEngine.invoke(ReflectionEngine.java:374) [py4j-0.10.9.7.jar:?]
[2026-08-29T08:20:54.525+0000] {spark_submit.py:571} INFO - at py4j.Gateway.invoke(Gateway.java:282) [py4j-0.10.9.7.jar:?]
[2026-08-29T08:20:54.526+0000] {spark_submit.py:571} INFO - at py4j.commands.AbstractCommand.invokeMethod(AbstractCommand.java:132) [py4j-0.10.9.7.jar:?]
[2026-08-29T08:20:54.527+0000] {spark_submit.py:571} INFO - at py4j.commands.CallCommand.execute(CallCommand.java:79) [py4j-0.10.9.7.jar:?]
[2026-08-29T08:20:54.528+0000] {spark_submit.py:571} INFO - at py4j.ClientServerConnection.waitForCommands(ClientServerConnection.java:182) [py4j-0.10.9.7.jar:?]
[2026-08-29T08:20:54.529+0000] {spark_submit.py:571} INFO - at py4j.ClientServerConnection.run(ClientServerConnection.java:106) [py4j-0.10.9.7.jar:?]
[2026-08-29T08:20:54.529+0000] {spark_submit.py:571} INFO - at java.lang.Thread.run(Thread.java:840) [?:?]
[2026-08-29T08:20:54.530+0000] {spark_submit.py:571} INFO - Caused by: org.apache.hadoop.hive.ql.metadata.HiveException: Unable to alter table. The following columns have types incompatible with the existing columns in their respective positions :
[2026-08-29T08:20:54.531+0000] {spark_submit.py:571} INFO - session_id
[2026-08-29T08:20:54.532+0000] {spark_submit.py:571} INFO - at org.apache.hadoop.hive.ql.metadata.Hive.alterTable(Hive.java:634) ~[hive-exec-2.3.9-core.jar:2.3.9]
[2026-08-29T08:20:54.532+0000] {spark_submit.py:571} INFO - at org.apache.hadoop.hive.ql.metadata.Hive.alterTable(Hive.java:612) ~[hive-exec-2.3.9-core.jar:2.3.9]
[2026-08-29T08:20:54.533+0000] {spark_submit.py:571} INFO - ... 90 more
[2026-08-29T08:20:54.534+0000] {spark_submit.py:571} INFO - Caused by: org.apache.hadoop.hive.metastore.api.InvalidOperationException: The following columns have types incompatible with the existing columns in their respective positions :
[2026-08-29T08:20:54.534+0000] {spark_submit.py:571} INFO - session_id
[2026-08-29T08:20:54.535+0000] {spark_submit.py:571} INFO - at org.apache.hadoop.hive.metastore.api.ThriftHiveMetastore$alter_table_with_environment_context_result$alter_table_with_environment_context_resultStandardScheme.read(ThriftHiveMetastore.java:59744) ~[hive-metastore-2.3.9.jar:2.3.9]
[2026-08-29T08:20:54.536+0000] {spark_submit.py:571} INFO - at org.apache.hadoop.hive.metastore.api.ThriftHiveMetastore$alter_table_with_environment_context_result$alter_table_with_environment_context_resultStandardScheme.read(ThriftHiveMetastore.java:59730) ~[hive-metastore-2.3.9.jar:2.3.9]
[2026-08-29T08:20:54.537+0000] {spark_submit.py:571} INFO - at org.apache.hadoop.hive.metastore.api.ThriftHiveMetastore$alter_table_with_environment_context_result.read(ThriftHiveMetastore.java:59672) ~[hive-metastore-2.3.9.jar:2.3.9]
[2026-08-29T08:20:54.537+0000] {spark_submit.py:571} INFO - at org.apache.thrift.TServiceClient.receiveBase(TServiceClient.java:88) ~[libthrift-0.12.0.jar:0.12.0]
[2026-08-29T08:20:54.538+0000] {spark_submit.py:571} INFO - at org.apache.hadoop.hive.metastore.api.ThriftHiveMetastore$Client.recv_alter_table_with_environment_context(ThriftHiveMetastore.java:1693) ~[hive-metastore-2.3.9.jar:2.3.9]
[2026-08-29T08:20:54.539+0000] {spark_submit.py:571} INFO - at org.apache.hadoop.hive.metastore.api.ThriftHiveMetastore$Client.alter_table_with_environment_context(ThriftHiveMetastore.java:1677) ~[hive-metastore-2.3.9.jar:2.3.9]
[2026-08-29T08:20:54.540+0000] {spark_submit.py:571} INFO - at org.apache.hadoop.hive.metastore.HiveMetaStoreClient.alter_table_with_environmentContext(HiveMetaStoreClient.java:373) ~[hive-metastore-2.3.9.jar:2.3.9]
[2026-08-29T08:20:54.540+0000] {spark_submit.py:571} INFO - at org.apache.hadoop.hive.ql.metadata.SessionHiveMetaStoreClient.alter_table_with_environmentContext(SessionHiveMetaStoreClient.java:322) ~[hive-exec-2.3.9-core.jar:2.3.9]
[2026-08-29T08:20:54.541+0000] {spark_submit.py:571} INFO - at jdk.internal.reflect.NativeMethodAccessorImpl.invoke0(Native Method) ~[?:?]
[2026-08-29T08:20:54.542+0000] {spark_submit.py:571} INFO - at jdk.internal.reflect.NativeMethodAccessorImpl.invoke(NativeMethodAccessorImpl.java:77) ~[?:?]
[2026-08-29T08:20:54.542+0000] {spark_submit.py:571} INFO - at jdk.internal.reflect.DelegatingMethodAccessorImpl.invoke(DelegatingMethodAccessorImpl.java:43) ~[?:?]
[2026-08-29T08:20:54.543+0000] {spark_submit.py:571} INFO - at java.lang.reflect.Method.invoke(Method.java:569) ~[?:?]
[2026-08-29T08:20:54.545+0000] {spark_submit.py:571} INFO - at org.apache.hadoop.hive.metastore.RetryingMetaStoreClient.invoke(RetryingMetaStoreClient.java:173) ~[hive-metastore-2.3.9.jar:2.3.9]
[2026-08-29T08:20:54.546+0000] {spark_submit.py:571} INFO - at jdk.proxy2.$Proxy38.alter_table_with_environmentContext(Unknown Source) ~[?:?]
[2026-08-29T08:20:54.546+0000] {spark_submit.py:571} INFO - at jdk.internal.reflect.NativeMethodAccessorImpl.invoke0(Native Method) ~[?:?]
[2026-08-29T08:20:54.547+0000] {spark_submit.py:571} INFO - at jdk.internal.reflect.NativeMethodAccessorImpl.invoke(NativeMethodAccessorImpl.java:77) ~[?:?]
[2026-08-29T08:20:54.560+0000] {spark_submit.py:571} INFO - at jdk.internal.reflect.DelegatingMethodAccessorImpl.invoke(DelegatingMethodAccessorImpl.java:43) ~[?:?]
[2026-08-29T08:20:54.564+0000] {spark_submit.py:571} INFO - at java.lang.reflect.Method.invoke(Method.java:569) ~[?:?]
[2026-08-29T08:20:54.568+0000] {spark_submit.py:571} INFO - at org.apache.hadoop.hive.metastore.HiveMetaStoreClient$SynchronizedHandler.invoke(HiveMetaStoreClient.java:2327) ~[hive-metastore-2.3.9.jar:2.3.9]
[2026-08-29T08:20:54.569+0000] {spark_submit.py:571} INFO - at jdk.proxy2.$Proxy38.alter_table_with_environmentContext(Unknown Source) ~[?:?]
[2026-08-29T08:20:54.569+0000] {spark_submit.py:571} INFO - at org.apache.hadoop.hive.ql.metadata.Hive.alterTable(Hive.java:630) ~[hive-exec-2.3.9-core.jar:2.3.9]
[2026-08-29T08:20:54.570+0000] {spark_submit.py:571} INFO - at org.apache.hadoop.hive.ql.metadata.Hive.alterTable(Hive.java:612) ~[hive-exec-2.3.9-core.jar:2.3.9]
[2026-08-29T08:20:54.571+0000] {spark_submit.py:571} INFO - ... 90 more
[2026-08-29T08:20:55.204+0000] {spark_submit.py:571} INFO - [BRONZE] Created bronze.bronze_sessions
[2026-08-29T08:20:55.412+0000] {spark_submit.py:571} INFO - [Bronze] Ingested table sessions: 19315 rows -> bronze.bronze_sessions
[2026-08-29T08:20:55.786+0000] {spark_submit.py:571} INFO - [Watermark] New: 2026-05-31 22:33:03.000001
[2026-08-29T08:20:59.913+0000] {spark_submit.py:571} INFO - [JOB_CONTROL] Insert log success
[2026-08-29T08:21:01.570+0000] {taskinstance.py:441} INFO - ::group::Post task execution logs
[2026-08-29T08:21:01.594+0000] {taskinstance.py:1206} INFO - Marking task as SUCCESS. dag_id=lakehouse_pipeline, task_id=bronze_sessions, run_id=manual__2026-08-29T08:18:38.734104+00:00, execution_date=20260829T081838, start_date=20260829T081947, end_date=20260829T082101
[2026-08-29T08:21:01.643+0000] {local_task_job_runner.py:243} INFO - Task exited with return code 0
[2026-08-29T08:21:01.720+0000] {taskinstance.py:3503} INFO - 1 downstream tasks scheduled from follow-on schedule check
[2026-08-29T08:21:01.727+0000] {local_task_job_runner.py:222} INFO - ::endgroup::
