[2026-08-29T08:26:51.864+0000] {local_task_job_runner.py:120} INFO - ::group::Pre task execution logs
[2026-08-29T08:26:51.917+0000] {taskinstance.py:2076} INFO - Dependencies all met for dep_context=non-requeueable deps ti=<TaskInstance: lakehouse_pipeline.silver_interactions manual__2026-08-29T08:18:38.734104+00:00 [queued]>
[2026-08-29T08:26:51.931+0000] {taskinstance.py:2076} INFO - Dependencies all met for dep_context=requeueable deps ti=<TaskInstance: lakehouse_pipeline.silver_interactions manual__2026-08-29T08:18:38.734104+00:00 [queued]>
[2026-08-29T08:26:51.935+0000] {taskinstance.py:2306} INFO - Starting attempt 1 of 3
[2026-08-29T08:26:51.953+0000] {taskinstance.py:2330} INFO - Executing <Task(SparkSubmitOperator): silver_interactions> on 2026-08-29 08:18:38.734104+00:00
[2026-08-29T08:26:51.964+0000] {standard_task_runner.py:64} INFO - Started process 5261 to run task
[2026-08-29T08:26:51.969+0000] {standard_task_runner.py:90} INFO - Running: ['airflow', 'tasks', 'run', 'lakehouse_pipeline', 'silver_interactions', 'manual__2026-08-29T08:18:38.734104+00:00', '--job-id', '28', '--raw', '--subdir', 'DAGS_FOLDER/lakehouse_pipeline.py', '--cfg-path', '/tmp/tmpg8zeogf7']
[2026-08-29T08:26:51.972+0000] {standard_task_runner.py:91} INFO - Job 28: Subtask silver_interactions
[2026-08-29T08:26:52.094+0000] {task_command.py:426} INFO - Running <TaskInstance: lakehouse_pipeline.silver_interactions manual__2026-08-29T08:18:38.734104+00:00 [running]> on host c6b777e57b46
[2026-08-29T08:26:52.281+0000] {taskinstance.py:2648} INFO - Exporting env vars: AIRFLOW_CTX_DAG_OWNER='data_team' AIRFLOW_CTX_DAG_ID='lakehouse_pipeline' AIRFLOW_CTX_TASK_ID='silver_interactions' AIRFLOW_CTX_EXECUTION_DATE='2026-08-29T08:18:38.734104+00:00' AIRFLOW_CTX_TRY_NUMBER='1' AIRFLOW_CTX_DAG_RUN_ID='manual__2026-08-29T08:18:38.734104+00:00'
[2026-08-29T08:26:52.283+0000] {taskinstance.py:430} INFO - ::endgroup::
[2026-08-29T08:26:52.321+0000] {base.py:84} INFO - Using connection ID 'spark_default' for task execution.
[2026-08-29T08:26:52.324+0000] {spark_submit.py:401} INFO - Spark-Submit cmd: spark-submit --master spark://spark-master:7077 --conf spark.cores.max=1 --conf spark.executor.memory=1g --conf spark.driver.host=airflow-scheduler --conf spark.driver.bindAddress=0.0.0.0 --py-files /opt/spark/utils/job_control.py,/opt/spark/utils/validation.py --name arrow-spark --deploy-mode client /opt/spark/jobs/transform_silver.py --table interactions
[2026-08-29T08:26:52.349+0000] {spark_submit.py:571} INFO - /opt/spark/bin/load-spark-env.sh: line 68: ps: command not found
[2026-08-29T08:26:58.009+0000] {spark_submit.py:571} INFO - 26/08/29 08:26:57 WARN Utils: Service 'SparkUI' could not bind on port 4040. Attempting port 4041.
[2026-08-29T08:27:00.109+0000] {spark_submit.py:571} INFO - --- BẮT ĐẦU TRANSFORM SILVER ---
[2026-08-29T08:27:00.111+0000] {spark_submit.py:571} INFO - 
[2026-08-29T08:27:00.113+0000] {spark_submit.py:571} INFO - ========== SILVER: interactions ==========
[2026-08-29T08:27:24.248+0000] {spark_submit.py:571} INFO - 26/08/29 08:27:24 WARN SparkStringUtils: Truncated the string representation of a plan since it was too large. This behavior can be adjusted by setting 'spark.sql.debug.maxToStringFields'.
[2026-08-29T08:27:42.365+0000] {spark_submit.py:571} INFO - [Silver] interactions: FIRST RUN
[2026-08-29T08:27:42.366+0000] {spark_submit.py:571} INFO - [Watermark] Previous: None
[2026-08-29T08:28:01.529+0000] {spark_submit.py:571} INFO - [VALIDATION] silver_interactions: 100000 -> 100000 rows (0.00% loss)
[2026-08-29T08:28:07.221+0000] {spark_submit.py:571} INFO - [VALIDATION] silver_interactions.dwell_time_non_negative: 0 vi phạm (0.00%)
[2026-08-29T08:28:15.389+0000] {spark_submit.py:571} INFO - 26/08/29 08:28:15 WARN HiveExternalCatalog: Couldn't find corresponding Hive SerDe for data source provider delta. Persisting data source table `spark_catalog`.`silver`.`silver_interactions` into Hive metastore in Spark SQL specific format, which is NOT compatible with Hive.
[2026-08-29T08:28:15.683+0000] {spark_submit.py:571} INFO - [Silver] Created silver.silver_interactions
[2026-08-29T08:28:17.598+0000] {spark_submit.py:571} INFO - [Watermark] New: 2026-08-29 08:25:58.997723
[2026-08-29T08:28:21.247+0000] {spark_submit.py:571} INFO - [JOB_CONTROL] Insert log success
[2026-08-29T08:28:23.287+0000] {spark_submit.py:571} INFO - [Silver] interactions: 100000 rows -> silver.silver_interactions
[2026-08-29T08:28:24.155+0000] {taskinstance.py:441} INFO - ::group::Post task execution logs
[2026-08-29T08:28:24.187+0000] {taskinstance.py:1206} INFO - Marking task as SUCCESS. dag_id=lakehouse_pipeline, task_id=silver_interactions, run_id=manual__2026-08-29T08:18:38.734104+00:00, execution_date=20260829T081838, start_date=20260829T082651, end_date=20260829T082824
[2026-08-29T08:28:24.256+0000] {local_task_job_runner.py:243} INFO - Task exited with return code 0
[2026-08-29T08:28:24.290+0000] {taskinstance.py:3503} INFO - 0 downstream tasks scheduled from follow-on schedule check
[2026-08-29T08:28:24.295+0000] {local_task_job_runner.py:222} INFO - ::endgroup::
