[2026-08-29T08:26:26.777+0000] {local_task_job_runner.py:120} INFO - ::group::Pre task execution logs
[2026-08-29T08:26:26.847+0000] {taskinstance.py:2076} INFO - Dependencies all met for dep_context=non-requeueable deps ti=<TaskInstance: lakehouse_pipeline.bronze_reviews manual__2026-08-29T08:18:38.734104+00:00 [queued]>
[2026-08-29T08:26:26.864+0000] {taskinstance.py:2076} INFO - Dependencies all met for dep_context=requeueable deps ti=<TaskInstance: lakehouse_pipeline.bronze_reviews manual__2026-08-29T08:18:38.734104+00:00 [queued]>
[2026-08-29T08:26:26.868+0000] {taskinstance.py:2306} INFO - Starting attempt 1 of 3
[2026-08-29T08:26:26.895+0000] {taskinstance.py:2330} INFO - Executing <Task(SparkSubmitOperator): bronze_reviews> on 2026-08-29 08:18:38.734104+00:00
[2026-08-29T08:26:26.903+0000] {standard_task_runner.py:64} INFO - Started process 4951 to run task
[2026-08-29T08:26:26.909+0000] {standard_task_runner.py:90} INFO - Running: ['airflow', 'tasks', 'run', 'lakehouse_pipeline', 'bronze_reviews', 'manual__2026-08-29T08:18:38.734104+00:00', '--job-id', '27', '--raw', '--subdir', 'DAGS_FOLDER/lakehouse_pipeline.py', '--cfg-path', '/tmp/tmpez2htfq7']
[2026-08-29T08:26:26.912+0000] {standard_task_runner.py:91} INFO - Job 27: Subtask bronze_reviews
[2026-08-29T08:26:27.011+0000] {task_command.py:426} INFO - Running <TaskInstance: lakehouse_pipeline.bronze_reviews manual__2026-08-29T08:18:38.734104+00:00 [running]> on host c6b777e57b46
[2026-08-29T08:26:27.196+0000] {taskinstance.py:2648} INFO - Exporting env vars: AIRFLOW_CTX_DAG_OWNER='data_team' AIRFLOW_CTX_DAG_ID='lakehouse_pipeline' AIRFLOW_CTX_TASK_ID='bronze_reviews' AIRFLOW_CTX_EXECUTION_DATE='2026-08-29T08:18:38.734104+00:00' AIRFLOW_CTX_TRY_NUMBER='1' AIRFLOW_CTX_DAG_RUN_ID='manual__2026-08-29T08:18:38.734104+00:00'
[2026-08-29T08:26:27.198+0000] {taskinstance.py:430} INFO - ::endgroup::
[2026-08-29T08:26:27.251+0000] {base.py:84} INFO - Using connection ID 'spark_default' for task execution.
[2026-08-29T08:26:27.254+0000] {spark_submit.py:401} INFO - Spark-Submit cmd: spark-submit --master spark://spark-master:7077 --conf spark.cores.max=1 --conf spark.executor.memory=1g --conf spark.driver.host=airflow-scheduler --conf spark.driver.bindAddress=0.0.0.0 --py-files /opt/spark/utils/job_control.py,/opt/spark/utils/validation.py --name arrow-spark --deploy-mode client /opt/spark/jobs/ingest_bronze.py --table reviews
[2026-08-29T08:26:27.295+0000] {spark_submit.py:571} INFO - /opt/spark/bin/load-spark-env.sh: line 68: ps: command not found
[2026-08-29T08:26:35.798+0000] {spark_submit.py:571} INFO - --- BẮT ĐẦU LOAD TỪ DATABASE: reviews ---
[2026-08-29T08:26:57.725+0000] {spark_submit.py:571} INFO - 26/08/29 08:26:57 WARN SparkStringUtils: Truncated the string representation of a plan since it was too large. This behavior can be adjusted by setting 'spark.sql.debug.maxToStringFields'.
[2026-08-29T08:27:17.487+0000] {spark_submit.py:571} INFO - [Watermark] Previous: None
[2026-08-29T08:27:17.488+0000] {spark_submit.py:571} INFO - [Load] First run -> FULL LOAD
[2026-08-29T08:27:17.787+0000] {spark_submit.py:571} INFO - [VALIDATION] bronze.bronze_reviews: schema OK (8 cột)
[2026-08-29T08:27:23.658+0000] {spark_submit.py:571} INFO - 26/08/29 08:27:23 WARN HiveExternalCatalog: Couldn't find corresponding Hive SerDe for data source provider delta. Persisting data source table `spark_catalog`.`bronze`.`bronze_reviews` into Hive metastore in Spark SQL specific format, which is NOT compatible with Hive.
[2026-08-29T08:27:24.052+0000] {spark_submit.py:571} INFO - [BRONZE] Created bronze.bronze_reviews
[2026-08-29T08:27:24.369+0000] {spark_submit.py:571} INFO - [Bronze] Ingested table reviews: 1253 rows -> bronze.bronze_reviews
[2026-08-29T08:27:24.761+0000] {spark_submit.py:571} INFO - [Watermark] New: 2026-06-20 18:45:51.804096
[2026-08-29T08:27:28.467+0000] {spark_submit.py:571} INFO - [JOB_CONTROL] Insert log success
[2026-08-29T08:27:29.861+0000] {taskinstance.py:441} INFO - ::group::Post task execution logs
[2026-08-29T08:27:29.890+0000] {taskinstance.py:1206} INFO - Marking task as SUCCESS. dag_id=lakehouse_pipeline, task_id=bronze_reviews, run_id=manual__2026-08-29T08:18:38.734104+00:00, execution_date=20260829T081838, start_date=20260829T082626, end_date=20260829T082729
[2026-08-29T08:27:29.966+0000] {local_task_job_runner.py:243} INFO - Task exited with return code 0
[2026-08-29T08:27:30.005+0000] {taskinstance.py:3503} INFO - 1 downstream tasks scheduled from follow-on schedule check
[2026-08-29T08:27:30.010+0000] {local_task_job_runner.py:222} INFO - ::endgroup::
